Component: ARM Compiler 5.06 update 5 (build 528) Tool: armlink [4d35e2]

==============================================================================

Section Cross References

    startup_stm32f10x_md.o(STACK) refers (Special) to heapauxi.o(.text) for __use_two_region_memory
    startup_stm32f10x_md.o(HEAP) refers (Special) to heapauxi.o(.text) for __use_two_region_memory
    startup_stm32f10x_md.o(RESET) refers (Special) to heapauxi.o(.text) for __use_two_region_memory
    startup_stm32f10x_md.o(RESET) refers to startup_stm32f10x_md.o(STACK) for __initial_sp
    startup_stm32f10x_md.o(RESET) refers to startup_stm32f10x_md.o(.text) for Reset_Handler
    startup_stm32f10x_md.o(RESET) refers to stm32f10x_it.o(i.NMI_Handler) for NMI_Handler
    startup_stm32f10x_md.o(RESET) refers to stm32f10x_it.o(i.HardFault_Handler) for HardFault_Handler
    startup_stm32f10x_md.o(RESET) refers to stm32f10x_it.o(i.MemManage_Handler) for MemManage_Handler
    startup_stm32f10x_md.o(RESET) refers to stm32f10x_it.o(i.BusFault_Handler) for BusFault_Handler
    startup_stm32f10x_md.o(RESET) refers to stm32f10x_it.o(i.UsageFault_Handler) for UsageFault_Handler
    startup_stm32f10x_md.o(RESET) refers to stm32f10x_it.o(i.SVC_Handler) for SVC_Handler
    startup_stm32f10x_md.o(RESET) refers to stm32f10x_it.o(i.DebugMon_Handler) for DebugMon_Handler
    startup_stm32f10x_md.o(RESET) refers to stm32f10x_it.o(i.PendSV_Handler) for PendSV_Handler
    startup_stm32f10x_md.o(RESET) refers to stm32f10x_it.o(i.SysTick_Handler) for SysTick_Handler
    startup_stm32f10x_md.o(RESET) refers to timer.o(i.TIM3_IRQHandler) for TIM3_IRQHandler
    startup_stm32f10x_md.o(RESET) refers to timer.o(i.TIM4_IRQHandler) for TIM4_IRQHandler
    startup_stm32f10x_md.o(RESET) refers to usart.o(i.USART1_IRQHandler) for USART1_IRQHandler
    startup_stm32f10x_md.o(RESET) refers to esp8266.o(i.USART2_IRQHandler) for USART2_IRQHandler
    startup_stm32f10x_md.o(RESET) refers to usart.o(i.USART3_IRQHandler) for USART3_IRQHandler
    startup_stm32f10x_md.o(.text) refers (Special) to heapauxi.o(.text) for __use_two_region_memory
    startup_stm32f10x_md.o(.text) refers to system_stm32f10x.o(i.SystemInit) for SystemInit
    startup_stm32f10x_md.o(.text) refers to __main.o(!!!main) for __main
    startup_stm32f10x_md.o(.text) refers to startup_stm32f10x_md.o(HEAP) for Heap_Mem
    startup_stm32f10x_md.o(.text) refers to startup_stm32f10x_md.o(STACK) for Stack_Mem
    system_stm32f10x.o(i.SetSysClock) refers to system_stm32f10x.o(i.SetSysClockTo72) for SetSysClockTo72
    system_stm32f10x.o(i.SystemCoreClockUpdate) refers to system_stm32f10x.o(.data) for SystemCoreClock
    system_stm32f10x.o(i.SystemInit) refers to system_stm32f10x.o(i.SetSysClock) for SetSysClock
    stm32f10x_adc.o(i.ADC_DeInit) refers to stm32f10x_rcc.o(i.RCC_APB2PeriphResetCmd) for RCC_APB2PeriphResetCmd
    stm32f10x_bkp.o(i.BKP_DeInit) refers to stm32f10x_rcc.o(i.RCC_BackupResetCmd) for RCC_BackupResetCmd
    stm32f10x_can.o(i.CAN_DeInit) refers to stm32f10x_rcc.o(i.RCC_APB1PeriphResetCmd) for RCC_APB1PeriphResetCmd
    stm32f10x_can.o(i.CAN_GetITStatus) refers to stm32f10x_can.o(i.CheckITStatus) for CheckITStatus
    stm32f10x_cec.o(i.CEC_DeInit) refers to stm32f10x_rcc.o(i.RCC_APB1PeriphResetCmd) for RCC_APB1PeriphResetCmd
    stm32f10x_dac.o(i.DAC_DeInit) refers to stm32f10x_rcc.o(i.RCC_APB1PeriphResetCmd) for RCC_APB1PeriphResetCmd
    stm32f10x_flash.o(i.FLASH_EnableWriteProtection) refers to stm32f10x_flash.o(i.FLASH_WaitForLastOperation) for FLASH_WaitForLastOperation
    stm32f10x_flash.o(i.FLASH_EraseAllBank1Pages) refers to stm32f10x_flash.o(i.FLASH_WaitForLastBank1Operation) for FLASH_WaitForLastBank1Operation
    stm32f10x_flash.o(i.FLASH_EraseAllPages) refers to stm32f10x_flash.o(i.FLASH_WaitForLastOperation) for FLASH_WaitForLastOperation
    stm32f10x_flash.o(i.FLASH_EraseOptionBytes) refers to stm32f10x_flash.o(i.FLASH_GetReadOutProtectionStatus) for FLASH_GetReadOutProtectionStatus
    stm32f10x_flash.o(i.FLASH_EraseOptionBytes) refers to stm32f10x_flash.o(i.FLASH_WaitForLastOperation) for FLASH_WaitForLastOperation
    stm32f10x_flash.o(i.FLASH_ErasePage) refers to stm32f10x_flash.o(i.FLASH_WaitForLastOperation) for FLASH_WaitForLastOperation
    stm32f10x_flash.o(i.FLASH_ProgramHalfWord) refers to stm32f10x_flash.o(i.FLASH_WaitForLastOperation) for FLASH_WaitForLastOperation
    stm32f10x_flash.o(i.FLASH_ProgramOptionByteData) refers to stm32f10x_flash.o(i.FLASH_WaitForLastOperation) for FLASH_WaitForLastOperation
    stm32f10x_flash.o(i.FLASH_ProgramWord) refers to stm32f10x_flash.o(i.FLASH_WaitForLastOperation) for FLASH_WaitForLastOperation
    stm32f10x_flash.o(i.FLASH_ReadOutProtection) refers to stm32f10x_flash.o(i.FLASH_WaitForLastOperation) for FLASH_WaitForLastOperation
    stm32f10x_flash.o(i.FLASH_UserOptionByteConfig) refers to stm32f10x_flash.o(i.FLASH_WaitForLastOperation) for FLASH_WaitForLastOperation
[...]
    _btod_ediv                               0x08001f0d   Thumb Code    42  btod.o(CL$$btod_ediv)
    _btod_emul                               0x08001f37   Thumb Code    42  btod.o(CL$$btod_emul)
    __btod_mult_common                       0x08001f61   Thumb Code   580  btod.o(CL$$btod_mult_common)
    Add_FR                                   0x080021a5   Thumb Code   472  as608_use.o(i.Add_FR)
    BEEP_Init                                0x08002469   Thumb Code    46  beep.o(i.BEEP_Init)
    BEEP_OFF                                 0x0800249d   Thumb Code    12  beep.o(i.BEEP_OFF)
    BEEP_ON                                  0x080024ad   Thumb Code    12  beep.o(i.BEEP_ON)
    BEPP_Turn                                0x080024bd   Thumb Code    32  beep.o(i.BEPP_Turn)
    BusFault_Handler                         0x080024e1   Thumb Code     4  stm32f10x_it.o(i.BusFault_Handler)
    CalulateCRC                              0x080024e5   Thumb Code   108  rc522.o(i.CalulateCRC)
    Check_FR                                 0x08002551   Thumb Code   228  as608_use.o(i.Check_FR)
    ClearBitMask                             0x08002651   Thumb Code    28  rc522.o(i.ClearBitMask)
    DEBUG_LOG                                0x0800266d   Thumb Code    86  usart.o(i.DEBUG_LOG)
    DHT11_Check                              0x080026d9   Thumb Code   102  dht11.o(i.DHT11_Check)
    DHT11_Init                               0x08002745   Thumb Code    54  dht11.o(i.DHT11_Init)
    DHT11_Read_Bit                           0x08002781   Thumb Code    84  dht11.o(i.DHT11_Read_Bit)
    DHT11_Read_Byte                          0x080027d9   Thumb Code    30  dht11.o(i.DHT11_Read_Byte)
    DHT11_Read_Data                          0x080027f7   Thumb Code   110  dht11.o(i.DHT11_Read_Data)
    DHT11_Rst                                0x08002865   Thumb Code    54  dht11.o(i.DHT11_Rst)
    DebugMon_Handler                         0x080028a1   Thumb Code     2  stm32f10x_it.o(i.DebugMon_Handler)
    Del_FR                                   0x080028a5   Thumb Code   168  as608_use.o(i.Del_FR)
    ESP8266_Clear                            0x0800296d   Thumb Code    18  esp8266.o(i.ESP8266_Clear)
    ESP8266_GetIPD                           0x08002989   Thumb Code    66  esp8266.o(i.ESP8266_GetIPD)
    ESP8266_Init                             0x080029d9   Thumb Code   204  esp8266.o(i.ESP8266_Init)
    ESP8266_SendCmd                          0x08002c4d   Thumb Code    76  esp8266.o(i.ESP8266_SendCmd)
    ESP8266_SendData                         0x08002ca1   Thumb Code    46  esp8266.o(i.ESP8266_SendData)
    ESP8266_WaitRecive                       0x08002ce9   Thumb Code    42  esp8266.o(i.ESP8266_WaitRecive)
    EnsureMessage                            0x08002d1d   Thumb Code   140  as608.o(i.EnsureMessage)
    FLASH_Clear                              0x08002f8d   Thumb Code    32  flash.o(i.FLASH_Clear)
    FLASH_ClearFlag                          0x08002fad   Thumb Code     6  stm32f10x_flash.o(i.FLASH_ClearFlag)
    FLASH_ErasePage                          0x08002fb9   Thumb Code    72  stm32f10x_flash.o(i.FLASH_ErasePage)
    FLASH_GetBank1Status                     0x08003005   Thumb Code    48  stm32f10x_flash.o(i.FLASH_GetBank1Status)
    FLASH_Lock                               0x08003039   Thumb Code    14  stm32f10x_flash.o(i.FLASH_Lock)
    FLASH_ProgramHalfWord                    0x0800304d   Thumb Code    60  stm32f10x_flash.o(i.FLASH_ProgramHalfWord)
    FLASH_R                                  0x0800308d   Thumb Code     6  flash.o(i.FLASH_R)
    FLASH_Unlock                             0x08003095   Thumb Code    12  stm32f10x_flash.o(i.FLASH_Unlock)
    FLASH_W                                  0x080030ad   Thumb Code    78  flash.o(i.FLASH_W)
    FLASH_WaitForLastOperation               0x080030fb   Thumb Code    38  stm32f10x_flash.o(i.FLASH_WaitForLastOperation)
    GPIO_Init                                0x08003121   Thumb Code   278  stm32f10x_gpio.o(i.GPIO_Init)
    GPIO_PinRemapConfig                      0x08003239   Thumb Code   138  stm32f10x_gpio.o(i.GPIO_PinRemapConfig)
    GPIO_ReadInputDataBit                    0x080032c9   Thumb Code    18  stm32f10x_gpio.o(i.GPIO_ReadInputDataBit)
    GPIO_ReadOutputDataBit                   0x080032db   Thumb Code    18  stm32f10x_gpio.o(i.GPIO_ReadOutputDataBit)
    GPIO_ResetBits                           0x080032ed   Thumb Code     4  stm32f10x_gpio.o(i.GPIO_ResetBits)
    GPIO_SetBits                             0x080032f1   Thumb Code     4  stm32f10x_gpio.o(i.GPIO_SetBits)
    GPIO_WriteBit                            0x080032f5   Thumb Code    10  stm32f10x_gpio.o(i.GPIO_WriteBit)
    HardFault_Handler                        0x080032ff   Thumb Code     4  stm32f10x_it.o(i.HardFault_Handler)
    Init_ALL                                 0x08003305   Thumb Code   484  main.o(i.Init_ALL)
    Key_GetNum                               0x08003681   Thumb Code   126  key.o(i.Key_GetNum)
    Key_Init                                 0x08003705   Thumb Code    38  key.o(i.Key_Init)
    LED1_OFF                                 0x08003731   Thumb Code    14  led.o(i.LED1_OFF)
    LED1_ON                                  0x08003745   Thumb Code    14  led.o(i.LED1_ON)
    LED1_Turn                                0x08003759   Thumb Code    38  led.o(i.LED1_Turn)
    LED_Init                                 0x08003785   Thumb Code    74  led.o(i.LED_Init)
    MQTT_DeleteBuffer                        0x080037d9   Thumb Code    28  mqttkit.o(i.MQTT_DeleteBuffer)
    MQTT_DumpLength                          0x080037f5   Thumb Code    46  mqttkit.o(i.MQTT_DumpLength)
    MQTT_NewBuffer                           0x08003823   Thumb Code    88  mqttkit.o(i.MQTT_NewBuffer)
    MQTT_PacketConnect                       0x0800387d   Thumb Code   666  mqttkit.o(i.MQTT_PacketConnect)
    MQTT_PacketPublish                       0x08003b1d   Thumb Code   418  mqttkit.o(i.MQTT_PacketPublish)
    MQTT_PacketPublishComp                   0x08003cbf   Thumb Code    72  mqttkit.o(i.MQTT_PacketPublishComp)
    MQTT_PacketPublishRel                    0x08003d07   Thumb Code    72  mqttkit.o(i.MQTT_PacketPublishRel)
    MQTT_PacketSubscribe                     0x08003d4f   Thumb Code   254  mqttkit.o(i.MQTT_PacketSubscribe)
    MQTT_ReadLength                          0x08003e4d   Thumb Code    70  mqttkit.o(i.MQTT_ReadLength)
    MQTT_UnPacketCmd                         0x08003e93   Thumb Code   140  mqttkit.o(i.MQTT_UnPacketCmd)
    MQTT_UnPacketConnectAck                  0x08003f1f   Thumb Code    30  mqttkit.o(i.MQTT_UnPacketConnectAck)
    MQTT_UnPacketPublish                     0x08003f3d   Thumb Code   438  mqttkit.o(i.MQTT_UnPacketPublish)
    MQTT_UnPacketPublishAck                  0x080040fd   Thumb Code    30  mqttkit.o(i.MQTT_UnPacketPublishAck)
    MQTT_UnPacketPublishComp                 0x0800411b   Thumb Code    30  mqttkit.o(i.MQTT_UnPacketPublishComp)
    MQTT_UnPacketPublishRec                  0x08004139   Thumb Code    30  mqttkit.o(i.MQTT_UnPacketPublishRec)
    MQTT_UnPacketPublishRel                  0x08004157   Thumb Code    36  mqttkit.o(i.MQTT_UnPacketPublishRel)
    MQTT_UnPacketRecv                        0x0800417d   Thumb Code   106  mqttkit.o(i.MQTT_UnPacketRecv)
    MQTT_UnPacketSubscribe                   0x080041f1   Thumb Code    52  mqttkit.o(i.MQTT_UnPacketSubscribe)
    MQTT_UnPacketUnSubscribe                 0x08004225   Thumb Code    18  mqttkit.o(i.MQTT_UnPacketUnSubscribe)
    MemManage_Handler                        0x08004255   Thumb Code     4  stm32f10x_it.o(i.MemManage_Handler)
    NMI_Handler                              0x08004259   Thumb Code     2  stm32f10x_it.o(i.NMI_Handler)
    NVIC_Init                                0x0800425d   Thumb Code   100  misc.o(i.NVIC_Init)
    NVIC_PriorityGroupConfig                 0x080042cd   Thumb Code    10  misc.o(i.NVIC_PriorityGroupConfig)
    OLED_Clear                               0x080042e1   Thumb Code    42  oled.o(i.OLED_Clear)
    OLED_I2C_Init                            0x0800430d   Thumb Code    76  oled.o(i.OLED_I2C_Init)
    OLED_I2C_SendByte                        0x0800435d   Thumb Code    80  oled.o(i.OLED_I2C_SendByte)
    OLED_I2C_Start                           0x080043b1   Thumb Code    48  oled.o(i.OLED_I2C_Start)
    OLED_I2C_Stop                            0x080043e5   Thumb Code    36  oled.o(i.OLED_I2C_Stop)
    OLED_Init                                0x0800440d   Thumb Code   174  oled.o(i.OLED_Init)
    OLED_SetCursor                           0x080044bb   Thumb Code    34  oled.o(i.OLED_SetCursor)
    OLED_SetPos                              0x080044dd   Thumb Code    46  oled.o(i.OLED_SetPos)
    OLED_ShowChar                            0x0800450d   Thumb Code   110  oled.o(i.OLED_ShowChar)
    OLED_ShowString                          0x08004581   Thumb Code    40  oled.o(i.OLED_ShowString)
    OLED_WR_Byte                             0x080045a9   Thumb Code    24  oled.o(i.OLED_WR_Byte)
    OLED_WriteCN                             0x080045c1   Thumb Code   154  oled.o(i.OLED_WriteCN)
    OLED_WriteCommand                        0x08004661   Thumb Code    32  oled.o(i.OLED_WriteCommand)
    OLED_WriteData                           0x08004681   Thumb Code    32  oled.o(i.OLED_WriteData)
    OneNet_DevLink                           0x080046a1   Thumb Code   236  onenet.o(i.OneNet_DevLink)
    OneNet_Publish                           0x0800490d   Thumb Code    84  onenet.o(i.OneNet_Publish)
    OneNet_RevPro                            0x08004981   Thumb Code  1696  onenet.o(i.OneNet_RevPro)
    OneNet_Subscribe                         0x08005021   Thumb Code    78  onenet.o(i.OneNet_Subscribe)
    PS_DeletChar                             0x08005089   Thumb Code   108  as608.o(i.PS_DeletChar)
    PS_GenChar                               0x080050f5   Thumb Code    70  as608.o(i.PS_GenChar)
    PS_GetImage                              0x0800513b   Thumb Code    58  as608.o(i.PS_GetImage)
    PS_HandShake                             0x08005175   Thumb Code   140  as608.o(i.PS_HandShake)
    PS_HighSpeedSearch                       0x08005219   Thumb Code   144  as608.o(i.PS_HighSpeedSearch)
    PS_Match                                 0x080052a9   Thumb Code    58  as608.o(i.PS_Match)
    PS_ReadSysPara                           0x080052e5   Thumb Code   168  as608.o(i.PS_ReadSysPara)
    PS_RegModel                              0x080053d5   Thumb Code    58  as608.o(i.PS_RegModel)
    PS_StaGPIO_Init                          0x08005411   Thumb Code    38  as608.o(i.PS_StaGPIO_Init)
    PS_StoreChar                             0x0800543d   Thumb Code    96  as608.o(i.PS_StoreChar)
    PS_ValidTempleteNum                      0x0800549d   Thumb Code   102  as608.o(i.PS_ValidTempleteNum)
    PWM_Init                                 0x0800551d   Thumb Code   146  pwm.o(i.PWM_Init)
    PWM_SetCompare2                          0x080055b5   Thumb Code    16  pwm.o(i.PWM_SetCompare2)
    PcdAntennaOff                            0x080055c5   Thumb Code    12  rc522.o(i.PcdAntennaOff)
    PcdAntennaOn                             0x080055d1   Thumb Code    26  rc522.o(i.PcdAntennaOn)
    PcdAnticoll                              0x080055eb   Thumb Code   112  rc522.o(i.PcdAnticoll)
    PcdComMF522                              0x0800565b   Thumb Code   306  rc522.o(i.PcdComMF522)
    PcdHalt                                  0x0800578d   Thumb Code    50  rc522.o(i.PcdHalt)
    PcdRequest                               0x080057bf   Thumb Code    84  rc522.o(i.PcdRequest)
    PcdReset                                 0x08005815   Thumb Code   134  rc522.o(i.PcdReset)
    PcdSelect                                0x080058a1   Thumb Code   114  rc522.o(i.PcdSelect)
    PendSV_Handler                           0x08005913   Thumb Code     2  stm32f10x_it.o(i.PendSV_Handler)
    RC522_Add_card                           0x08005915   Thumb Code  1564  rc522.o(i.RC522_Add_card)
    RC522_Get_card                           0x08005ff5   Thumb Code   408  rc522.o(i.RC522_Get_card)
    RC522_IO_Init                            0x080062b9   Thumb Code    54  rc522.o(i.RC522_IO_Init)
    RC522_Rm_card                            0x080062fd   Thumb Code   428  rc522.o(i.RC522_Rm_card)
    RCC_APB1PeriphClockCmd                   0x0800654d   Thumb Code    26  stm32f10x_rcc.o(i.RCC_APB1PeriphClockCmd)
    RCC_APB1PeriphResetCmd                   0x0800656d   Thumb Code    26  stm32f10x_rcc.o(i.RCC_APB1PeriphResetCmd)
    RCC_APB2PeriphClockCmd                   0x0800658d   Thumb Code    26  stm32f10x_rcc.o(i.RCC_APB2PeriphClockCmd)
    RCC_APB2PeriphResetCmd                   0x080065ad   Thumb Code    26  stm32f10x_rcc.o(i.RCC_APB2PeriphResetCmd)
    RCC_GetClocksFreq                        0x080065cd   Thumb Code   192  stm32f10x_rcc.o(i.RCC_GetClocksFreq)
    ReadRawRC                                0x080066a1   Thumb Code    68  rc522.o(i.ReadRawRC)
    Read_Card                                0x080066ed   Thumb Code   188  rc522.o(i.Read_Card)
    SPI_Cmd                                  0x080067c9   Thumb Code    24  stm32f10x_spi.o(i.SPI_Cmd)
    SPI_Configuration                        0x080067e1   Thumb Code    94  spi_driver.o(i.SPI_Configuration)
    SPI_Init                                 0x080068cd   Thumb Code    60  stm32f10x_spi.o(i.SPI_Init)
    SPI_ReadNBytes                           0x08006935   Thumb Code    94  spi_driver.o(i.SPI_ReadNBytes)
    SPI_SSOutputCmd                          0x08006993   Thumb Code    24  stm32f10x_spi.o(i.SPI_SSOutputCmd)
    SPI_WriteNBytes                          0x080069ab   Thumb Code    96  spi_driver.o(i.SPI_WriteNBytes)
    SVC_Handler                              0x08006a0b   Thumb Code     2  stm32f10x_it.o(i.SVC_Handler)
    Servo_Init                               0x08006a8f   Thumb Code     8  servo.o(i.Servo_Init)
    Servo_SetAngle                           0x08006a99   Thumb Code    48  servo.o(i.Servo_SetAngle)
    SetBitMask                               0x08006ad5   Thumb Code    28  rc522.o(i.SetBitMask)
    ShowErrMessage                           0x08006bd9   Thumb Code    22  as608_use.o(i.ShowErrMessage)
    SysTick_Handler                          0x08006c05   Thumb Code     2  stm32f10x_it.o(i.SysTick_Handler)
    SystemInit                               0x08006c09   Thumb Code    78  system_stm32f10x.o(i.SystemInit)
    TIM3_IRQHandler                          0x08006c69   Thumb Code    60  timer.o(i.TIM3_IRQHandler)
    TIM3_Int_Init                            0x08006cb1   Thumb Code    90  timer.o(i.TIM3_Int_Init)
    TIM4_IRQHandler                          0x08006d11   Thumb Code    42  timer.o(i.TIM4_IRQHandler)
    TIM4_Int_Init                            0x08006d45   Thumb Code    90  timer.o(i.TIM4_Int_Init)
    TIM_ClearITPendingBit                    0x08006da5   Thumb Code     6  stm32f10x_tim.o(i.TIM_ClearITPendingBit)
    TIM_Cmd                                  0x08006dab   Thumb Code    24  stm32f10x_tim.o(i.TIM_Cmd)
    TIM_GetITStatus                          0x08006dc3   Thumb Code    34  stm32f10x_tim.o(i.TIM_GetITStatus)
    TIM_ITConfig                             0x08006de5   Thumb Code    18  stm32f10x_tim.o(i.TIM_ITConfig)
    TIM_InternalClockConfig                  0x08006df7   Thumb Code    12  stm32f10x_tim.o(i.TIM_InternalClockConfig)
    TIM_OC2Init                              0x08006e05   Thumb Code   154  stm32f10x_tim.o(i.TIM_OC2Init)
    TIM_OCStructInit                         0x08006ea9   Thumb Code    20  stm32f10x_tim.o(i.TIM_OCStructInit)
    TIM_SetCompare2                          0x08006ebd   Thumb Code     4  stm32f10x_tim.o(i.TIM_SetCompare2)
    TIM_SetCounter                           0x08006ec1   Thumb Code     4  stm32f10x_tim.o(i.TIM_SetCounter)
    TIM_TimeBaseInit                         0x08006ec5   Thumb Code   122  stm32f10x_tim.o(i.TIM_TimeBaseInit)
    USART1_IRQHandler                        0x08006f69   Thumb Code    24  usart.o(i.USART1_IRQHandler)
    USART1_Init                              0x08006f85   Thumb Code   166  usart.o(i.USART1_Init)
    USART2_IRQHandler                        0x08007035   Thumb Code    62  esp8266.o(i.USART2_IRQHandler)
    USART2_Init                              0x08007081   Thumb Code   162  usart.o(i.USART2_Init)
    USART3_IRQHandler                        0x0800712d   Thumb Code    96  usart.o(i.USART3_IRQHandler)
    USART3_Init                              0x0800719d   Thumb Code   186  usart.o(i.USART3_Init)
    USART_ClearFlag                          0x08007269   Thumb Code    18  stm32f10x_usart.o(i.USART_ClearFlag)
    USART_Cmd                                0x0800727b   Thumb Code    24  stm32f10x_usart.o(i.USART_Cmd)
    USART_DeInit                             0x08007295   Thumb Code   134  stm32f10x_usart.o(i.USART_DeInit)
    USART_GetFlagStatus                      0x08007331   Thumb Code    26  stm32f10x_usart.o(i.USART_GetFlagStatus)
    USART_GetITStatus                        0x0800734b   Thumb Code    84  stm32f10x_usart.o(i.USART_GetITStatus)
    USART_ITConfig                           0x0800739f   Thumb Code    74  stm32f10x_usart.o(i.USART_ITConfig)
    USART_Init                               0x080073e9   Thumb Code   210  stm32f10x_usart.o(i.USART_Init)
    USART_ReceiveData                        0x080074c1   Thumb Code    10  stm32f10x_usart.o(i.USART_ReceiveData)
    USART_SendData                           0x080074cb   Thumb Code     8  stm32f10x_usart.o(i.USART_SendData)
    UsageFault_Handler                       0x080074d3   Thumb Code     4  stm32f10x_it.o(i.UsageFault_Handler)
    UsartPrintf                              0x080074d7   Thumb Code    72  usart.o(i.UsartPrintf)
    Usart_SendString                         0x0800751f   Thumb Code    50  usart.o(i.Usart_SendString)
    WriteRawRC                               0x08007551   Thumb Code    58  rc522.o(i.WriteRawRC)
    __ARM_fpclassify                         0x08007595   Thumb Code    40  fpclassify.o(i.__ARM_fpclassify)
    __kernel_poly                            0x080075bd   Thumb Code   170  poly.o(i.__kernel_poly)
    __mathlib_dbl_divzero                    0x08007669   Thumb Code    12  dunder.o(i.__mathlib_dbl_divzero)
    __mathlib_dbl_infnan2                    0x08007679   Thumb Code     4  dunder.o(i.__mathlib_dbl_infnan2)
    __mathlib_dbl_invalid                    0x0800767d   Thumb Code    12  dunder.o(i.__mathlib_dbl_invalid)
    __mathlib_dbl_overflow                   0x08007689   Thumb Code    14  dunder.o(i.__mathlib_dbl_overflow)
    __mathlib_dbl_underflow                  0x08007699   Thumb Code    10  dunder.o(i.__mathlib_dbl_underflow)
    _is_digit                                0x080076a9   Thumb Code    14  __printf_wp.o(i._is_digit)
    cJSON_Delete                             0x080076b9   Thumb Code    82  cjson.o(i.cJSON_Delete)
    cJSON_GetErrorPtr                        0x08007711   Thumb Code     6  cjson.o(i.cJSON_GetErrorPtr)
    cJSON_GetObjectItem                      0x0800771d   Thumb Code    30  cjson.o(i.cJSON_GetObjectItem)
    cJSON_Parse                              0x0800775d   Thumb Code    16  cjson.o(i.cJSON_Parse)
    cJSON_ParseWithOpts                      0x0800776d   Thumb Code    96  cjson.o(i.cJSON_ParseWithOpts)
    card_number_certification                0x0800781d   Thumb Code   208  rc522.o(i.card_number_certification)
    close_door                               0x08007909   Thumb Code    10  servo.o(i.close_door)
    delay_ms                                 0x08007913   Thumb Code    24  delay.o(i.delay_ms)
    delay_s                                  0x0800792b   Thumb Code    24  delay.o(i.delay_s)
    delay_us                                 0x08007943   Thumb Code    46  delay.o(i.delay_us)
    main                                     0x08007971   Thumb Code   720  main.o(i.main)
    main1_interface                          0x08007d25   Thumb Code    68  main.o(i.main1_interface)
    main_interface                           0x08007d71   Thumb Code    68  main.o(i.main_interface)
    open_door                                0x08007dbd   Thumb Code    10  servo.o(i.open_door)
    pow                                      0x080084e5   Thumb Code  2512  pow.o(i.pow)
    sqrt                                     0x08008ecf   Thumb Code    76  sqrt.o(i.sqrt)
    unlock_interface                         0x08008f1d   Thumb Code   150  main.o(i.unlock_interface)
    upload_card_number                       0x08008fd5   Thumb Code   342  rc522.o(i.upload_card_number)
    upload_fin_number                        0x08009209   Thumb Code    64  as608_use.o(i.upload_fin_number)
    _get_lc_ctype                            0x08009281   Thumb Code    44  lc_ctype_c.o(locale$$code)
    _get_lc_numeric                          0x080092ad   Thumb Code    44  lc_numeric_c.o(locale$$code)
    __aeabi_dadd                             0x080092d9   Thumb Code     0  daddsub_clz.o(x$fpl$dadd)
    _dadd                                    0x080092d9   Thumb Code   332  daddsub_clz.o(x$fpl$dadd)
    __fpl_dcheck_NaN1                        0x08009429   Thumb Code    10  dcheck1.o(x$fpl$dcheck1)
    __fpl_dcmp_Inf                           0x08009439   Thumb Code    24  dcmpi.o(x$fpl$dcmpinf)
    __aeabi_ddiv                             0x08009451   Thumb Code     0  ddiv.o(x$fpl$ddiv)
    _ddiv                                    0x08009451   Thumb Code   552  ddiv.o(x$fpl$ddiv)
    __aeabi_d2iz                             0x08009701   Thumb Code     0  dfix.o(x$fpl$dfix)
    _dfix                                    0x08009701   Thumb Code    94  dfix.o(x$fpl$dfix)
    __aeabi_i2d                              0x0800975f   Thumb Code     0  dflt_clz.o(x$fpl$dflt)
    _dflt                                    0x0800975f   Thumb Code    46  dflt_clz.o(x$fpl$dflt)
    __aeabi_cdcmple                          0x0800978d   Thumb Code     0  dleqf.o(x$fpl$dleqf)
    _dcmple                                  0x0800978d   Thumb Code   120  dleqf.o(x$fpl$dleqf)
    __fpl_dcmple_InfNaN                      0x080097ef   Thumb Code     0  dleqf.o(x$fpl$dleqf)
    __aeabi_dmul                             0x08009805   Thumb Code     0  dmul.o(x$fpl$dmul)
    _dmul                                    0x08009805   Thumb Code   332  dmul.o(x$fpl$dmul)
    __fpl_dnaninf                            0x08009959   Thumb Code   156  dnaninf.o(x$fpl$dnaninf)
    __fpl_dretinf                            0x080099f5   Thumb Code    12  dretinf.o(x$fpl$dretinf)
    __aeabi_cdrcmple                         0x08009a01   Thumb Code     0  drleqf.o(x$fpl$drleqf)
    _drcmple                                 0x08009a01   Thumb Code   108  drleqf.o(x$fpl$drleqf)
    __aeabi_drsub                            0x08009a6d   Thumb Code     0  daddsub_clz.o(x$fpl$drsb)
    _drsb                                    0x08009a6d   Thumb Code    22  daddsub_clz.o(x$fpl$drsb)
    _dsqrt                                   0x08009a85   Thumb Code   456  dsqrt_noumaal.o(x$fpl$dsqrt)
    __aeabi_dsub                             0x08009c51   Thumb Code     0  daddsub_clz.o(x$fpl$dsub)
    _dsub                                    0x08009c51   Thumb Code   464  daddsub_clz.o(x$fpl$dsub)
    __aeabi_fadd                             0x08009e25   Thumb Code     0  faddsub_clz.o(x$fpl$fadd)
    _fadd                                    0x08009e25   Thumb Code   196  faddsub_clz.o(x$fpl$fadd)
    __aeabi_fdiv                             0x08009ee9   Thumb Code     0  fdiv.o(x$fpl$fdiv)
    _fdiv                                    0x08009ee9   Thumb Code   384  fdiv.o(x$fpl$fdiv)
    __aeabi_f2uiz                            0x0800a06d   Thumb Code     0  ffixu.o(x$fpl$ffixu)
    _ffixu                                   0x0800a06d   Thumb Code    62  ffixu.o(x$fpl$ffixu)
    __aeabi_fmul                             0x0800a0ad   Thumb Code     0  fmul.o(x$fpl$fmul)
    _fmul                                    0x0800a0ad   Thumb Code   258  fmul.o(x$fpl$fmul)
    __fpl_fnaninf                            0x0800a1af   Thumb Code   140  fnaninf.o(x$fpl$fnaninf)
    __fpl_fretinf                            0x0800a23b   Thumb Code    10  fretinf.o(x$fpl$fretinf)
    __aeabi_fsub                             0x0800a245   Thumb Code     0  faddsub_clz.o(x$fpl$fsub)
    _fsub                                    0x0800a245   Thumb Code   234  faddsub_clz.o(x$fpl$fsub)
    _printf_fp_dec                           0x0800a32f   Thumb Code     4  printf1.o(x$fpl$printf1)
    _printf_fp_hex                           0x0800a333   Thumb Code     4  printf2.o(x$fpl$printf2)
    __fpl_return_NaN                         0x0800a337   Thumb Code   100  retnan.o(x$fpl$retnan)
    __ARM_scalbn                             0x0800a39b   Thumb Code    92  scalbn.o(x$fpl$scalbn)
    __fpl_cmpreturn                          0x0800a3f7   Thumb Code    48  trapv.o(x$fpl$trapveneer)
    OLED_F8x16                               0x0800a426   Data        1520  oled.o(.constdata)
    __I$use$fp                               0x0800a426   Number         0  usenofp.o(x$fpl$usenofp)
    F16x16                                   0x0800aa16   Data        6656  oled.o(.constdata)
    devPubTopic                              0x0800c416   Data          12  main.o(.constdata)
    __mathlib_zero                           0x0800c4f8   Data           8  qnan.o(.constdata)
    Region$$Table$$Base                      0x0800c660   Number         0  anon$$obj.o(Region$$Table)
    Region$$Table$$Limit                     0x0800c680   Number         0  anon$$obj.o(Region$$Table)
    __ctype                                  0x0800c68d   Data           0  lc_ctype_c.o(locale$$data)
    USART3_RX_STA                            0x20000014   Data           2  usart.o(.data)
    UI0                                      0x20000016   Data           4  rc522.o(.data)
    UI1                                      0x2000001a   Data           4  rc522.o(.data)
    UI2                                      0x2000001e   Data           4  rc522.o(.data)
    UI3                                      0x20000022   Data           4  rc522.o(.data)
    UID                                      0x20000026   Data           4  rc522.o(.data)
    Temp                                     0x2000002a   Data           4  rc522.o(.data)
    tempcard                                 0x2000002e   Data           1  rc522.o(.data)
    Card_Type1                               0x2000002f   Data           2  rc522.o(.data)
    Card_ID                                  0x20000031   Data           4  rc522.o(.data)
    Card_KEY                                 0x20000035   Data           6  rc522.o(.data)
    status                                   0x2000003b   Data           1  rc522.o(.data)
    flag                                     0x2000003c   Data           1  rc522.o(.data)
    Run_flag                                 0x2000003d   Data           1  rc522.o(.data)
    Lock_flag                                0x2000003e   Data           1  rc522.o(.data)
    led0pwmval                               0x20000040   Data           2  rc522.o(.data)
    dir                                      0x20000042   Data           1  rc522.o(.data)
    Err_Count                                0x20000043   Data           1  rc522.o(.data)
    AS608Addr                                0x20000044   Data           4  as608.o(.data)
    ValidN                                   0x20000048   Data           2  as608_use.o(.data)
    KeyNum                                   0x2000004c   Data           1  main.o(.data)
    Angle                                    0x20000050   Data           4  main.o(.data)
    Line                                     0x20000054   Data           1  main.o(.data)
    lock                                     0x20000055   Data           1  main.o(.data)
    ESP8266_INIT_OK                          0x20000056   Data           1  main.o(.data)
    interface_logo                           0x20000057   Data           1  main.o(.data)
    Led_Status                               0x20000058   Data           1  main.o(.data)
    Power_Status                             0x20000059   Data           1  main.o(.data)
    Beep_Status                              0x2000005a   Data           1  main.o(.data)
    Fail_Num                                 0x2000005b   Data           1  main.o(.data)
    upload_card_number_flag                  0x2000005c   Data           1  main.o(.data)
    upload_fin_number_flag                   0x2000005d   Data           1  main.o(.data)
    devSubTopic                              0x20000060   Data           4  main.o(.data)
    humidityH                                0x20000064   Data           1  main.o(.data)
    humidityL                                0x20000065   Data           1  main.o(.data)
    temperatureH                             0x20000066   Data           1  main.o(.data)
    temperatureL                             0x20000067   Data           1  main.o(.data)
    esp8266_cnt                              0x20000074   Data           2  esp8266.o(.data)
    esp8266_cntPre                           0x20000076   Data           2  esp8266.o(.data)
    alarmFlag                                0x20000078   Data           1  onenet.o(.data)
    alarm_is_free                            0x20000079   Data           1  onenet.o(.data)
    USART3_RX_BUF                            0x2000007c   Data         400  usart.o(.bss)
    USART3_TX_BUF                            0x2000020c   Data         400  usart.o(.bss)
    AS608Para                                0x2000039c   Data          12  as608_use.o(.bss)
    oledBuf                                  0x200003a8   Data         128  main.o(.bss)
    PUB_BUF                                  0x20000428   Data         256  main.o(.bss)
    esp8266_buf                              0x20000528   Data         128  esp8266.o(.bss)
    __libspace_start                         0x200005a8   Data          96  libspace.o(.bss)
    __temporary_stack_top$libspace           0x20000608   Data           0  libspace.o(.bss)



==============================================================================

Memory Map of the image

  Image Entry point : 0x080000ed

  Load Region LR_IROM1 (Base: 0x08000000, Size: 0x0000c828, Max: 0x00010000, ABSOLUTE)

    Execution Region ER_IROM1 (Exec base: 0x08000000, Load base: 0x08000000, Size: 0x0000c7ac, Max: 0x00010000, ABSOLUTE)

    Exec Addr    Load Addr    Size         Type   Attr      Idx    E Section Name        Object

    0x08000000   0x08000000   0x000000ec   Data   RO            3    RESET               startup_stm32f10x_md.o
    0x080000ec   0x080000ec   0x00000008   Code   RO         5141  * !!!main             c_w.l(__main.o)
    0x080000f4   0x080000f4   0x00000034   Code   RO         5571    !!!scatter          c_w.l(__scatter.o)
    0x08000128   0x08000128   0x0000001a   Code   RO         5573    !!handler_copy      c_w.l(__scatter_copy.o)
    0x08000142   0x08000142   0x00000002   PAD
    0x08000144   0x08000144   0x0000001c   Code   RO         5575    !!handler_zi        c_w.l(__scatter_zi.o)
    0x08000160   0x08000160   0x00000000   Code   RO         5116    .ARM.Collect$$_printf_percent$$00000000  c_w.l(_printf_percent.o)
    0x08000160   0x08000160   0x00000006   Code   RO         5266    .ARM.Collect$$_printf_percent$$00000001  c_w.l(_printf_n.o)
    0x08000166   0x08000166   0x00000006   Code   RO         5267    .ARM.Collect$$_printf_percent$$00000002  c_w.l(_printf_p.o)
    0x0800016c   0x0800016c   0x00000006   Code   RO         5114    .ARM.Collect$$_printf_percent$$00000003  c_w.l(_printf_f.o)
    0x08000172   0x08000172   0x00000006   Code   RO         5115    .ARM.Collect$$_printf_percent$$00000004  c_w.l(_printf_e.o)
    0x08000178   0x08000178   0x00000006   Code   RO         5271    .ARM.Collect$$_printf_percent$$00000005  c_w.l(_printf_g.o)
    0x0800017e   0x0800017e   0x00000006   Code   RO         5272    .ARM.Collect$$_printf_percent$$00000006  c_w.l(_printf_a.o)
    0x08000184   0x08000184   0x0000000a   Code   RO         5277    .ARM.Collect$$_printf_percent$$00000007  c_w.l(_printf_ll.o)
    0x0800018e   0x0800018e   0x00000006   Code   RO         5269    .ARM.Collect$$_printf_percent$$00000008  c_w.l(_printf_i.o)
    0x08000194   0x08000194   0x00000006   Code   RO         5113    .ARM.Collect$$_printf_percent$$00000009  c_w.l(_printf_d.o)
    0x0800019a   0x0800019a   0x00000006   Code   RO         5270    .ARM.Collect$$_printf_percent$$0000000A  c_w.l(_printf_u.o)
    0x080001a0   0x080001a0   0x00000006   Code   RO         5268    .ARM.Collect$$_printf_percent$$0000000B  c_w.l(_printf_o.o)
    0x080001a6   0x080001a6   0x00000006   Code   RO         5112    .ARM.Collect$$_printf_percent$$0000000C  c_w.l(_printf_x.o)
    0x080001ac   0x080001ac   0x00000006   Code   RO         5274    .ARM.Collect$$_printf_percent$$0000000D  c_w.l(_printf_lli.o)
    0x080001b2   0x080001b2   0x00000006   Code   RO         5275    .ARM.Collect$$_printf_percent$$0000000E  c_w.l(_printf_lld.o)
    0x080001b8   0x080001b8   0x00000006   Code   RO         5276    .ARM.Collect$$_printf_percent$$0000000F  c_w.l(_printf_llu.o)
    0x080001be   0x080001be   0x00000006   Code   RO         5281    .ARM.Collect$$_printf_percent$$00000010  c_w.l(_printf_llo.o)
    0x080001c4   0x080001c4   0x00000006   Code   RO         5282    .ARM.Collect$$_printf_percent$$00000011  c_w.l(_printf_llx.o)
    0x080001ca   0x080001ca   0x0000000a   Code   RO         5278    .ARM.Collect$$_printf_percent$$00000012  c_w.l(_printf_l.o)
    0x080001d4   0x080001d4   0x00000006   Code   RO         5265    .ARM.Collect$$_printf_percent$$00000013  c_w.l(_printf_c.o)
    0x080001da   0x080001da   0x00000006   Code   RO         5111    .ARM.Collect$$_printf_percent$$00000014  c_w.l(_printf_s.o)
    0x080001e0   0x080001e0   0x00000006   Code   RO         5279    .ARM.Collect$$_printf_percent$$00000015  c_w.l(_printf_lc.o)
    0x080001e6   0x080001e6   0x00000006   Code   RO         5280    .ARM.Collect$$_printf_percent$$00000016  c_w.l(_printf_ls.o)
    0x080001ec   0x080001ec   0x00000004   Code   RO         5273    .ARM.Collect$$_printf_percent$$00000017  c_w.l(_printf_percent_end.o)
    0x080001f0   0x080001f0   0x00000002   Code   RO         5506    .ARM.Collect$$libinit$$00000000  c_w.l(libinit.o)
    0x080001f2   0x080001f2   0x00000000   Code   RO         5288    .ARM.Collect$$libinit$$00000002  c_w.l(libinit2.o)
    0x080001f2   0x080001f2   0x00000000   Code   RO         5290    .ARM.Collect$$libinit$$00000004  c_w.l(libinit2.o)
    0x080001f2   0x080001f2   0x00000008   Code   RO         5291    .ARM.Collect$$libinit$$00000005  c_w.l(libinit2.o)
    0x080001fa   0x080001fa   0x00000000   Code   RO         5293    .ARM.Collect$$libinit$$0000000A  c_w.l(libinit2.o)
    0x080001fa   0x080001fa   0x00000000   Code   RO         5295    .ARM.Collect$$libinit$$0000000C  c_w.l(libinit2.o)
    0x080001fa   0x080001fa   0x00000000   Code   RO         5297    .ARM.Collect$$libinit$$0000000E  c_w.l(libinit2.o)
    0x080001fa   0x080001fa   0x00000006   Code   RO         5298    .ARM.Collect$$libinit$$0000000F  c_w.l(libinit2.o)
    0x08000200   0x08000200   0x00000000   Code   RO         5300    .ARM.Collect$$libinit$$00000011  c_w.l(libinit2.o)
    0x08000200   0x08000200   0x0000000c   Code   RO         5301    .ARM.Collect$$libinit$$00000012  c_w.l(libinit2.o)
    0x0800020c   0x0800020c   0x00000000   Code   RO         5302    .ARM.Collect$$libinit$$00000013  c_w.l(libinit2.o)
    0x0800020c   0x0800020c   0x00000000   Code   RO         5304    .ARM.Collect$$libinit$$00000015  c_w.l(libinit2.o)
    0x0800020c   0x0800020c   0x0000000a   Code   RO         5305    .ARM.Collect$$libinit$$00000016  c_w.l(libinit2.o)
    0x08000216   0x08000216   0x00000000   Code   RO         5306    .ARM.Collect$$libinit$$00000017  c_w.l(libinit2.o)
    0x08000216   0x08000216   0x00000000   Code   RO         5308    .ARM.Collect$$libinit$$00000019  c_w.l(libinit2.o)
    0x08000216   0x08000216   0x00000000   Code   RO         5310    .ARM.Collect$$libinit$$0000001B  c_w.l(libinit2.o)
    0x08000216   0x08000216   0x00000000   Code   RO         5312    .ARM.Collect$$libinit$$0000001D  c_w.l(libinit2.o)
    0x08000216   0x08000216   0x00000000   Code   RO         5314    .ARM.Collect$$libinit$$0000001F  c_w.l(libinit2.o)
    0x08000216   0x08000216   0x00000000   Code   RO         5316    .ARM.Collect$$libinit$$00000021  c_w.l(libinit2.o)
    0x08000216   0x08000216   0x00000000   Code   RO         5318    .ARM.Collect$$libinit$$00000023  c_w.l(libinit2.o)
    0x08000216   0x08000216   0x00000000   Code   RO         5320    .ARM.Collect$$libinit$$00000025  c_w.l(libinit2.o)
    0x08000216   0x08000216   0x00000000   Code   RO         5324    .ARM.Collect$$libinit$$0000002C  c_w.l(libinit2.o)
    0x08000216   0x08000216   0x00000000   Code   RO         5326    .ARM.Collect$$libinit$$0000002E  c_w.l(libinit2.o)
    0x08000216   0x08000216   0x00000000   Code   RO         5328    .ARM.Collect$$libinit$$00000030  c_w.l(libinit2.o)
    0x08000216   0x08000216   0x00000000   Code   RO         5330    .ARM.Collect$$libinit$$00000032  c_w.l(libinit2.o)
    0x08000216   0x08000216   0x00000002   Code   RO         5331    .ARM.Collect$$libinit$$00000033  c_w.l(libinit2.o)
    0x08000218   0x08000218   0x00000002   Code   RO         5568    .ARM.Collect$$libshutdown$$00000000  c_w.l(libshutdown.o)
    0x0800021a   0x0800021a   0x00000000   Code   RO         5522    .ARM.Collect$$libshutdown$$00000002  c_w.l(libshutdown2.o)
    0x0800021a   0x0800021a   0x00000000   Code   RO         5524    .ARM.Collect$$libshutdown$$00000004  c_w.l(libshutdown2.o)
    0x0800021a   0x0800021a   0x00000000   Code   RO         5527    .ARM.Collect$$libshutdown$$00000007  c_w.l(libshutdown2.o)
    0x0800021a   0x0800021a   0x00000000   Code   RO         5530    .ARM.Collect$$libshutdown$$0000000A  c_w.l(libshutdown2.o)
    0x0800021a   0x0800021a   0x00000000   Code   RO         5532    .ARM.Collect$$libshutdown$$0000000C  c_w.l(libshutdown2.o)
    0x0800021a   0x0800021a   0x00000000   Code   RO         5535    .ARM.Collect$$libshutdown$$0000000F  c_w.l(libshutdown2.o)
    0x0800021a   0x0800021a   0x00000002   Code   RO         5536    .ARM.Collect$$libshutdown$$00000010  c_w.l(libshutdown2.o)
    0x0800021c   0x0800021c   0x00000000   Code   RO         5203    .ARM.Collect$$rtentry$$00000000  c_w.l(__rtentry.o)
    0x0800021c   0x0800021c   0x00000000   Code   RO         5388    .ARM.Collect$$rtentry$$00000002  c_w.l(__rtentry2.o)
    0x0800021c   0x0800021c   0x00000006   Code   RO         5400    .ARM.Collect$$rtentry$$00000004  c_w.l(__rtentry4.o)
    0x08000222   0x08000222   0x00000000   Code   RO         5390    .ARM.Collect$$rtentry$$00000009  c_w.l(__rtentry2.o)
    0x08000222   0x08000222   0x00000004   Code   RO         5391    .ARM.Collect$$rtentry$$0000000A  c_w.l(__rtentry2.o)
    0x08000226   0x08000226   0x00000000   Code   RO         5393    .ARM.Collect$$rtentry$$0000000C  c_w.l(__rtentry2.o)
    0x08000226   0x08000226   0x00000008   Code   RO         5394    .ARM.Collect$$rtentry$$0000000D  c_w.l(__rtentry2.o)
    0x0800022e   0x0800022e   0x00000002   Code   RO         5511    .ARM.Collect$$rtexit$$00000000  c_w.l(rtexit.o)
    0x08000230   0x08000230   0x00000000   Code   RO         5542    .ARM.Collect$$rtexit$$00000002  c_w.l(rtexit2.o)
    0x08000230   0x08000230   0x00000004   Code   RO         5543    .ARM.Collect$$rtexit$$00000003  c_w.l(rtexit2.o)
    0x08000234   0x08000234   0x00000006   Code   RO         5544    .ARM.Collect$$rtexit$$00000004  c_w.l(rtexit2.o)
    0x0800023a   0x0800023a   0x00000002   PAD
    0x0800023c   0x0800023c   0x00000000   Code   RO         5409    .emb_text           c_w.l(maybetermalloc1.o)
    0x0800023c   0x0800023c   0x00000040   Code   RO            4    .text               startup_stm32f10x_md.o
    0x0800027c   0x0800027c   0x0000005e   Code   RO         4996    .text               c_w.l(h1_alloc.o)
    0x080002da   0x080002da   0x0000004e   Code   RO         4998    .text               c_w.l(h1_free.o)
    0x08000328   0x08000328   0x0000001a   Code   RO         5054    .text               c_w.l(tolower.o)
    0x08000342   0x08000342   0x00000002   PAD
    0x08000344   0x08000344   0x00000034   Code   RO         5056    .text               c_w.l(vsnprintf.o)
    0x08000378   0x08000378   0x0000002c   Code   RO         5058    .text               c_w.l(__2sprintf.o)
    0x080003a4   0x080003a4   0x0000004e   Code   RO         5064    .text               c_w.l(_printf_pad.o)
    0x080003f2   0x080003f2   0x00000052   Code   RO         5066    .text               c_w.l(_printf_str.o)
    0x08000444   0x08000444   0x00000078   Code   RO         5068    .text               c_w.l(_printf_dec.o)
    0x080004bc   0x080004bc   0x00000094   Code   RO         5088    .text               c_w.l(_printf_hex_int_ll_ptr.o)
    0x08000550   0x08000550   0x00000188   Code   RO         5108    .text               c_w.l(__printf_flags_ss_wp.o)
    0x080006d8   0x080006d8   0x0000001a   Code   RO         5117    .text               c_w.l(atoi.o)
    0x080006f2   0x080006f2   0x00000014   Code   RO         5119    .text               c_w.l(strchr.o)
    0x08000706   0x08000706   0x00000024   Code   RO         5121    .text               c_w.l(strncat.o)
    0x0800072a   0x0800072a   0x00000024   Code   RO         5123    .text               c_w.l(strstr.o)
    0x0800074e   0x0800074e   0x0000003e   Code   RO         5127    .text               c_w.l(strlen.o)
    0x0800078c   0x0800078c   0x00000096   Code   RO         5129    .text               c_w.l(strncmp.o)
    0x08000822   0x08000822   0x0000008a   Code   RO         5131    .text               c_w.l(rt_memcpy_v6.o)
    0x080008ac   0x080008ac   0x00000064   Code   RO         5133    .text               c_w.l(rt_memcpy_w.o)
    0x08000910   0x08000910   0x00000044   Code   RO         5135    .text               c_w.l(rt_memclr.o)
    0x08000954   0x08000954   0x0000004e   Code   RO         5137    .text               c_w.l(rt_memclr_w.o)
    0x080009a2   0x080009a2   0x00000006   Code   RO         5139    .text               c_w.l(heapauxi.o)
    0x080009a8   0x080009a8   0x00000010   Code   RO         5204    .text               c_w.l(rt_ctype_table.o)
    0x080009b8   0x080009b8   0x00000008   Code   RO         5209    .text               c_w.l(rt_heap_descriptor_intlibspace.o)
    0x080009c0   0x080009c0   0x00000008   Code   RO         5214    .text               c_w.l(rt_errno_addr_intlibspace.o)
    0x080009c8   0x080009c8   0x00000004   Code   RO         5216    .text               c_w.l(hguard.o)
    0x080009cc   0x080009cc   0x0000008a   Code   RO         5218    .text               c_w.l(init_alloc.o)
    0x08000a56   0x08000a56   0x0000000e   Code   RO         5222    .text               c_w.l(h1_init.o)
    0x08000a64   0x08000a64   0x00000016   Code   RO         5236    .text               c_w.l(_rserrno.o)
    0x08000a7a   0x08000a7a   0x00000024   Code   RO         5238    .text               c_w.l(_printf_truncate.o)
    0x08000a9e   0x08000a9e   0x000000b2   Code   RO         5240    .text               c_w.l(_printf_intcommon.o)
    0x08000b50   0x08000b50   0x00000028   Code   RO         5242    .text               c_w.l(_printf_charcount.o)
    0x08000b78   0x08000b78   0x0000041e   Code   RO         5244    .text               c_w.l(_printf_fp_dec.o)
    0x08000f96   0x08000f96   0x00000002   PAD
    0x08000f98   0x08000f98   0x00000030   Code   RO         5246    .text               c_w.l(_printf_char_common.o)
    0x08000fc8   0x08000fc8   0x0000000a   Code   RO         5248    .text               c_w.l(_sputc.o)
    0x08000fd2   0x08000fd2   0x00000010   Code   RO         5250    .text               c_w.l(_snputc.o)
    0x08000fe2   0x08000fe2   0x0000002c   Code   RO         5252    .text               c_w.l(_printf_char.o)
    0x0800100e   0x0800100e   0x00000002   PAD
    0x08001010   0x08001010   0x000000bc   Code   RO         5254    .text               c_w.l(_printf_wctomb.o)
    0x080010cc   0x080010cc   0x0000007c   Code   RO         5257    .text               c_w.l(_printf_longlong_dec.o)
    0x08001148   0x08001148   0x00000070   Code   RO         5263    .text               c_w.l(_printf_oct_int_ll.o)
    0x080011b8   0x080011b8   0x00000070   Code   RO         5283    .text               c_w.l(strtol.o)
    0x08001228   0x08001228   0x00000008   Code   RO         5384    .text               c_w.l(libspace.o)
    0x08001230   0x08001230   0x00000008   Code   RO         5405    .text               c_w.l(rt_locale_intlibspace.o)
    0x08001238   0x08001238   0x00000034   Code   RO         5411    .text               c_w.l(h1_extend.o)
    0x0800126c   0x0800126c   0x0000008a   Code   RO         5415    .text               c_w.l(lludiv10.o)
    0x080012f6   0x080012f6   0x00000002   PAD
    0x080012f8   0x080012f8   0x000002fc   Code   RO         5417    .text               c_w.l(_printf_fp_hex.o)
    0x080015f4   0x080015f4   0x00000080   Code   RO         5420    .text               c_w.l(_printf_fp_infnan.o)
    0x08001674   0x08001674   0x0000002c   Code   RO         5424    .text               c_w.l(_printf_wchar.o)
    0x080016a0   0x080016a0   0x0000009e   Code   RO         5426    .text               c_w.l(_strtoul.o)
    0x0800173e   0x0800173e   0x00000002   PAD
    0x08001740   0x08001740   0x000000e4   Code   RO         5428    .text               c_w.l(bigflt0.o)
    0x08001824   0x08001824   0x00000040   Code   RO         5453    .text               c_w.l(_wcrtomb.o)
    0x08001864   0x08001864   0x0000000e   Code   RO         5461    .text               c_w.l(defsig_rtmem_outer.o)
    0x08001872   0x08001872   0x00000002   Code   RO         5478    .text               c_w.l(use_no_semi.o)
    0x08001874   0x08001874   0x00000000   Code   RO         5480    .text               c_w.l(indicate_semi.o)
    0x08001874   0x08001874   0x0000004a   Code   RO         5481    .text               c_w.l(sys_stackheap_outer.o)
    0x080018be   0x080018be   0x0000001c   Code   RO         5487    .text               c_w.l(_chval.o)
    0x080018da   0x080018da   0x00000012   Code   RO         5489    .text               c_w.l(exit.o)
    0x080018ec   0x080018ec   0x0000000a   Code   RO         5491    .text               c_w.l(defsig_exit.o)
    0x080018f6   0x080018f6   0x00000002   PAD
    0x080018f8   0x080018f8   0x00000050   Code   RO         5493    .text               c_w.l(defsig_rtmem_inner.o)
    0x08001948   0x08001948   0x00000080   Code   RO         5495    .text               c_w.l(strcmpv7m.o)
    0x080019c8   0x080019c8   0x0000000c   Code   RO         5509    .text               c_w.l(sys_exit.o)
    0x080019d4   0x080019d4   0x00000032   Code   RO         5519    .text               c_w.l(defsig_general.o)
    0x08001a06   0x08001a06   0x0000000e   Code   RO         5539    .text               c_w.l(sys_wrch.o)
    0x08001a14   0x08001a14   0x0000003e   Code   RO         5431    CL$$btod_d2e        c_w.l(btod.o)
    0x08001a52   0x08001a52   0x00000046   Code   RO         5433    CL$$btod_d2e_denorm_low  c_w.l(btod.o)
    0x08001a98   0x08001a98   0x00000060   Code   RO         5432    CL$$btod_d2e_norm_op1  c_w.l(btod.o)
    0x08001af8   0x08001af8   0x00000338   Code   RO         5441    CL$$btod_div_common  c_w.l(btod.o)
    0x08001e30   0x08001e30   0x000000dc   Code   RO         5438    CL$$btod_e2e        c_w.l(btod.o)
    0x08001f0c   0x08001f0c   0x0000002a   Code   RO         5435    CL$$btod_ediv       c_w.l(btod.o)
    0x08001f36   0x08001f36   0x0000002a   Code   RO         5434    CL$$btod_emul       c_w.l(btod.o)
    0x08001f60   0x08001f60   0x00000244   Code   RO         5440    CL$$btod_mult_common  c_w.l(btod.o)
    0x080021a4   0x080021a4   0x000002c4   Code   RO         4041    i.Add_FR            as608_use.o
    0x08002468   0x08002468   0x00000034   Code   RO         3492    i.BEEP_Init         beep.o
    0x0800249c   0x0800249c   0x00000010   Code   RO         3493    i.BEEP_OFF          beep.o
    0x080024ac   0x080024ac   0x00000010   Code   RO         3494    i.BEEP_ON           beep.o
    0x080024bc   0x080024bc   0x00000024   Code   RO         3495    i.BEPP_Turn         beep.o
    0x080024e0   0x080024e0   0x00000004   Code   RO         4263    i.BusFault_Handler  stm32f10x_it.o
    0x080024e4   0x080024e4   0x0000006c   Code   RO         3611    i.CalulateCRC       rc522.o
    0x08002550   0x08002550   0x00000100   Code   RO         4042    i.Check_FR          as608_use.o
    0x08002650   0x08002650   0x0000001c   Code   RO         3612    i.ClearBitMask      rc522.o
    0x0800266c   0x0800266c   0x0000006c   Code   RO         3525    i.DEBUG_LOG         usart.o
    0x080026d8   0x080026d8   0x0000006c   Code   RO         4145    i.DHT11_Check       dht11.o
    0x08002744   0x08002744   0x0000003c   Code   RO         4146    i.DHT11_Init        dht11.o
    0x08002780   0x08002780   0x00000058   Code   RO         4147    i.DHT11_Read_Bit    dht11.o
    0x080027d8   0x080027d8   0x0000001e   Code   RO         4148    i.DHT11_Read_Byte   dht11.o
    0x080027f6   0x080027f6   0x0000006e   Code   RO         4149    i.DHT11_Read_Data   dht11.o
    0x08002864   0x08002864   0x0000003c   Code   RO         4150    i.DHT11_Rst         dht11.o
    0x080028a0   0x080028a0   0x00000002   Code   RO         4264    i.DebugMon_Handler  stm32f10x_it.o
    0x080028a2   0x080028a2   0x00000002   PAD
    0x080028a4   0x080028a4   0x000000c8   Code   RO         4043    i.Del_FR            as608_use.o
    0x0800296c   0x0800296c   0x0000001c   Code   RO         4681    i.ESP8266_Clear     esp8266.o
    0x08002988   0x08002988   0x00000050   Code   RO         4682    i.ESP8266_GetIPD    esp8266.o
    0x080029d8   0x080029d8   0x00000274   Code   RO         4683    i.ESP8266_Init      esp8266.o
    0x08002c4c   0x08002c4c   0x00000054   Code   RO         4684    i.ESP8266_SendCmd   esp8266.o
    0x08002ca0   0x08002ca0   0x00000048   Code   RO         4685    i.ESP8266_SendData  esp8266.o
    0x08002ce8   0x08002ce8   0x00000034   Code   RO         4686    i.ESP8266_WaitRecive  esp8266.o
    0x08002d1c   0x08002d1c   0x00000270   Code   RO         3872    i.EnsureMessage     as608.o
    0x08002f8c   0x08002f8c   0x00000020   Code   RO         3220    i.FLASH_Clear       flash.o
    0x08002fac   0x08002fac   0x0000000c   Code   RO         1041    i.FLASH_ClearFlag   stm32f10x_flash.o
    0x08002fb8   0x08002fb8   0x0000004c   Code   RO         1046    i.FLASH_ErasePage   stm32f10x_flash.o
    0x08003004   0x08003004   0x00000034   Code   RO         1047    i.FLASH_GetBank1Status  stm32f10x_flash.o
    0x08003038   0x08003038   0x00000014   Code   RO         1056    i.FLASH_Lock        stm32f10x_flash.o
    0x0800304c   0x0800304c   0x00000040   Code   RO         1059    i.FLASH_ProgramHalfWord  stm32f10x_flash.o
    0x0800308c   0x0800308c   0x00000006   Code   RO         3221    i.FLASH_R           flash.o
    0x08003092   0x08003092   0x00000002   PAD
    0x08003094   0x08003094   0x00000018   Code   RO         1064    i.FLASH_Unlock      stm32f10x_flash.o
    0x080030ac   0x080030ac   0x0000004e   Code   RO         3222    i.FLASH_W           flash.o
    0x080030fa   0x080030fa   0x00000026   Code   RO         1068    i.FLASH_WaitForLastOperation  stm32f10x_flash.o
    0x08003120   0x08003120   0x00000116   Code   RO         1347    i.GPIO_Init         stm32f10x_gpio.o
    0x08003236   0x08003236   0x00000002   PAD
    0x08003238   0x08003238   0x00000090   Code   RO         1349    i.GPIO_PinRemapConfig  stm32f10x_gpio.o
    0x080032c8   0x080032c8   0x00000012   Code   RO         1351    i.GPIO_ReadInputDataBit  stm32f10x_gpio.o
    0x080032da   0x080032da   0x00000012   Code   RO         1353    i.GPIO_ReadOutputDataBit  stm32f10x_gpio.o
    0x080032ec   0x080032ec   0x00000004   Code   RO         1354    i.GPIO_ResetBits    stm32f10x_gpio.o
    0x080032f0   0x080032f0   0x00000004   Code   RO         1355    i.GPIO_SetBits      stm32f10x_gpio.o
    0x080032f4   0x080032f4   0x0000000a   Code   RO         1358    i.GPIO_WriteBit     stm32f10x_gpio.o
    0x080032fe   0x080032fe   0x00000004   Code   RO         4265    i.HardFault_Handler  stm32f10x_it.o
    0x08003302   0x08003302   0x00000002   PAD
    0x08003304   0x08003304   0x000002f4   Code   RO         4190    i.Init_ALL          main.o
    0x080035f8   0x080035f8   0x00000088   Code   RO         3873    i.JudgeStr          as608.o
    0x08003680   0x08003680   0x00000084   Code   RO         3274    i.Key_GetNum        key.o
    0x08003704   0x08003704   0x0000002c   Code   RO         3275    i.Key_Init          key.o
    0x08003730   0x08003730   0x00000014   Code   RO         3244    i.LED1_OFF          led.o
    0x08003744   0x08003744   0x00000014   Code   RO         3245    i.LED1_ON           led.o
    0x08003758   0x08003758   0x0000002c   Code   RO         3246    i.LED1_Turn         led.o
    0x08003784   0x08003784   0x00000054   Code   RO         3247    i.LED_Init          led.o
    0x080037d8   0x080037d8   0x0000001c   Code   RO         4740    i.MQTT_DeleteBuffer  mqttkit.o
    0x080037f4   0x080037f4   0x0000002e   Code   RO         4741    i.MQTT_DumpLength   mqttkit.o
    0x08003822   0x08003822   0x00000058   Code   RO         4742    i.MQTT_NewBuffer    mqttkit.o
    0x0800387a   0x0800387a   0x00000002   PAD
    0x0800387c   0x0800387c   0x000002a0   Code   RO         4744    i.MQTT_PacketConnect  mqttkit.o
    0x08003b1c   0x08003b1c   0x000001a2   Code   RO         4747    i.MQTT_PacketPublish  mqttkit.o
    0x08003cbe   0x08003cbe   0x00000048   Code   RO         4749    i.MQTT_PacketPublishComp  mqttkit.o
    0x08003d06   0x08003d06   0x00000048   Code   RO         4751    i.MQTT_PacketPublishRel  mqttkit.o
    0x08003d4e   0x08003d4e   0x000000fe   Code   RO         4754    i.MQTT_PacketSubscribe  mqttkit.o
    0x08003e4c   0x08003e4c   0x00000046   Code   RO         4756    i.MQTT_ReadLength   mqttkit.o
    0x08003e92   0x08003e92   0x0000008c   Code   RO         4757    i.MQTT_UnPacketCmd  mqttkit.o
    0x08003f1e   0x08003f1e   0x0000001e   Code   RO         4758    i.MQTT_UnPacketConnectAck  mqttkit.o
    0x08003f3c   0x08003f3c   0x000001c0   Code   RO         4759    i.MQTT_UnPacketPublish  mqttkit.o
    0x080040fc   0x080040fc   0x0000001e   Code   RO         4760    i.MQTT_UnPacketPublishAck  mqttkit.o
    0x0800411a   0x0800411a   0x0000001e   Code   RO         4761    i.MQTT_UnPacketPublishComp  mqttkit.o
    0x08004138   0x08004138   0x0000001e   Code   RO         4762    i.MQTT_UnPacketPublishRec  mqttkit.o
    0x08004156   0x08004156   0x00000024   Code   RO         4763    i.MQTT_UnPacketPublishRel  mqttkit.o
    0x0800417a   0x0800417a   0x00000002   PAD
    0x0800417c   0x0800417c   0x00000074   Code   RO         4764    i.MQTT_UnPacketRecv  mqttkit.o
    0x080041f0   0x080041f0   0x00000034   Code   RO         4765    i.MQTT_UnPacketSubscribe  mqttkit.o
    0x08004224   0x08004224   0x00000012   Code   RO         4766    i.MQTT_UnPacketUnSubscribe  mqttkit.o
    0x08004236   0x08004236   0x00000002   PAD
    0x08004238   0x08004238   0x0000001c   Code   RO         3874    i.MYUSART_SendData  as608.o
    0x08004254   0x08004254   0x00000004   Code   RO         4266    i.MemManage_Handler  stm32f10x_it.o
    0x08004258   0x08004258   0x00000002   Code   RO         4267    i.NMI_Handler       stm32f10x_it.o
    0x0800425a   0x0800425a   0x00000002   PAD
    0x0800425c   0x0800425c   0x00000070   Code   RO          137    i.NVIC_Init         misc.o
    0x080042cc   0x080042cc   0x00000014   Code   RO          138    i.NVIC_PriorityGroupConfig  misc.o
    0x080042e0   0x080042e0   0x0000002a   Code   RO         3295    i.OLED_Clear        oled.o
    0x0800430a   0x0800430a   0x00000002   PAD
    0x0800430c   0x0800430c   0x00000050   Code   RO         3296    i.OLED_I2C_Init     oled.o
    0x0800435c   0x0800435c   0x00000054   Code   RO         3297    i.OLED_I2C_SendByte  oled.o
    0x080043b0   0x080043b0   0x00000034   Code   RO         3298    i.OLED_I2C_Start    oled.o
    0x080043e4   0x080043e4   0x00000028   Code   RO         3299    i.OLED_I2C_Stop     oled.o
    0x0800440c   0x0800440c   0x000000ae   Code   RO         3300    i.OLED_Init         oled.o
    0x080044ba   0x080044ba   0x00000022   Code   RO         3303    i.OLED_SetCursor    oled.o
    0x080044dc   0x080044dc   0x0000002e   Code   RO         3304    i.OLED_SetPos       oled.o
    0x0800450a   0x0800450a   0x00000002   PAD
    0x0800450c   0x0800450c   0x00000074   Code   RO         3307    i.OLED_ShowChar     oled.o
    0x08004580   0x08004580   0x00000028   Code   RO         3311    i.OLED_ShowString   oled.o
    0x080045a8   0x080045a8   0x00000018   Code   RO         3312    i.OLED_WR_Byte      oled.o
    0x080045c0   0x080045c0   0x000000a0   Code   RO         3313    i.OLED_WriteCN      oled.o
    0x08004660   0x08004660   0x00000020   Code   RO         3314    i.OLED_WriteCommand  oled.o
    0x08004680   0x08004680   0x00000020   Code   RO         3315    i.OLED_WriteData    oled.o
    0x080046a0   0x080046a0   0x0000026c   Code   RO         4924    i.OneNet_DevLink    onenet.o
    0x0800490c   0x0800490c   0x00000074   Code   RO         4925    i.OneNet_Publish    onenet.o
    0x08004980   0x08004980   0x000006a0   Code   RO         4926    i.OneNet_RevPro     onenet.o
    0x08005020   0x08005020   0x00000068   Code   RO         4927    i.OneNet_Subscribe  onenet.o
    0x08005088   0x08005088   0x0000006c   Code   RO         3875    i.PS_DeletChar      as608.o
    0x080050f4   0x080050f4   0x00000046   Code   RO         3877    i.PS_GenChar        as608.o
    0x0800513a   0x0800513a   0x0000003a   Code   RO         3878    i.PS_GetImage       as608.o
    0x08005174   0x08005174   0x000000a4   Code   RO         3879    i.PS_HandShake      as608.o
    0x08005218   0x08005218   0x00000090   Code   RO         3880    i.PS_HighSpeedSearch  as608.o
    0x080052a8   0x080052a8   0x0000003a   Code   RO         3881    i.PS_Match          as608.o
    0x080052e2   0x080052e2   0x00000002   PAD
    0x080052e4   0x080052e4   0x000000f0   Code   RO         3883    i.PS_ReadSysPara    as608.o
    0x080053d4   0x080053d4   0x0000003a   Code   RO         3884    i.PS_RegModel       as608.o
    0x0800540e   0x0800540e   0x00000002   PAD
    0x08005410   0x08005410   0x0000002c   Code   RO         3887    i.PS_StaGPIO_Init   as608.o
    0x0800543c   0x0800543c   0x00000060   Code   RO         3888    i.PS_StoreChar      as608.o
    0x0800549c   0x0800549c   0x00000080   Code   RO         3889    i.PS_ValidTempleteNum  as608.o
    0x0800551c   0x0800551c   0x00000098   Code   RO         3434    i.PWM_Init          pwm.o
    0x080055b4   0x080055b4   0x00000010   Code   RO         3435    i.PWM_SetCompare2   pwm.o
    0x080055c4   0x080055c4   0x0000000c   Code   RO         3613    i.PcdAntennaOff     rc522.o
    0x080055d0   0x080055d0   0x0000001a   Code   RO         3614    i.PcdAntennaOn      rc522.o
    0x080055ea   0x080055ea   0x00000070   Code   RO         3615    i.PcdAnticoll       rc522.o
    0x0800565a   0x0800565a   0x00000132   Code   RO         3618    i.PcdComMF522       rc522.o
    0x0800578c   0x0800578c   0x00000032   Code   RO         3619    i.PcdHalt           rc522.o
    0x080057be   0x080057be   0x00000054   Code   RO         3621    i.PcdRequest        rc522.o
    0x08005812   0x08005812   0x00000002   PAD
    0x08005814   0x08005814   0x0000008c   Code   RO         3622    i.PcdReset          rc522.o
    0x080058a0   0x080058a0   0x00000072   Code   RO         3623    i.PcdSelect         rc522.o
    0x08005912   0x08005912   0x00000002   Code   RO         4268    i.PendSV_Handler    stm32f10x_it.o
    0x08005914   0x08005914   0x000006e0   Code   RO         3626    i.RC522_Add_card    rc522.o
    0x08005ff4   0x08005ff4   0x000002c4   Code   RO         3628    i.RC522_Get_card    rc522.o
    0x080062b8   0x080062b8   0x00000044   Code   RO         3629    i.RC522_IO_Init     rc522.o
    0x080062fc   0x080062fc   0x00000250   Code   RO         3630    i.RC522_Rm_card     rc522.o
    0x0800654c   0x0800654c   0x00000020   Code   RO         1775    i.RCC_APB1PeriphClockCmd  stm32f10x_rcc.o
    0x0800656c   0x0800656c   0x00000020   Code   RO         1776    i.RCC_APB1PeriphResetCmd  stm32f10x_rcc.o
    0x0800658c   0x0800658c   0x00000020   Code   RO         1777    i.RCC_APB2PeriphClockCmd  stm32f10x_rcc.o
    0x080065ac   0x080065ac   0x00000020   Code   RO         1778    i.RCC_APB2PeriphResetCmd  stm32f10x_rcc.o
    0x080065cc   0x080065cc   0x000000d4   Code   RO         1785    i.RCC_GetClocksFreq  stm32f10x_rcc.o
    0x080066a0   0x080066a0   0x0000004c   Code   RO         3631    i.ReadRawRC         rc522.o
    0x080066ec   0x080066ec   0x000000dc   Code   RO         3632    i.Read_Card         rc522.o
    0x080067c8   0x080067c8   0x00000018   Code   RO         2263    i.SPI_Cmd           stm32f10x_spi.o
    0x080067e0   0x080067e0   0x0000005e   Code   RO         3826    i.SPI_Configuration  spi_driver.o
    0x0800683e   0x0800683e   0x00000002   PAD
    0x08006840   0x08006840   0x0000008c   Code   RO         3827    i.SPI_GPIO_Configuration  spi_driver.o
    0x080068cc   0x080068cc   0x0000003c   Code   RO         2276    i.SPI_Init          stm32f10x_spi.o
    0x08006908   0x08006908   0x0000002c   Code   RO         3828    i.SPI_RCC_Configuration  spi_driver.o
    0x08006934   0x08006934   0x0000005e   Code   RO         3830    i.SPI_ReadNBytes    spi_driver.o
    0x08006992   0x08006992   0x00000018   Code   RO         2278    i.SPI_SSOutputCmd   stm32f10x_spi.o
    0x080069aa   0x080069aa   0x00000060   Code   RO         3832    i.SPI_WriteNBytes   spi_driver.o
    0x08006a0a   0x08006a0a   0x00000002   Code   RO         4269    i.SVC_Handler       stm32f10x_it.o
    0x08006a0c   0x08006a0c   0x00000034   Code   RO         3892    i.SendAddr          as608.o
    0x08006a40   0x08006a40   0x00000012   Code   RO         3893    i.SendCheck         as608.o
    0x08006a52   0x08006a52   0x0000000c   Code   RO         3894    i.SendFlag          as608.o
    0x08006a5e   0x08006a5e   0x00000010   Code   RO         3895    i.SendHead          as608.o
    0x08006a6e   0x08006a6e   0x00000014   Code   RO         3896    i.SendLength        as608.o
    0x08006a82   0x08006a82   0x0000000c   Code   RO         3897    i.Sendcmd           as608.o
    0x08006a8e   0x08006a8e   0x00000008   Code   RO         3452    i.Servo_Init        servo.o
    0x08006a96   0x08006a96   0x00000002   PAD
    0x08006a98   0x08006a98   0x0000003c   Code   RO         3453    i.Servo_SetAngle    servo.o
    0x08006ad4   0x08006ad4   0x0000001c   Code   RO         3633    i.SetBitMask        rc522.o
    0x08006af0   0x08006af0   0x00000008   Code   RO           24    i.SetSysClock       system_stm32f10x.o
    0x08006af8   0x08006af8   0x000000e0   Code   RO           25    i.SetSysClockTo72   system_stm32f10x.o
    0x08006bd8   0x08006bd8   0x0000002c   Code   RO         4044    i.ShowErrMessage    as608_use.o
    0x08006c04   0x08006c04   0x00000002   Code   RO         4270    i.SysTick_Handler   stm32f10x_it.o
    0x08006c06   0x08006c06   0x00000002   PAD
    0x08006c08   0x08006c08   0x00000060   Code   RO           27    i.SystemInit        system_stm32f10x.o
    0x08006c68   0x08006c68   0x00000048   Code   RO         4102    i.TIM3_IRQHandler   timer.o
    0x08006cb0   0x08006cb0   0x00000060   Code   RO         4103    i.TIM3_Int_Init     timer.o
    0x08006d10   0x08006d10   0x00000034   Code   RO         4104    i.TIM4_IRQHandler   timer.o
    0x08006d44   0x08006d44   0x00000060   Code   RO         4105    i.TIM4_Int_Init     timer.o
    0x08006da4   0x08006da4   0x00000006   Code   RO         2416    i.TIM_ClearITPendingBit  stm32f10x_tim.o
    0x08006daa   0x08006daa   0x00000018   Code   RO         2421    i.TIM_Cmd           stm32f10x_tim.o
    0x08006dc2   0x08006dc2   0x00000022   Code   RO         2442    i.TIM_GetITStatus   stm32f10x_tim.o
    0x08006de4   0x08006de4   0x00000012   Code   RO         2446    i.TIM_ITConfig      stm32f10x_tim.o
    0x08006df6   0x08006df6   0x0000000c   Code   RO         2448    i.TIM_InternalClockConfig  stm32f10x_tim.o
    0x08006e02   0x08006e02   0x00000002   PAD
    0x08006e04   0x08006e04   0x000000a4   Code   RO         2455    i.TIM_OC2Init       stm32f10x_tim.o
    0x08006ea8   0x08006ea8   0x00000014   Code   RO         2468    i.TIM_OCStructInit  stm32f10x_tim.o
    0x08006ebc   0x08006ebc   0x00000004   Code   RO         2483    i.TIM_SetCompare2   stm32f10x_tim.o
    0x08006ec0   0x08006ec0   0x00000004   Code   RO         2486    i.TIM_SetCounter    stm32f10x_tim.o
    0x08006ec4   0x08006ec4   0x000000a4   Code   RO         2492    i.TIM_TimeBaseInit  stm32f10x_tim.o
    0x08006f68   0x08006f68   0x0000001c   Code   RO         3526    i.USART1_IRQHandler  usart.o
    0x08006f84   0x08006f84   0x000000b0   Code   RO         3527    i.USART1_Init       usart.o
    0x08007034   0x08007034   0x0000004c   Code   RO         4687    i.USART2_IRQHandler  esp8266.o
    0x08007080   0x08007080   0x000000ac   Code   RO         3528    i.USART2_Init       usart.o
    0x0800712c   0x0800712c   0x00000070   Code   RO         3529    i.USART3_IRQHandler  usart.o
    0x0800719c   0x0800719c   0x000000cc   Code   RO         3530    i.USART3_Init       usart.o
    0x08007268   0x08007268   0x00000012   Code   RO         2956    i.USART_ClearFlag   stm32f10x_usart.o
    0x0800727a   0x0800727a   0x00000018   Code   RO         2960    i.USART_Cmd         stm32f10x_usart.o
    0x08007292   0x08007292   0x00000002   PAD
    0x08007294   0x08007294   0x0000009c   Code   RO         2962    i.USART_DeInit      stm32f10x_usart.o
    0x08007330   0x08007330   0x0000001a   Code   RO         2963    i.USART_GetFlagStatus  stm32f10x_usart.o
    0x0800734a   0x0800734a   0x00000054   Code   RO         2964    i.USART_GetITStatus  stm32f10x_usart.o
    0x0800739e   0x0800739e   0x0000004a   Code   RO         2966    i.USART_ITConfig    stm32f10x_usart.o
    0x080073e8   0x080073e8   0x000000d8   Code   RO         2967    i.USART_Init        stm32f10x_usart.o
    0x080074c0   0x080074c0   0x0000000a   Code   RO         2974    i.USART_ReceiveData  stm32f10x_usart.o
    0x080074ca   0x080074ca   0x00000008   Code   RO         2977    i.USART_SendData    stm32f10x_usart.o
    0x080074d2   0x080074d2   0x00000004   Code   RO         4271    i.UsageFault_Handler  stm32f10x_it.o
    0x080074d6   0x080074d6   0x00000048   Code   RO         3531    i.UsartPrintf       usart.o
    0x0800751e   0x0800751e   0x00000032   Code   RO         3532    i.Usart_SendString  usart.o
    0x08007550   0x08007550   0x00000044   Code   RO         3635    i.WriteRawRC        rc522.o
    0x08007594   0x08007594   0x00000028   Code   RO         5369    i.__ARM_fpclassify  m_ws.l(fpclassify.o)
    0x080075bc   0x080075bc   0x000000aa   Code   RO         5371    i.__kernel_poly     m_ws.l(poly.o)
    0x08007666   0x08007666   0x00000002   PAD
    0x08007668   0x08007668   0x00000010   Code   RO         5355    i.__mathlib_dbl_divzero  m_ws.l(dunder.o)
    0x08007678   0x08007678   0x00000004   Code   RO         5357    i.__mathlib_dbl_infnan2  m_ws.l(dunder.o)
    0x0800767c   0x0800767c   0x0000000c   Code   RO         5358    i.__mathlib_dbl_invalid  m_ws.l(dunder.o)
    0x08007688   0x08007688   0x0000000e   Code   RO         5359    i.__mathlib_dbl_overflow  m_ws.l(dunder.o)
    0x08007696   0x08007696   0x00000002   PAD
    0x08007698   0x08007698   0x00000010   Code   RO         5361    i.__mathlib_dbl_underflow  m_ws.l(dunder.o)
    0x080076a8   0x080076a8   0x0000000e   Code   RO         5101    i._is_digit         c_w.l(__printf_wp.o)
    0x080076b6   0x080076b6   0x00000002   PAD
    0x080076b8   0x080076b8   0x00000058   Code   RO         4343    i.cJSON_Delete      cjson.o
    0x08007710   0x08007710   0x0000000c   Code   RO         4351    i.cJSON_GetErrorPtr  cjson.o
    0x0800771c   0x0800771c   0x0000001e   Code   RO         4352    i.cJSON_GetObjectItem  cjson.o
    0x0800773a   0x0800773a   0x00000002   PAD
    0x0800773c   0x0800773c   0x00000020   Code   RO         4356    i.cJSON_New_Item    cjson.o
    0x0800775c   0x0800775c   0x00000010   Code   RO         4357    i.cJSON_Parse       cjson.o
    0x0800776c   0x0800776c   0x00000064   Code   RO         4358    i.cJSON_ParseWithOpts  cjson.o
    0x080077d0   0x080077d0   0x0000004c   Code   RO         4364    i.cJSON_strcasecmp  cjson.o
    0x0800781c   0x0800781c   0x000000ec   Code   RO         3636    i.card_number_certification  rc522.o
    0x08007908   0x08007908   0x0000000a   Code   RO         3454    i.close_door        servo.o
    0x08007912   0x08007912   0x00000018   Code   RO         3196    i.delay_ms          delay.o
    0x0800792a   0x0800792a   0x00000018   Code   RO         3197    i.delay_s           delay.o
    0x08007942   0x08007942   0x0000002e   Code   RO         3198    i.delay_us          delay.o
    0x08007970   0x08007970   0x000003b4   Code   RO         4191    i.main              main.o
    0x08007d24   0x08007d24   0x0000004c   Code   RO         4192    i.main1_interface   main.o
    0x08007d70   0x08007d70   0x0000004c   Code   RO         4193    i.main_interface    main.o
    0x08007dbc   0x08007dbc   0x00000010   Code   RO         3455    i.open_door         servo.o
    0x08007dcc   0x08007dcc   0x000000ac   Code   RO         4368    i.parse_array       cjson.o
    0x08007e78   0x08007e78   0x00000114   Code   RO         4369    i.parse_hex4        cjson.o
    0x08007f8c   0x08007f8c   0x000001bc   Code   RO         4370    i.parse_number      cjson.o
    0x08008148   0x08008148   0x00000114   Code   RO         4371    i.parse_object      cjson.o
    0x0800825c   0x0800825c   0x000001cc   Code   RO         4372    i.parse_string      cjson.o
    0x08008428   0x08008428   0x000000bc   Code   RO         4373    i.parse_value       cjson.o
    0x080084e4   0x080084e4   0x000009d8   Code   RO         5192    i.pow               m_ws.l(pow.o)
    0x08008ebc   0x08008ebc   0x00000012   Code   RO         4381    i.skip              cjson.o
    0x08008ece   0x08008ece   0x0000004c   Code   RO         5375    i.sqrt              m_ws.l(sqrt.o)
    0x08008f1a   0x08008f1a   0x00000002   PAD
    0x08008f1c   0x08008f1c   0x000000b8   Code   RO         4194    i.unlock_interface  main.o
    0x08008fd4   0x08008fd4   0x00000234   Code   RO         3637    i.upload_card_number  rc522.o
    0x08009208   0x08009208   0x00000078   Code   RO         4046    i.upload_fin_number  as608_use.o
    0x08009280   0x08009280   0x0000002c   Code   RO         5456    locale$$code        c_w.l(lc_ctype_c.o)
    0x080092ac   0x080092ac   0x0000002c   Code   RO         5459    locale$$code        c_w.l(lc_numeric_c.o)
    0x080092d8   0x080092d8   0x00000150   Code   RO         5143    x$fpl$dadd          fz_ws.l(daddsub_clz.o)
    0x08009428   0x08009428   0x00000010   Code   RO         5470    x$fpl$dcheck1       fz_ws.l(dcheck1.o)
    0x08009438   0x08009438   0x00000018   Code   RO         5332    x$fpl$dcmpinf       fz_ws.l(dcmpi.o)
    0x08009450   0x08009450   0x000002b0   Code   RO         5335    x$fpl$ddiv          fz_ws.l(ddiv.o)
    0x08009700   0x08009700   0x0000005e   Code   RO         5151    x$fpl$dfix          fz_ws.l(dfix.o)
    0x0800975e   0x0800975e   0x0000002e   Code   RO         5156    x$fpl$dflt          fz_ws.l(dflt_clz.o)
    0x0800978c   0x0800978c   0x00000078   Code   RO         5161    x$fpl$dleqf         fz_ws.l(dleqf.o)
    0x08009804   0x08009804   0x00000154   Code   RO         5163    x$fpl$dmul          fz_ws.l(dmul.o)
    0x08009958   0x08009958   0x0000009c   Code   RO         5338    x$fpl$dnaninf       fz_ws.l(dnaninf.o)
    0x080099f4   0x080099f4   0x0000000c   Code   RO         5340    x$fpl$dretinf       fz_ws.l(dretinf.o)
    0x08009a00   0x08009a00   0x0000006c   Code   RO         5165    x$fpl$drleqf        fz_ws.l(drleqf.o)
    0x08009a6c   0x08009a6c   0x00000016   Code   RO         5144    x$fpl$drsb          fz_ws.l(daddsub_clz.o)
    0x08009a82   0x08009a82   0x00000002   PAD
    0x08009a84   0x08009a84   0x000001cc   Code   RO         5472    x$fpl$dsqrt         fz_ws.l(dsqrt_noumaal.o)
    0x08009c50   0x08009c50   0x000001d4   Code   RO         5145    x$fpl$dsub          fz_ws.l(daddsub_clz.o)
    0x08009e24   0x08009e24   0x000000c4   Code   RO         5169    x$fpl$fadd          fz_ws.l(faddsub_clz.o)
    0x08009ee8   0x08009ee8   0x00000184   Code   RO         5176    x$fpl$fdiv          fz_ws.l(fdiv.o)
    0x0800a06c   0x0800a06c   0x0000003e   Code   RO         5179    x$fpl$ffixu         fz_ws.l(ffixu.o)
    0x0800a0aa   0x0800a0aa   0x00000002   PAD
    0x0800a0ac   0x0800a0ac   0x00000102   Code   RO         5183    x$fpl$fmul          fz_ws.l(fmul.o)
    0x0800a1ae   0x0800a1ae   0x0000008c   Code   RO         5342    x$fpl$fnaninf       fz_ws.l(fnaninf.o)
    0x0800a23a   0x0800a23a   0x0000000a   Code   RO         5344    x$fpl$fretinf       fz_ws.l(fretinf.o)
    0x0800a244   0x0800a244   0x000000ea   Code   RO         5171    x$fpl$fsub          fz_ws.l(faddsub_clz.o)
    0x0800a32e   0x0800a32e   0x00000004   Code   RO         5185    x$fpl$printf1       fz_ws.l(printf1.o)
    0x0800a332   0x0800a332   0x00000004   Code   RO         5346    x$fpl$printf2       fz_ws.l(printf2.o)
    0x0800a336   0x0800a336   0x00000064   Code   RO         5507    x$fpl$retnan        fz_ws.l(retnan.o)
    0x0800a39a   0x0800a39a   0x0000005c   Code   RO         5352    x$fpl$scalbn        fz_ws.l(scalbn.o)
    0x0800a3f6   0x0800a3f6   0x00000030   Code   RO         5537    x$fpl$trapveneer    fz_ws.l(trapv.o)
    0x0800a426   0x0800a426   0x00000000   Code   RO         5354    x$fpl$usenofp       fz_ws.l(usenofp.o)
    0x0800a426   0x0800a426   0x00001ff0   Data   RO         3317    .constdata          oled.o
    0x0800c416   0x0800c416   0x0000000c   Data   RO         4196    .constdata          main.o
    0x0800c422   0x0800c422   0x00000007   Data   RO         4384    .constdata          cjson.o
    0x0800c429   0x0800c429   0x00000028   Data   RO         5089    .constdata          c_w.l(_printf_hex_int_ll_ptr.o)
    0x0800c451   0x0800c451   0x00000011   Data   RO         5109    .constdata          c_w.l(__printf_flags_ss_wp.o)
    0x0800c462   0x0800c462   0x00000006   PAD
    0x0800c468   0x0800c468   0x00000088   Data   RO         5193    .constdata          m_ws.l(pow.o)
    0x0800c4f0   0x0800c4f0   0x00000008   Data   RO         5255    .constdata          c_w.l(_printf_wctomb.o)
    0x0800c4f8   0x0800c4f8   0x00000008   Data   RO         5373    .constdata          m_ws.l(qnan.o)
    0x0800c500   0x0800c500   0x00000026   Data   RO         5418    .constdata          c_w.l(_printf_fp_hex.o)
    0x0800c526   0x0800c526   0x00000002   PAD
    0x0800c528   0x0800c528   0x00000094   Data   RO         5429    .constdata          c_w.l(bigflt0.o)
    0x0800c5bc   0x0800c5bc   0x00000053   Data   RO         3639    .conststring        rc522.o
    0x0800c60f   0x0800c60f   0x00000001   PAD
    0x0800c610   0x0800c610   0x0000004f   Data   RO         4197    .conststring        main.o
    0x0800c65f   0x0800c65f   0x00000001   PAD
    0x0800c660   0x0800c660   0x00000020   Data   RO         5569    Region$$Table       anon$$obj.o
    0x0800c680   0x0800c680   0x00000110   Data   RO         5455    locale$$data        c_w.l(lc_ctype_c.o)
    0x0800c790   0x0800c790   0x0000001c   Data   RO         5458    locale$$data        c_w.l(lc_numeric_c.o)


    Execution Region RW_IRAM1 (Exec base: 0x20000000, Load base: 0x0800c7ac, Size: 0x00000c08, Max: 0x00005000, ABSOLUTE)

    Exec Addr    Load Addr    Size         Type   Attr      Idx    E Section Name        Object

    0x20000000   0x0800c7ac   0x00000014   Data   RW         1805    .data               stm32f10x_rcc.o
    0x20000014   0x0800c7c0   0x00000002   Data   RW         3536    .data               usart.o
    0x20000016   0x0800c7c2   0x0000002e   Data   RW         3640    .data               rc522.o
    0x20000044   0x0800c7f0   0x00000004   Data   RW         3898    .data               as608.o
    0x20000048   0x0800c7f4   0x00000002   Data   RW         4049    .data               as608_use.o
    0x2000004a   0x0800c7f6   0x00000002   PAD
    0x2000004c   0x0800c7f8   0x0000001c   Data   RW         4198    .data               main.o
    0x20000068   0x0800c814   0x0000000c   Data   RW         4385    .data               cjson.o
    0x20000074   0x0800c820   0x00000004   Data   RW         4689    .data               esp8266.o
    0x20000078   0x0800c824   0x00000004   Data   RW         4928    .data               onenet.o
    0x2000007c        -       0x00000320   Zero   RW         3535    .bss                usart.o
    0x2000039c        -       0x0000000c   Zero   RW         4047    .bss                as608_use.o
    0x200003a8        -       0x00000180   Zero   RW         4195    .bss                main.o
    0x20000528        -       0x00000080   Zero   RW         4688    .bss                esp8266.o
    0x200005a8        -       0x00000060   Zero   RW         5385    .bss                c_w.l(libspace.o)
    0x20000608        -       0x00000200   Zero   RW            2    HEAP                startup_stm32f10x_md.o
    0x20000808        -       0x00000400   Zero   RW            1    STACK               startup_stm32f10x_md.o


==============================================================================

Image component sizes


      Code (inc. data)   RO Data    RW Data    ZI Data      Debug   Object Name

      2086        672          0          4          0      13138   as608.o
      1328        380          0          2         12       4481   as608_use.o
       120         18          0          0          0       1845   beep.o
      2188         88          7         12          0      12817   cjson.o
         0          0          0          0          0       4508   core_cm3.o
        94          0          0          0          0       1476   delay.o
       456         22          0          0          0       3948   dht11.o
      1020        506          0          4        128       5597   esp8266.o
       116          0          0          0          0       1726   flash.o
       176         12          0          0          0       1056   key.o
       168         28          0          0          0       1840   led.o
      2040        550         91         28        384       5765   main.o
       132         22          0          0          0     204883   misc.o
      2650         26          0          0          0      18076   mqttkit.o
       956         28       8176          0          0       9160   oled.o
      2536       1096          0          4          0       8941   onenet.o
       168          6          0          0          0       1153   pwm.o
      5300       1360         83         46          0      15634   rc522.o
        94         18          0          0          0       1883   servo.o
       468         18          0          0          0       3627   spi_driver.o
        64         26        236          0       1536        840   startup_stm32f10x_md.o
         0          0          0          0          0       1684   stm32f10x_adc.o
       286         36          0          0          0      10208   stm32f10x_flash.o
       476          6          0          0          0      13955   stm32f10x_gpio.o
        26          0          0          0          0       3974   stm32f10x_it.o
       340         44          0         20          0      14240   stm32f10x_rcc.o
       108          0          0          0          0       9535   stm32f10x_spi.o
       450         52          0          0          0      26600   stm32f10x_tim.o
       616         28          0          0          0      13266   stm32f10x_usart.o
       328         28          0          0          0      52337   system_stm32f10x.o
       316         34          0          0          0       2336   timer.o
       922         80          0          2        800       7083   usart.o

    ----------------------------------------------------------------------
     26066       5184       8627        124       2860     477612   Object Totals
         0          0         32          0          0          0   (incl. Generated)
        38          0          2          2          0          0   (incl. Padding)

    ----------------------------------------------------------------------

      Code (inc. data)   RO Data    RW Data    ZI Data      Debug   Library Member Name

        44          6          0          0          0         84   __2sprintf.o
         8          0          0          0          0         68   __main.o
       392          4         17          0          0         92   __printf_flags_ss_wp.o
        14          0          0          0          0         68   __printf_wp.o
         0          0          0          0          0          0   __rtentry.o
        12          0          0          0          0          0   __rtentry2.o
         6          0          0          0          0          0   __rtentry4.o
        52          8          0          0          0          0   __scatter.o
        26          0          0          0          0          0   __scatter_copy.o
        28          0          0          0          0          0   __scatter_zi.o
        28          0          0          0          0         68   _chval.o
         6          0          0          0          0          0   _printf_a.o
         6          0          0          0          0          0   _printf_c.o
        44          0          0          0          0        108   _printf_char.o
        48          6          0          0          0         96   _printf_char_common.o
        40          0          0          0          0         68   _printf_charcount.o
         6          0          0          0          0          0   _printf_d.o
       120         16          0          0          0         92   _printf_dec.o
         6          0          0          0          0          0   _printf_e.o
         6          0          0          0          0          0   _printf_f.o
      1054          0          0          0          0        216   _printf_fp_dec.o
       764          8         38          0          0        100   _printf_fp_hex.o
       128         16          0          0          0         84   _printf_fp_infnan.o
         6          0          0          0          0          0   _printf_g.o
       148          4         40          0          0        160   _printf_hex_int_ll_ptr.o
         6          0          0          0          0          0   _printf_i.o
       178          0          0          0          0         88   _printf_intcommon.o
        10          0          0          0          0          0   _printf_l.o
         6          0          0          0          0          0   _printf_lc.o
        10          0          0          0          0          0   _printf_ll.o
         6          0          0          0          0          0   _printf_lld.o
         6          0          0          0          0          0   _printf_lli.o
         6          0          0          0          0          0   _printf_llo.o
         6          0          0          0          0          0   _printf_llu.o
         6          0          0          0          0          0   _printf_llx.o
       124         16          0          0          0         92   _printf_longlong_dec.o
         6          0          0          0          0          0   _printf_ls.o
         6          0          0          0          0          0   _printf_n.o
         6          0          0          0          0          0   _printf_o.o
       112         10          0          0          0        124   _printf_oct_int_ll.o
         6          0          0          0          0          0   _printf_p.o
        78          0          0          0          0        108   _printf_pad.o
         0          0          0          0          0          0   _printf_percent.o
         4          0          0          0          0          0   _printf_percent_end.o
         6          0          0          0          0          0   _printf_s.o
        82          0          0          0          0         80   _printf_str.o
        36          0          0          0          0         84   _printf_truncate.o
         6          0          0          0          0          0   _printf_u.o
        44          0          0          0          0        108   _printf_wchar.o
       188          6          8          0          0         92   _printf_wctomb.o
         6          0          0          0          0          0   _printf_x.o
        22          0          0          0          0        100   _rserrno.o
        16          0          0          0          0         68   _snputc.o
        10          0          0          0          0         68   _sputc.o
       158          0          0          0          0         92   _strtoul.o
        64          0          0          0          0         92   _wcrtomb.o
        26          0          0          0          0         80   atoi.o
       228          4        148          0          0         96   bigflt0.o
      1936        128          0          0          0        672   btod.o
        10          0          0          0          0         68   defsig_exit.o
        50          0          0          0          0         88   defsig_general.o
        80         58          0          0          0         76   defsig_rtmem_inner.o
        14          0          0          0          0         80   defsig_rtmem_outer.o
        18          0          0          0          0         80   exit.o
        94          0          0          0          0         80   h1_alloc.o
        52          0          0          0          0         68   h1_extend.o
        78          0          0          0          0         80   h1_free.o
        14          0          0          0          0         84   h1_init.o
         6          0          0          0          0        152   heapauxi.o
         4          0          0          0          0        136   hguard.o
         0          0          0          0          0          0   indicate_semi.o
       138          0          0          0          0        168   init_alloc.o
        44         10        272          0          0         76   lc_ctype_c.o
        44         10         28          0          0         76   lc_numeric_c.o
         2          0          0          0          0          0   libinit.o
        38          0          0          0          0          0   libinit2.o
         2          0          0          0          0          0   libshutdown.o
         2          0          0          0          0          0   libshutdown2.o
         8          4          0          0         96         68   libspace.o
       138          0          0          0          0         80   lludiv10.o
         0          0          0          0          0          0   maybetermalloc1.o
        16          4          0          0          0         76   rt_ctype_table.o
         8          4          0          0          0         68   rt_errno_addr_intlibspace.o
         8          4          0          0          0         68   rt_heap_descriptor_intlibspace.o
         8          4          0          0          0         68   rt_locale_intlibspace.o
        68          0          0          0          0         68   rt_memclr.o
        78          0          0          0          0         80   rt_memclr_w.o
       138          0          0          0          0         68   rt_memcpy_v6.o
       100          0          0          0          0         80   rt_memcpy_w.o
         2          0          0          0          0          0   rtexit.o
        10          0          0          0          0          0   rtexit2.o
        20          0          0          0          0         68   strchr.o
       128          0          0          0          0         68   strcmpv7m.o
        62          0          0          0          0         76   strlen.o
        36          0          0          0          0         76   strncat.o
       150          0          0          0          0         80   strncmp.o
        36          0          0          0          0         80   strstr.o
       112          0          0          0          0         88   strtol.o
        12          4          0          0          0         68   sys_exit.o
        74          0          0          0          0         80   sys_stackheap_outer.o
        14          0          0          0          0         76   sys_wrch.o
        26          0          0          0          0         76   tolower.o
         2          0          0          0          0         68   use_no_semi.o
        52          4          0          0          0         80   vsnprintf.o
       826         16          0          0          0        348   daddsub_clz.o
        16          4          0          0          0         68   dcheck1.o
        24          0          0          0          0         68   dcmpi.o
       688        140          0          0          0        208   ddiv.o
        94          4          0          0          0         92   dfix.o
        46          0          0          0          0         68   dflt_clz.o
       120          4          0          0          0         92   dleqf.o
       340         12          0          0          0        104   dmul.o
       156          4          0          0          0         92   dnaninf.o
        12          0          0          0          0         68   dretinf.o
       108          0          0          0          0         80   drleqf.o
       460         56          0          0          0        120   dsqrt_noumaal.o
       430          8          0          0          0        168   faddsub_clz.o
       388         76          0          0          0         96   fdiv.o
        62          4          0          0          0         84   ffixu.o
       258          4          0          0          0         84   fmul.o
       140          4          0          0          0         84   fnaninf.o
        10          0          0          0          0         68   fretinf.o
         4          0          0          0          0         68   printf1.o
         4          0          0          0          0         68   printf2.o
       100          0          0          0          0         68   retnan.o
        92          0          0          0          0         68   scalbn.o
        48          0          0          0          0         68   trapv.o
         0          0          0          0          0          0   usenofp.o
        62         10          0          0          0        340   dunder.o
        40          0          0          0          0         68   fpclassify.o
       170          0          0          0          0         96   poly.o
      2520        190        136          0          0        324   pow.o
         0          0          8          0          0          0   qnan.o
        76          0          0          0          0         84   sqrt.o

    ----------------------------------------------------------------------
     15720        874        703          0         96       9612   Library Totals
        28          0          8          0          0          0   (incl. Padding)

    ----------------------------------------------------------------------

      Code (inc. data)   RO Data    RW Data    ZI Data      Debug   Library Name

      8398        338        551          0         96       6368   c_w.l
      4426        336          0          0          0       2332   fz_ws.l
      2868        200        144          0          0        912   m_ws.l

    ----------------------------------------------------------------------
     15720        874        703          0         96       9612   Library Totals

    ----------------------------------------------------------------------

==============================================================================


      Code (inc. data)   RO Data    RW Data    ZI Data      Debug   

     41786       6058       9330        124       2956     471152   Grand Totals
     41786       6058       9330        124       2956     471152   ELF Image Totals
     41786       6058       9330        124          0          0   ROM Totals

==============================================================================

    Total RO  Size (Code + RO Data)                51116 (  49.92kB)
    Total RW  Size (RW Data + ZI Data)              3080 (   3.01kB)
    Total ROM Size (Code + RO Data + RW Data)      51240 (  50.04kB)

==============================================================================

