Component: ARM Compiler 5.06 update 5 (build 528) Tool: armlink [4d35e2]

==============================================================================

Section Cross References

    main.o(.text) refers to _printf_percent.o(.ARM.Collect$$_printf_percent$$00000000) for _printf_percent
    main.o(.text) refers to _printf_d.o(.ARM.Collect$$_printf_percent$$00000009) for _printf_d
    main.o(.text) refers to _printf_f.o(.ARM.Collect$$_printf_percent$$00000003) for _printf_f
    main.o(.text) refers to _printf_dec.o(.text) for _printf_int_dec
    main.o(.text) refers to printf1.o(x$fpl$printf1) for _printf_fp_dec
    main.o(.text) refers to usart.o(.text) for Usart1_Init
    main.o(.text) refers to delay.o(.text) for delay_init
    main.o(.text) refers to oled.o(.text) for OLED_Init
    main.o(.text) refers to misc.o(.text) for NVIC_PriorityGroupConfig
    main.o(.text) refers to led.o(.text) for LED_Init
    main.o(.text) refers to key.o(.text) for KEY_Init
    main.o(.text) refers to exti.o(.text) for EXTIX_Init
    main.o(.text) refers to beep.o(.text) for BEEP_Init
    main.o(.text) refers to dht11.o(.text) for DHT11_Init
    main.o(.text) refers to bh1750.o(.text) for BH1750_Init
    main.o(.text) refers to __2sprintf.o(.text) for __2sprintf
    main.o(.text) refers to esp8266.o(.text) for ESP8266_Init
    main.o(.text) refers to onenet.o(.text) for OneNet_DevLink
    main.o(.text) refers to timer.o(.text) for TIM2_Int_Init
    main.o(.text) refers to stm32f10x_gpio.o(.text) for GPIO_ReadInputDataBit
    main.o(.text) refers to fleqf.o(x$fpl$fleqf) for __aeabi_cfcmple
    main.o(.text) refers to f2d.o(x$fpl$f2d) for __aeabi_f2d
    main.o(.text) refers to main.o(.data) for ESP8266_INIT_OK
    main.o(.text) refers to timer.o(.bss) for oledBuf
    main.o(.text) refers to main.o(.conststring) for .conststring
    main.o(.text) refers to main.o(.bss) for PUB_BUF
    main.o(.text) refers to main.o(.constdata) for devPubTopic
    main.o(.data) refers to main.o(.conststring) for .conststring
    system_stm32f10x.o(.text) refers to system_stm32f10x.o(.data) for SystemCoreClock
    led.o(.text) refers to stm32f10x_rcc.o(.text) for RCC_APB2PeriphClockCmd
    led.o(.text) refers to stm32f10x_gpio.o(.text) for GPIO_Init
    beep.o(.text) refers to stm32f10x_rcc.o(.text) for RCC_APB2PeriphClockCmd
    beep.o(.text) refers to stm32f10x_gpio.o(.text) for GPIO_Init
    bh1750.o(.text) refers to stm32f10x_rcc.o(.text) for RCC_APB2PeriphClockCmd
    bh1750.o(.text) refers to stm32f10x_gpio.o(.text) for GPIO_Init
    bh1750.o(.text) refers to fflt_clz.o(x$fpl$ffltu) for __aeabi_ui2f
    bh1750.o(.text) refers to fdiv.o(x$fpl$fdiv) for __aeabi_fdiv
    bh1750.o(.text) refers to fmul.o(x$fpl$fmul) for __aeabi_fmul
    dht11.o(.text) refers to delay.o(.text) for delay_ms
    dht11.o(.text) refers to stm32f10x_rcc.o(.text) for RCC_APB2PeriphClockCmd
    dht11.o(.text) refers to stm32f10x_gpio.o(.text) for GPIO_Init
    oled.o(.text) refers to stm32f10x_gpio.o(.text) for GPIO_SetBits
    oled.o(.text) refers to oled.o(.bss) for OLED_GRAM
    oled.o(.text) refers to strcpy.o(.text) for strcpy
    oled.o(.text) refers to rand.o(.emb_text) for rand
    oled.o(.text) refers to delay.o(.text) for delay_ms
    oled.o(.text) refers to stm32f10x_rcc.o(.text) for RCC_APB2PeriphClockCmd
    oled.o(.text) refers to oled.o(.constdata) for asc2_1206
    oled.o(.text) refers to oled.o(.data) for line
    key.o(.text) refers to stm32f10x_rcc.o(.text) for RCC_APB2PeriphClockCmd
    key.o(.text) refers to stm32f10x_gpio.o(.text) for GPIO_Init
    key.o(.text) refers to delay.o(.text) for delay_ms
    key.o(.text) refers to key.o(.data) for key_up
    delay.o(.text) refers to misc.o(.text) for SysTick_CLKSourceConfig
    delay.o(.text) refers to system_stm32f10x.o(.data) for SystemCoreClock
    delay.o(.text) refers to delay.o(.data) for fac_us
    usart.o(.text) refers to stm32f10x_rcc.o(.text) for RCC_APB2PeriphClockCmd
    usart.o(.text) refers to stm32f10x_gpio.o(.text) for GPIO_Init
    usart.o(.text) refers to stm32f10x_usart.o(.text) for USART_Init
    usart.o(.text) refers to misc.o(.text) for NVIC_Init
    usart.o(.text) refers to c89vsnprintf.o(.text) for __c89vsnprintf
    timer.o(.text) refers to _printf_percent.o(.ARM.Collect$$_printf_percent$$00000000) for _printf_percent
    timer.o(.text) refers to _printf_d.o(.ARM.Collect$$_printf_percent$$00000009) for _printf_d
    timer.o(.text) refers to _printf_dec.o(.text) for _printf_int_dec
    timer.o(.text) refers to _printf_f.o(.ARM.Collect$$_printf_percent$$00000003) for _printf_f
    timer.o(.text) refers to printf1.o(x$fpl$printf1) for _printf_fp_dec
    timer.o(.text) refers to stm32f10x_rcc.o(.text) for RCC_APB1PeriphClockCmd
    timer.o(.text) refers to stm32f10x_tim.o(.text) for TIM_TimeBaseInit
    timer.o(.text) refers to misc.o(.text) for NVIC_Init
[...]
    delay_us                                 0x08001847   Thumb Code    72  delay.o(.text)
    delay_ms                                 0x0800188f   Thumb Code    72  delay.o(.text)
    Usart1_Init                              0x080018e9   Thumb Code   166  usart.o(.text)
    Usart2_Init                              0x0800198f   Thumb Code   162  usart.o(.text)
    Usart_SendString                         0x08001a31   Thumb Code    50  usart.o(.text)
    UsartPrintf                              0x08001a63   Thumb Code    72  usart.o(.text)
    DEBUG_LOG                                0x08001aab   Thumb Code    86  usart.o(.text)
    USART1_IRQHandler                        0x08001b01   Thumb Code    24  usart.o(.text)
    TIM3_Int_Init                            0x08001b35   Thumb Code    90  timer.o(.text)
    TIM3_IRQHandler                          0x08001b8f   Thumb Code    76  timer.o(.text)
    TIM2_Int_Init                            0x08001bdb   Thumb Code    92  timer.o(.text)
    TIM2_IRQHandler                          0x08001c37   Thumb Code   138  timer.o(.text)
    EXTIX_Init                               0x08001d25   Thumb Code   144  exti.o(.text)
    EXTI0_IRQHandler                         0x08001db5   Thumb Code    38  exti.o(.text)
    EXTI1_IRQHandler                         0x08001ddb   Thumb Code    46  exti.o(.text)
    Reset_Handler                            0x08001e19   Thumb Code     8  startup_stm32f10x_md.o(.text)
    ADC1_2_IRQHandler                        0x08001e33   Thumb Code     0  startup_stm32f10x_md.o(.text)
    CAN1_RX1_IRQHandler                      0x08001e33   Thumb Code     0  startup_stm32f10x_md.o(.text)
    CAN1_SCE_IRQHandler                      0x08001e33   Thumb Code     0  startup_stm32f10x_md.o(.text)
    DMA1_Channel1_IRQHandler                 0x08001e33   Thumb Code     0  startup_stm32f10x_md.o(.text)
    DMA1_Channel2_IRQHandler                 0x08001e33   Thumb Code     0  startup_stm32f10x_md.o(.text)
    DMA1_Channel3_IRQHandler                 0x08001e33   Thumb Code     0  startup_stm32f10x_md.o(.text)
    DMA1_Channel4_IRQHandler                 0x08001e33   Thumb Code     0  startup_stm32f10x_md.o(.text)
    DMA1_Channel5_IRQHandler                 0x08001e33   Thumb Code     0  startup_stm32f10x_md.o(.text)
    DMA1_Channel6_IRQHandler                 0x08001e33   Thumb Code     0  startup_stm32f10x_md.o(.text)
    DMA1_Channel7_IRQHandler                 0x08001e33   Thumb Code     0  startup_stm32f10x_md.o(.text)
    EXTI15_10_IRQHandler                     0x08001e33   Thumb Code     0  startup_stm32f10x_md.o(.text)
    EXTI2_IRQHandler                         0x08001e33   Thumb Code     0  startup_stm32f10x_md.o(.text)
    EXTI3_IRQHandler                         0x08001e33   Thumb Code     0  startup_stm32f10x_md.o(.text)
    EXTI4_IRQHandler                         0x08001e33   Thumb Code     0  startup_stm32f10x_md.o(.text)
    EXTI9_5_IRQHandler                       0x08001e33   Thumb Code     0  startup_stm32f10x_md.o(.text)
    FLASH_IRQHandler                         0x08001e33   Thumb Code     0  startup_stm32f10x_md.o(.text)
    I2C1_ER_IRQHandler                       0x08001e33   Thumb Code     0  startup_stm32f10x_md.o(.text)
    I2C1_EV_IRQHandler                       0x08001e33   Thumb Code     0  startup_stm32f10x_md.o(.text)
    I2C2_ER_IRQHandler                       0x08001e33   Thumb Code     0  startup_stm32f10x_md.o(.text)
    I2C2_EV_IRQHandler                       0x08001e33   Thumb Code     0  startup_stm32f10x_md.o(.text)
    PVD_IRQHandler                           0x08001e33   Thumb Code     0  startup_stm32f10x_md.o(.text)
    RCC_IRQHandler                           0x08001e33   Thumb Code     0  startup_stm32f10x_md.o(.text)
    RTCAlarm_IRQHandler                      0x08001e33   Thumb Code     0  startup_stm32f10x_md.o(.text)
    RTC_IRQHandler                           0x08001e33   Thumb Code     0  startup_stm32f10x_md.o(.text)
    SPI1_IRQHandler                          0x08001e33   Thumb Code     0  startup_stm32f10x_md.o(.text)
    SPI2_IRQHandler                          0x08001e33   Thumb Code     0  startup_stm32f10x_md.o(.text)
    TAMPER_IRQHandler                        0x08001e33   Thumb Code     0  startup_stm32f10x_md.o(.text)
    TIM1_BRK_IRQHandler                      0x08001e33   Thumb Code     0  startup_stm32f10x_md.o(.text)
    TIM1_CC_IRQHandler                       0x08001e33   Thumb Code     0  startup_stm32f10x_md.o(.text)
    TIM1_TRG_COM_IRQHandler                  0x08001e33   Thumb Code     0  startup_stm32f10x_md.o(.text)
    TIM1_UP_IRQHandler                       0x08001e33   Thumb Code     0  startup_stm32f10x_md.o(.text)
    TIM4_IRQHandler                          0x08001e33   Thumb Code     0  startup_stm32f10x_md.o(.text)
    USART3_IRQHandler                        0x08001e33   Thumb Code     0  startup_stm32f10x_md.o(.text)
    USBWakeUp_IRQHandler                     0x08001e33   Thumb Code     0  startup_stm32f10x_md.o(.text)
    USB_HP_CAN1_TX_IRQHandler                0x08001e33   Thumb Code     0  startup_stm32f10x_md.o(.text)
    USB_LP_CAN1_RX0_IRQHandler               0x08001e33   Thumb Code     0  startup_stm32f10x_md.o(.text)
    WWDG_IRQHandler                          0x08001e33   Thumb Code     0  startup_stm32f10x_md.o(.text)
    __user_initial_stackheap                 0x08001e35   Thumb Code     0  startup_stm32f10x_md.o(.text)
    GPIO_DeInit                              0x08001e59   Thumb Code   172  stm32f10x_gpio.o(.text)
    GPIO_AFIODeInit                          0x08001f05   Thumb Code    20  stm32f10x_gpio.o(.text)
    GPIO_Init                                0x08001f19   Thumb Code   278  stm32f10x_gpio.o(.text)
    GPIO_StructInit                          0x0800202f   Thumb Code    16  stm32f10x_gpio.o(.text)
    GPIO_ReadInputDataBit                    0x0800203f   Thumb Code    18  stm32f10x_gpio.o(.text)
    GPIO_ReadInputData                       0x08002051   Thumb Code     8  stm32f10x_gpio.o(.text)
    GPIO_ReadOutputDataBit                   0x08002059   Thumb Code    18  stm32f10x_gpio.o(.text)
    GPIO_ReadOutputData                      0x0800206b   Thumb Code     8  stm32f10x_gpio.o(.text)
    GPIO_SetBits                             0x08002073   Thumb Code     4  stm32f10x_gpio.o(.text)
    GPIO_ResetBits                           0x08002077   Thumb Code     4  stm32f10x_gpio.o(.text)
    GPIO_WriteBit                            0x0800207b   Thumb Code    10  stm32f10x_gpio.o(.text)
    GPIO_Write                               0x08002085   Thumb Code     4  stm32f10x_gpio.o(.text)
    GPIO_PinLockConfig                       0x08002089   Thumb Code    18  stm32f10x_gpio.o(.text)
    GPIO_EventOutputConfig                   0x0800209b   Thumb Code    26  stm32f10x_gpio.o(.text)
    GPIO_EventOutputCmd                      0x080020b5   Thumb Code     6  stm32f10x_gpio.o(.text)
    GPIO_PinRemapConfig                      0x080020bb   Thumb Code   138  stm32f10x_gpio.o(.text)
    GPIO_EXTILineConfig                      0x08002145   Thumb Code    66  stm32f10x_gpio.o(.text)
    GPIO_ETH_MediaInterfaceConfig            0x08002187   Thumb Code     8  stm32f10x_gpio.o(.text)
    RCC_DeInit                               0x080021b5   Thumb Code    64  stm32f10x_rcc.o(.text)
    RCC_HSEConfig                            0x080021f5   Thumb Code    70  stm32f10x_rcc.o(.text)
    RCC_GetFlagStatus                        0x0800223b   Thumb Code    56  stm32f10x_rcc.o(.text)
    RCC_WaitForHSEStartUp                    0x08002273   Thumb Code    56  stm32f10x_rcc.o(.text)
    RCC_AdjustHSICalibrationValue            0x080022ab   Thumb Code    20  stm32f10x_rcc.o(.text)
    RCC_HSICmd                               0x080022bf   Thumb Code     6  stm32f10x_rcc.o(.text)
    RCC_PLLConfig                            0x080022c5   Thumb Code    24  stm32f10x_rcc.o(.text)
    RCC_PLLCmd                               0x080022dd   Thumb Code     6  stm32f10x_rcc.o(.text)
    RCC_SYSCLKConfig                         0x080022e3   Thumb Code    18  stm32f10x_rcc.o(.text)
    RCC_GetSYSCLKSource                      0x080022f5   Thumb Code    10  stm32f10x_rcc.o(.text)
    RCC_HCLKConfig                           0x080022ff   Thumb Code    18  stm32f10x_rcc.o(.text)
    RCC_PCLK1Config                          0x08002311   Thumb Code    18  stm32f10x_rcc.o(.text)
    RCC_PCLK2Config                          0x08002323   Thumb Code    20  stm32f10x_rcc.o(.text)
    RCC_ITConfig                             0x08002337   Thumb Code    26  stm32f10x_rcc.o(.text)
    RCC_USBCLKConfig                         0x08002351   Thumb Code     8  stm32f10x_rcc.o(.text)
    RCC_ADCCLKConfig                         0x08002359   Thumb Code    18  stm32f10x_rcc.o(.text)
    RCC_LSEConfig                            0x0800236b   Thumb Code    50  stm32f10x_rcc.o(.text)
    RCC_LSICmd                               0x0800239d   Thumb Code     6  stm32f10x_rcc.o(.text)
    RCC_RTCCLKConfig                         0x080023a3   Thumb Code    12  stm32f10x_rcc.o(.text)
    RCC_RTCCLKCmd                            0x080023af   Thumb Code     8  stm32f10x_rcc.o(.text)
    RCC_GetClocksFreq                        0x080023b7   Thumb Code   192  stm32f10x_rcc.o(.text)
    RCC_AHBPeriphClockCmd                    0x08002477   Thumb Code    26  stm32f10x_rcc.o(.text)
    RCC_APB2PeriphClockCmd                   0x08002491   Thumb Code    26  stm32f10x_rcc.o(.text)
    RCC_APB1PeriphClockCmd                   0x080024ab   Thumb Code    26  stm32f10x_rcc.o(.text)
    RCC_APB2PeriphResetCmd                   0x080024c5   Thumb Code    26  stm32f10x_rcc.o(.text)
    RCC_APB1PeriphResetCmd                   0x080024df   Thumb Code    26  stm32f10x_rcc.o(.text)
    RCC_BackupResetCmd                       0x080024f9   Thumb Code     8  stm32f10x_rcc.o(.text)
    RCC_ClockSecuritySystemCmd               0x08002501   Thumb Code     6  stm32f10x_rcc.o(.text)
    RCC_MCOConfig                            0x08002507   Thumb Code     6  stm32f10x_rcc.o(.text)
    RCC_ClearFlag                            0x0800250d   Thumb Code    14  stm32f10x_rcc.o(.text)
    RCC_GetITStatus                          0x0800251b   Thumb Code    20  stm32f10x_rcc.o(.text)
    RCC_ClearITPendingBit                    0x0800252f   Thumb Code     6  stm32f10x_rcc.o(.text)
    USART_DeInit                             0x08002559   Thumb Code   134  stm32f10x_usart.o(.text)
    USART_Init                               0x080025df   Thumb Code   210  stm32f10x_usart.o(.text)
    USART_StructInit                         0x080026b1   Thumb Code    24  stm32f10x_usart.o(.text)
    USART_ClockInit                          0x080026c9   Thumb Code    34  stm32f10x_usart.o(.text)
    USART_ClockStructInit                    0x080026eb   Thumb Code    12  stm32f10x_usart.o(.text)
    USART_Cmd                                0x080026f7   Thumb Code    24  stm32f10x_usart.o(.text)
    USART_ITConfig                           0x0800270f   Thumb Code    74  stm32f10x_usart.o(.text)
    USART_DMACmd                             0x08002759   Thumb Code    18  stm32f10x_usart.o(.text)
    USART_SetAddress                         0x0800276b   Thumb Code    18  stm32f10x_usart.o(.text)
    USART_WakeUpConfig                       0x0800277d   Thumb Code    18  stm32f10x_usart.o(.text)
    USART_ReceiverWakeUpCmd                  0x0800278f   Thumb Code    24  stm32f10x_usart.o(.text)
    USART_LINBreakDetectLengthConfig         0x080027a7   Thumb Code    18  stm32f10x_usart.o(.text)
    USART_LINCmd                             0x080027b9   Thumb Code    24  stm32f10x_usart.o(.text)
    USART_SendData                           0x080027d1   Thumb Code     8  stm32f10x_usart.o(.text)
    USART_ReceiveData                        0x080027d9   Thumb Code    10  stm32f10x_usart.o(.text)
    USART_SendBreak                          0x080027e3   Thumb Code    10  stm32f10x_usart.o(.text)
    USART_SetGuardTime                       0x080027ed   Thumb Code    16  stm32f10x_usart.o(.text)
    USART_SetPrescaler                       0x080027fd   Thumb Code    16  stm32f10x_usart.o(.text)
    USART_SmartCardCmd                       0x0800280d   Thumb Code    24  stm32f10x_usart.o(.text)
    USART_SmartCardNACKCmd                   0x08002825   Thumb Code    24  stm32f10x_usart.o(.text)
    USART_HalfDuplexCmd                      0x0800283d   Thumb Code    24  stm32f10x_usart.o(.text)
    USART_OverSampling8Cmd                   0x08002855   Thumb Code    22  stm32f10x_usart.o(.text)
    USART_OneBitMethodCmd                    0x0800286b   Thumb Code    24  stm32f10x_usart.o(.text)
    USART_IrDAConfig                         0x08002883   Thumb Code    18  stm32f10x_usart.o(.text)
    USART_IrDACmd                            0x08002895   Thumb Code    24  stm32f10x_usart.o(.text)
    USART_GetFlagStatus                      0x080028ad   Thumb Code    26  stm32f10x_usart.o(.text)
    USART_ClearFlag                          0x080028c7   Thumb Code    18  stm32f10x_usart.o(.text)
    USART_GetITStatus                        0x080028d9   Thumb Code    84  stm32f10x_usart.o(.text)
    USART_ClearITPendingBit                  0x0800292d   Thumb Code    52  stm32f10x_usart.o(.text)
    NVIC_PriorityGroupConfig                 0x08002961   Thumb Code    10  misc.o(.text)
    NVIC_Init                                0x0800296b   Thumb Code   100  misc.o(.text)
    NVIC_SetVectorTable                      0x080029cf   Thumb Code    14  misc.o(.text)
    NVIC_SystemLPConfig                      0x080029dd   Thumb Code    34  misc.o(.text)
    SysTick_CLKSourceConfig                  0x080029ff   Thumb Code    40  misc.o(.text)
    TIM_DeInit                               0x08002a3d   Thumb Code   424  stm32f10x_tim.o(.text)
    TIM_TimeBaseInit                         0x08002be5   Thumb Code   122  stm32f10x_tim.o(.text)
    TIM_OC1Init                              0x08002c5f   Thumb Code   132  stm32f10x_tim.o(.text)
    TIM_OC2Init                              0x08002ce3   Thumb Code   154  stm32f10x_tim.o(.text)
    TIM_OC3Init                              0x08002d7d   Thumb Code   150  stm32f10x_tim.o(.text)
    TIM_OC4Init                              0x08002e13   Thumb Code   182  stm32f10x_tim.o(.text)
    TIM_SetIC4Prescaler                      0x08002ec9   Thumb Code    26  stm32f10x_tim.o(.text)
    TIM_SetIC3Prescaler                      0x08002f65   Thumb Code    18  stm32f10x_tim.o(.text)
    TIM_SetIC2Prescaler                      0x08002ff1   Thumb Code    26  stm32f10x_tim.o(.text)
    TIM_SetIC1Prescaler                      0x0800308d   Thumb Code    18  stm32f10x_tim.o(.text)
    TIM_ICInit                               0x0800310b   Thumb Code   150  stm32f10x_tim.o(.text)
    TIM_PWMIConfig                           0x080031a1   Thumb Code   124  stm32f10x_tim.o(.text)
    TIM_BDTRConfig                           0x0800321d   Thumb Code    32  stm32f10x_tim.o(.text)
    TIM_TimeBaseStructInit                   0x0800323d   Thumb Code    18  stm32f10x_tim.o(.text)
    TIM_OCStructInit                         0x0800324f   Thumb Code    20  stm32f10x_tim.o(.text)
    TIM_ICStructInit                         0x08003263   Thumb Code    18  stm32f10x_tim.o(.text)
    TIM_BDTRStructInit                       0x08003275   Thumb Code    40  stm32f10x_tim.o(.text)
    TIM_Cmd                                  0x0800329d   Thumb Code    24  stm32f10x_tim.o(.text)
    TIM_CtrlPWMOutputs                       0x080032b5   Thumb Code    30  stm32f10x_tim.o(.text)
    TIM_ITConfig                             0x080032d3   Thumb Code    18  stm32f10x_tim.o(.text)
    TIM_GenerateEvent                        0x080032e5   Thumb Code     4  stm32f10x_tim.o(.text)
    TIM_DMAConfig                            0x080032e9   Thumb Code    10  stm32f10x_tim.o(.text)
    TIM_DMACmd                               0x080032f3   Thumb Code    18  stm32f10x_tim.o(.text)
    TIM_InternalClockConfig                  0x08003305   Thumb Code    12  stm32f10x_tim.o(.text)
    TIM_SelectInputTrigger                   0x08003311   Thumb Code    18  stm32f10x_tim.o(.text)
    TIM_ITRxExternalClockConfig              0x08003323   Thumb Code    24  stm32f10x_tim.o(.text)
    TIM_TIxExternalClockConfig               0x0800333b   Thumb Code    62  stm32f10x_tim.o(.text)
    TIM_ETRConfig                            0x08003379   Thumb Code    28  stm32f10x_tim.o(.text)
    TIM_ETRClockMode1Config                  0x08003395   Thumb Code    54  stm32f10x_tim.o(.text)
    TIM_ETRClockMode2Config                  0x080033cb   Thumb Code    32  stm32f10x_tim.o(.text)
    TIM_PrescalerConfig                      0x080033eb   Thumb Code     6  stm32f10x_tim.o(.text)
    TIM_CounterModeConfig                    0x080033f1   Thumb Code    18  stm32f10x_tim.o(.text)
    TIM_EncoderInterfaceConfig               0x08003403   Thumb Code    66  stm32f10x_tim.o(.text)
    TIM_ForcedOC1Config                      0x08003445   Thumb Code    18  stm32f10x_tim.o(.text)
    TIM_ForcedOC2Config                      0x08003457   Thumb Code    26  stm32f10x_tim.o(.text)
    TIM_ForcedOC3Config                      0x08003471   Thumb Code    18  stm32f10x_tim.o(.text)
    TIM_ForcedOC4Config                      0x08003483   Thumb Code    26  stm32f10x_tim.o(.text)
    TIM_ARRPreloadConfig                     0x0800349d   Thumb Code    24  stm32f10x_tim.o(.text)
    TIM_SelectCOM                            0x080034b5   Thumb Code    24  stm32f10x_tim.o(.text)
    TIM_SelectCCDMA                          0x080034cd   Thumb Code    24  stm32f10x_tim.o(.text)
    TIM_CCPreloadControl                     0x080034e5   Thumb Code    24  stm32f10x_tim.o(.text)
    TIM_OC1PreloadConfig                     0x080034fd   Thumb Code    18  stm32f10x_tim.o(.text)
    TIM_OC2PreloadConfig                     0x0800350f   Thumb Code    26  stm32f10x_tim.o(.text)
    TIM_OC3PreloadConfig                     0x08003529   Thumb Code    18  stm32f10x_tim.o(.text)
    TIM_OC4PreloadConfig                     0x0800353b   Thumb Code    26  stm32f10x_tim.o(.text)
    TIM_OC1FastConfig                        0x08003555   Thumb Code    18  stm32f10x_tim.o(.text)
    TIM_OC2FastConfig                        0x08003567   Thumb Code    26  stm32f10x_tim.o(.text)
    TIM_OC3FastConfig                        0x08003581   Thumb Code    18  stm32f10x_tim.o(.text)
    TIM_OC4FastConfig                        0x08003593   Thumb Code    26  stm32f10x_tim.o(.text)
    TIM_ClearOC1Ref                          0x080035ad   Thumb Code    18  stm32f10x_tim.o(.text)
    TIM_ClearOC2Ref                          0x080035bf   Thumb Code    24  stm32f10x_tim.o(.text)
    TIM_ClearOC3Ref                          0x080035d7   Thumb Code    18  stm32f10x_tim.o(.text)
    TIM_ClearOC4Ref                          0x080035e9   Thumb Code    24  stm32f10x_tim.o(.text)
    TIM_OC1PolarityConfig                    0x08003601   Thumb Code    18  stm32f10x_tim.o(.text)
    TIM_OC1NPolarityConfig                   0x08003613   Thumb Code    18  stm32f10x_tim.o(.text)
    TIM_OC2PolarityConfig                    0x08003625   Thumb Code    26  stm32f10x_tim.o(.text)
    TIM_OC2NPolarityConfig                   0x0800363f   Thumb Code    26  stm32f10x_tim.o(.text)
    TIM_OC3PolarityConfig                    0x08003659   Thumb Code    26  stm32f10x_tim.o(.text)
    TIM_OC3NPolarityConfig                   0x08003673   Thumb Code    26  stm32f10x_tim.o(.text)
    TIM_OC4PolarityConfig                    0x0800368d   Thumb Code    26  stm32f10x_tim.o(.text)
    TIM_CCxCmd                               0x080036a7   Thumb Code    30  stm32f10x_tim.o(.text)
    TIM_CCxNCmd                              0x080036c5   Thumb Code    30  stm32f10x_tim.o(.text)
    TIM_SelectOCxM                           0x080036e3   Thumb Code    82  stm32f10x_tim.o(.text)
    TIM_UpdateDisableConfig                  0x08003735   Thumb Code    24  stm32f10x_tim.o(.text)
    TIM_UpdateRequestConfig                  0x0800374d   Thumb Code    24  stm32f10x_tim.o(.text)
    TIM_SelectHallSensor                     0x08003765   Thumb Code    24  stm32f10x_tim.o(.text)
    TIM_SelectOnePulseMode                   0x0800377d   Thumb Code    18  stm32f10x_tim.o(.text)
    TIM_SelectOutputTrigger                  0x0800378f   Thumb Code    18  stm32f10x_tim.o(.text)
    TIM_SelectSlaveMode                      0x080037a1   Thumb Code    18  stm32f10x_tim.o(.text)
    TIM_SelectMasterSlaveMode                0x080037b3   Thumb Code    18  stm32f10x_tim.o(.text)
    TIM_SetCounter                           0x080037c5   Thumb Code     4  stm32f10x_tim.o(.text)
    TIM_SetAutoreload                        0x080037c9   Thumb Code     4  stm32f10x_tim.o(.text)
    TIM_SetCompare1                          0x080037cd   Thumb Code     4  stm32f10x_tim.o(.text)
    TIM_SetCompare2                          0x080037d1   Thumb Code     4  stm32f10x_tim.o(.text)
    TIM_SetCompare3                          0x080037d5   Thumb Code     4  stm32f10x_tim.o(.text)
    TIM_SetCompare4                          0x080037d9   Thumb Code     6  stm32f10x_tim.o(.text)
    TIM_SetClockDivision                     0x080037df   Thumb Code    18  stm32f10x_tim.o(.text)
    TIM_GetCapture1                          0x080037f1   Thumb Code     6  stm32f10x_tim.o(.text)
    TIM_GetCapture2                          0x080037f7   Thumb Code     6  stm32f10x_tim.o(.text)
    TIM_GetCapture3                          0x080037fd   Thumb Code     6  stm32f10x_tim.o(.text)
    TIM_GetCapture4                          0x08003803   Thumb Code     8  stm32f10x_tim.o(.text)
    TIM_GetCounter                           0x0800380b   Thumb Code     6  stm32f10x_tim.o(.text)
    TIM_GetPrescaler                         0x08003811   Thumb Code     6  stm32f10x_tim.o(.text)
    TIM_GetFlagStatus                        0x08003817   Thumb Code    18  stm32f10x_tim.o(.text)
    TIM_ClearFlag                            0x08003829   Thumb Code     6  stm32f10x_tim.o(.text)
    TIM_GetITStatus                          0x0800382f   Thumb Code    34  stm32f10x_tim.o(.text)
    TIM_ClearITPendingBit                    0x08003851   Thumb Code     6  stm32f10x_tim.o(.text)
    EXTI_DeInit                              0x08003859   Thumb Code    28  stm32f10x_exti.o(.text)
    EXTI_Init                                0x08003875   Thumb Code   142  stm32f10x_exti.o(.text)
    EXTI_StructInit                          0x08003903   Thumb Code    16  stm32f10x_exti.o(.text)
    EXTI_GenerateSWInterrupt                 0x08003913   Thumb Code    16  stm32f10x_exti.o(.text)
    EXTI_GetFlagStatus                       0x08003923   Thumb Code    22  stm32f10x_exti.o(.text)
    EXTI_ClearFlag                           0x08003939   Thumb Code     8  stm32f10x_exti.o(.text)
    EXTI_GetITStatus                         0x08003941   Thumb Code    34  stm32f10x_exti.o(.text)
    EXTI_ClearITPendingBit                   0x08003963   Thumb Code     8  stm32f10x_exti.o(.text)
    ESP8266_Clear                            0x08003975   Thumb Code    18  esp8266.o(.text)
    ESP8266_WaitRecive                       0x08003987   Thumb Code    42  esp8266.o(.text)
    ESP8266_SendCmd                          0x080039b1   Thumb Code    76  esp8266.o(.text)
    ESP8266_SendData                         0x080039fd   Thumb Code    46  esp8266.o(.text)
    ESP8266_GetIPD                           0x08003a2b   Thumb Code    66  esp8266.o(.text)
    ESP8266_Init                             0x08003a6d   Thumb Code   236  esp8266.o(.text)
    USART2_IRQHandler                        0x08003b59   Thumb Code    62  esp8266.o(.text)
    MQTT_NewBuffer                           0x08003d75   Thumb Code    88  mqttkit.o(.text)
    MQTT_DeleteBuffer                        0x08003dcd   Thumb Code    28  mqttkit.o(.text)
    MQTT_DumpLength                          0x08003de9   Thumb Code    46  mqttkit.o(.text)
    MQTT_ReadLength                          0x08003e17   Thumb Code    70  mqttkit.o(.text)
    MQTT_UnPacketRecv                        0x08003e5d   Thumb Code   106  mqttkit.o(.text)
    MQTT_PacketConnect                       0x08003ec7   Thumb Code   666  mqttkit.o(.text)
    MQTT_PacketDisConnect                    0x08004161   Thumb Code    48  mqttkit.o(.text)
    MQTT_UnPacketConnectAck                  0x08004191   Thumb Code    30  mqttkit.o(.text)
    MQTT_PacketPublish                       0x080041af   Thumb Code   430  mqttkit.o(.text)
    MQTT_PacketSaveData                      0x0800435d   Thumb Code    88  mqttkit.o(.text)
    MQTT_PacketSaveBinData                   0x080043b5   Thumb Code   192  mqttkit.o(.text)
    MQTT_UnPacketCmd                         0x08004475   Thumb Code   140  mqttkit.o(.text)
    MQTT_PacketCmdResp                       0x08004501   Thumb Code   132  mqttkit.o(.text)
    MQTT_PacketSubscribe                     0x08004585   Thumb Code   254  mqttkit.o(.text)
    MQTT_UnPacketSubscribe                   0x08004683   Thumb Code    52  mqttkit.o(.text)
    MQTT_PacketUnSubscribe                   0x080046b7   Thumb Code   266  mqttkit.o(.text)
    MQTT_UnPacketUnSubscribe                 0x080047c1   Thumb Code    18  mqttkit.o(.text)
    MQTT_UnPacketPublish                     0x080047d3   Thumb Code   440  mqttkit.o(.text)
    MQTT_PacketPublishAck                    0x0800498b   Thumb Code    72  mqttkit.o(.text)
    MQTT_UnPacketPublishAck                  0x080049d3   Thumb Code    30  mqttkit.o(.text)
    MQTT_PacketPublishRec                    0x080049f1   Thumb Code    72  mqttkit.o(.text)
    MQTT_UnPacketPublishRec                  0x08004a39   Thumb Code    30  mqttkit.o(.text)
    MQTT_PacketPublishRel                    0x08004a57   Thumb Code    72  mqttkit.o(.text)
    MQTT_UnPacketPublishRel                  0x08004a9f   Thumb Code    36  mqttkit.o(.text)
    MQTT_PacketPublishComp                   0x08004ac3   Thumb Code    72  mqttkit.o(.text)
    MQTT_UnPacketPublishComp                 0x08004b0b   Thumb Code    30  mqttkit.o(.text)
    MQTT_PacketPing                          0x08004b29   Thumb Code    48  mqttkit.o(.text)
    OneNet_DevLink                           0x08004b59   Thumb Code   236  onenet.o(.text)
    OneNet_Subscribe                         0x08004c45   Thumb Code    78  onenet.o(.text)
    OneNet_Publish                           0x08004c93   Thumb Code    84  onenet.o(.text)
    OneNet_RevPro                            0x08004ce7   Thumb Code  1438  onenet.o(.text)
    cJSON_GetErrorPtr                        0x080052a5   Thumb Code     6  cjson.o(.text)
    cJSON_InitHooks                          0x0800531f   Thumb Code    48  cjson.o(.text)
    cJSON_Delete                             0x08005369   Thumb Code    82  cjson.o(.text)
    cJSON_ParseWithOpts                      0x08005ed5   Thumb Code   152  cjson.o(.text)
    cJSON_Parse                              0x08005f6d   Thumb Code    16  cjson.o(.text)
    cJSON_Print                              0x080066fd   Thumb Code    18  cjson.o(.text)
    cJSON_PrintUnformatted                   0x0800670f   Thumb Code    18  cjson.o(.text)
    cJSON_PrintBuffered                      0x08006721   Thumb Code    52  cjson.o(.text)
    cJSON_GetArraySize                       0x08006755   Thumb Code    18  cjson.o(.text)
    cJSON_GetArrayItem                       0x08006767   Thumb Code    18  cjson.o(.text)
    cJSON_GetObjectItem                      0x08006779   Thumb Code    30  cjson.o(.text)
    cJSON_AddItemToArray                     0x080067cd   Thumb Code    42  cjson.o(.text)
    cJSON_AddItemToObject                    0x080067f7   Thumb Code    44  cjson.o(.text)
    cJSON_AddItemToObjectCS                  0x08006823   Thumb Code    54  cjson.o(.text)
    cJSON_AddItemReferenceToArray            0x08006859   Thumb Code    24  cjson.o(.text)
    cJSON_AddItemReferenceToObject           0x08006871   Thumb Code    32  cjson.o(.text)
    cJSON_DetachItemFromArray                0x08006891   Thumb Code    66  cjson.o(.text)
    cJSON_DeleteItemFromArray                0x080068d3   Thumb Code    22  cjson.o(.text)
    cJSON_DetachItemFromObject               0x080068e9   Thumb Code    50  cjson.o(.text)
    cJSON_DeleteItemFromObject               0x0800691b   Thumb Code    22  cjson.o(.text)
    cJSON_InsertItemInArray                  0x08006931   Thumb Code    64  cjson.o(.text)
    cJSON_ReplaceItemInArray                 0x08006971   Thumb Code    76  cjson.o(.text)
    cJSON_ReplaceItemInObject                0x080069bd   Thumb Code    62  cjson.o(.text)
    cJSON_CreateNull                         0x080069fb   Thumb Code    18  cjson.o(.text)
    cJSON_CreateTrue                         0x08006a0d   Thumb Code    18  cjson.o(.text)
    cJSON_CreateFalse                        0x08006a1f   Thumb Code    18  cjson.o(.text)
    cJSON_CreateBool                         0x08006a31   Thumb Code    26  cjson.o(.text)
    cJSON_CreateNumber                       0x08006a4b   Thumb Code    36  cjson.o(.text)
    cJSON_CreateString                       0x08006a6f   Thumb Code    28  cjson.o(.text)
    cJSON_CreateArray                        0x08006a8b   Thumb Code    18  cjson.o(.text)
    cJSON_CreateObject                       0x08006a9d   Thumb Code    18  cjson.o(.text)
    cJSON_CreateIntArray                     0x08006aaf   Thumb Code    68  cjson.o(.text)
    cJSON_CreateFloatArray                   0x08006af3   Thumb Code    68  cjson.o(.text)
    cJSON_CreateDoubleArray                  0x08006b37   Thumb Code    68  cjson.o(.text)
    cJSON_CreateStringArray                  0x08006b7b   Thumb Code    62  cjson.o(.text)
    cJSON_Duplicate                          0x08006bb9   Thumb Code   178  cjson.o(.text)
    cJSON_Minify                             0x08006c6b   Thumb Code   186  cjson.o(.text)
    malloc                                   0x08006d25   Thumb Code    94  h1_alloc.o(.text)
    free                                     0x08006d83   Thumb Code    78  h1_free.o(.text)
    tolower                                  0x08006dd1   Thumb Code    26  tolower.o(.text)
    __c89vsnprintf                           0x08006ded   Thumb Code    48  c89vsnprintf.o(.text)
    __2sprintf                               0x08006e21   Thumb Code    38  __2sprintf.o(.text)
    _printf_pre_padding                      0x08006e4d   Thumb Code    44  _printf_pad.o(.text)
    _printf_post_padding                     0x08006e79   Thumb Code    34  _printf_pad.o(.text)
    _printf_str                              0x08006e9b   Thumb Code    82  _printf_str.o(.text)
    _printf_int_dec                          0x08006eed   Thumb Code   104  _printf_dec.o(.text)
    _printf_longlong_hex                     0x08006f65   Thumb Code    86  _printf_hex_int_ll_ptr.o(.text)
    _printf_int_hex                          0x08006fbb   Thumb Code    28  _printf_hex_int_ll_ptr.o(.text)
    _printf_ll_hex                           0x08006fd7   Thumb Code    12  _printf_hex_int_ll_ptr.o(.text)
    _printf_hex_ptr                          0x08006fe3   Thumb Code    18  _printf_hex_int_ll_ptr.o(.text)
    __printf                                 0x08006ff9   Thumb Code   388  __printf_flags_ss_wp.o(.text)
    atoi                                     0x08007181   Thumb Code    26  atoi.o(.text)
    srand                                    0x0800719d   Thumb Code    42  rand.o(.text)
    _rand_init                               0x080071c7   Thumb Code     4  rand.o(.text)
    strchr                                   0x080071d9   Thumb Code    20  strchr.o(.text)
    strncat                                  0x080071ed   Thumb Code    36  strncat.o(.text)
    strstr                                   0x08007211   Thumb Code    36  strstr.o(.text)
    strcpy                                   0x08007235   Thumb Code    72  strcpy.o(.text)
    strlen                                   0x0800727d   Thumb Code    62  strlen.o(.text)
    strncmp                                  0x080072bb   Thumb Code   150  strncmp.o(.text)
    __aeabi_memcpy                           0x08007351   Thumb Code     0  rt_memcpy_v6.o(.text)
    __rt_memcpy                              0x08007351   Thumb Code   138  rt_memcpy_v6.o(.text)
    _memcpy_lastbytes                        0x080073b7   Thumb Code     0  rt_memcpy_v6.o(.text)
    __aeabi_memcpy4                          0x080073db   Thumb Code     0  rt_memcpy_w.o(.text)
    __aeabi_memcpy8                          0x080073db   Thumb Code     0  rt_memcpy_w.o(.text)
    __rt_memcpy_w                            0x080073db   Thumb Code   100  rt_memcpy_w.o(.text)
    _memcpy_lastbytes_aligned                0x08007423   Thumb Code     0  rt_memcpy_w.o(.text)
    __aeabi_memclr                           0x0800743f   Thumb Code     0  rt_memclr.o(.text)
    __rt_memclr                              0x0800743f   Thumb Code    68  rt_memclr.o(.text)
    _memset                                  0x08007443   Thumb Code     0  rt_memclr.o(.text)
    __aeabi_memclr4                          0x08007483   Thumb Code     0  rt_memclr_w.o(.text)
    __aeabi_memclr8                          0x08007483   Thumb Code     0  rt_memclr_w.o(.text)
    __rt_memclr_w                            0x08007483   Thumb Code    78  rt_memclr_w.o(.text)
    _memset_w                                0x08007487   Thumb Code     0  rt_memclr_w.o(.text)
    __use_two_region_memory                  0x080074d1   Thumb Code     2  heapauxi.o(.text)
    __rt_heap_escrow                         0x080074d3   Thumb Code     2  heapauxi.o(.text)
    __rt_heap_expand                         0x080074d5   Thumb Code     2  heapauxi.o(.text)
    __rt_ctype_table                         0x080074d9   Thumb Code    16  rt_ctype_table.o(.text)
    __rt_heap_descriptor                     0x080074e9   Thumb Code     8  rt_heap_descriptor_intlibspace.o(.text)
    __aeabi_errno_addr                       0x080074f1   Thumb Code     8  rt_errno_addr_intlibspace.o(.text)
    __errno$intlibspace                      0x080074f1   Thumb Code     0  rt_errno_addr_intlibspace.o(.text)
    __rt_errno_addr$intlibspace              0x080074f1   Thumb Code     0  rt_errno_addr_intlibspace.o(.text)
    __use_no_heap                            0x080074f9   Thumb Code     2  hguard.o(.text)
    __heap$guard                             0x080074fb   Thumb Code     2  hguard.o(.text)
    _terminate_user_alloc                    0x080074fd   Thumb Code     2  init_alloc.o(.text)
    _init_user_alloc                         0x080074ff   Thumb Code     2  init_alloc.o(.text)
    __Heap_Full                              0x08007501   Thumb Code    34  init_alloc.o(.text)
    __Heap_Broken                            0x08007523   Thumb Code     6  init_alloc.o(.text)
    _init_alloc                              0x08007529   Thumb Code    94  init_alloc.o(.text)
    __Heap_Initialize                        0x08007587   Thumb Code    10  h1_init.o(.text)
    __Heap_DescSize                          0x08007591   Thumb Code     4  h1_init.o(.text)
    __read_errno                             0x08007595   Thumb Code    10  _rserrno.o(.text)
    __set_errno                              0x0800759f   Thumb Code    12  _rserrno.o(.text)
    _printf_truncate_signed                  0x080075ab   Thumb Code    18  _printf_truncate.o(.text)
    _printf_truncate_unsigned                0x080075bd   Thumb Code    18  _printf_truncate.o(.text)
    _printf_int_common                       0x080075cf   Thumb Code   178  _printf_intcommon.o(.text)
    _printf_charcount                        0x08007681   Thumb Code    40  _printf_charcount.o(.text)
    __lib_sel_fp_printf                      0x080076a9   Thumb Code     2  _printf_fp_dec.o(.text)
    _printf_fp_dec_real                      0x0800785b   Thumb Code   620  _printf_fp_dec.o(.text)
    _printf_char_common                      0x08007ad3   Thumb Code    32  _printf_char_common.o(.text)
    _sputc                                   0x08007af9   Thumb Code    10  _sputc.o(.text)
    _snputc                                  0x08007b03   Thumb Code    16  _snputc.o(.text)
    _printf_cs_common                        0x08007b13   Thumb Code    20  _printf_char.o(.text)
    _printf_char                             0x08007b27   Thumb Code    16  _printf_char.o(.text)
    _printf_string                           0x08007b37   Thumb Code     8  _printf_char.o(.text)
    _printf_wctomb                           0x08007b41   Thumb Code   182  _printf_wctomb.o(.text)
    _printf_longlong_dec                     0x08007bfd   Thumb Code   108  _printf_longlong_dec.o(.text)
    _printf_longlong_oct                     0x08007c79   Thumb Code    66  _printf_oct_int_ll.o(.text)
    _printf_int_oct                          0x08007cbb   Thumb Code    24  _printf_oct_int_ll.o(.text)
    _printf_ll_oct                           0x08007cd3   Thumb Code    12  _printf_oct_int_ll.o(.text)
    strtol                                   0x08007ce9   Thumb Code   112  strtol.o(.text)
    __user_libspace                          0x08007d59   Thumb Code     8  libspace.o(.text)
    __user_perproc_libspace                  0x08007d59   Thumb Code     0  libspace.o(.text)
    __user_perthread_libspace                0x08007d59   Thumb Code     0  libspace.o(.text)
    __rt_locale                              0x08007d61   Thumb Code     8  rt_locale_intlibspace.o(.text)
    __Heap_ProvideMemory                     0x08007d69   Thumb Code    52  h1_extend.o(.text)
    _ll_udiv10                               0x08007d9d   Thumb Code   138  lludiv10.o(.text)
    _printf_fp_infnan                        0x08007e29   Thumb Code   112  _printf_fp_infnan.o(.text)
    _printf_lcs_common                       0x08007ea9   Thumb Code    20  _printf_wchar.o(.text)
    _printf_wchar                            0x08007ebd   Thumb Code    16  _printf_wchar.o(.text)
    _printf_wstring                          0x08007ecd   Thumb Code     8  _printf_wchar.o(.text)
    _strtoul                                 0x08007ed5   Thumb Code   158  _strtoul.o(.text)
    _btod_etento                             0x08007f75   Thumb Code   224  bigflt0.o(.text)
    _wcrtomb                                 0x08008059   Thumb Code    64  _wcrtomb.o(.text)
    __rt_SIGRTMEM                            0x08008099   Thumb Code    14  defsig_rtmem_outer.o(.text)
    __I$use$semihosting                      0x080080a7   Thumb Code     0  use_no_semi.o(.text)
    __use_no_semihosting_swi                 0x080080a7   Thumb Code     2  use_no_semi.o(.text)
    __semihosting_library_function           0x080080a9   Thumb Code     0  indicate_semi.o(.text)
    __user_setup_stackheap                   0x080080a9   Thumb Code    74  sys_stackheap_outer.o(.text)
    _chval                                   0x080080f3   Thumb Code    28  _chval.o(.text)
    exit                                     0x0800810f   Thumb Code    18  exit.o(.text)
    __sig_exit                               0x08008121   Thumb Code    10  defsig_exit.o(.text)
    __rt_SIGRTMEM_inner                      0x0800812d   Thumb Code    22  defsig_rtmem_inner.o(.text)
    strcmp                                   0x0800817d   Thumb Code   128  strcmpv7m.o(.text)
    _sys_exit                                0x080081fd   Thumb Code     8  sys_exit.o(.text)
    __default_signal_display                 0x08008209   Thumb Code    50  defsig_general.o(.text)
    _ttywrch                                 0x0800823b   Thumb Code    14  sys_wrch.o(.text)
    _btod_d2e                                0x08008249   Thumb Code    62  btod.o(CL$$btod_d2e)
    _d2e_denorm_low                          0x08008287   Thumb Code    70  btod.o(CL$$btod_d2e_denorm_low)
    _d2e_norm_op1                            0x080082cd   Thumb Code    96  btod.o(CL$$btod_d2e_norm_op1)
    __btod_div_common                        0x0800832d   Thumb Code   696  btod.o(CL$$btod_div_common)
    _e2e                                     0x08008665   Thumb Code   220  btod.o(CL$$btod_e2e)
    _btod_ediv                               0x08008741   Thumb Code    42  btod.o(CL$$btod_ediv)
    _btod_emul                               0x0800876b   Thumb Code    42  btod.o(CL$$btod_emul)
    __btod_mult_common                       0x08008795   Thumb Code   580  btod.o(CL$$btod_mult_common)
    __ARM_fpclassify                         0x080089d9   Thumb Code    40  fpclassify.o(i.__ARM_fpclassify)
    __kernel_poly                            0x08008a01   Thumb Code   170  poly.o(i.__kernel_poly)
    __mathlib_dbl_divzero                    0x08008aad   Thumb Code    12  dunder.o(i.__mathlib_dbl_divzero)
    __mathlib_dbl_infnan2                    0x08008abd   Thumb Code     4  dunder.o(i.__mathlib_dbl_infnan2)
    __mathlib_dbl_invalid                    0x08008ac1   Thumb Code    12  dunder.o(i.__mathlib_dbl_invalid)
    __mathlib_dbl_overflow                   0x08008acd   Thumb Code    14  dunder.o(i.__mathlib_dbl_overflow)
    __mathlib_dbl_underflow                  0x08008add   Thumb Code    10  dunder.o(i.__mathlib_dbl_underflow)
    _is_digit                                0x08008aed   Thumb Code    14  __printf_wp.o(i._is_digit)
    floor                                    0x08008afd   Thumb Code   204  floor.o(i.floor)
    pow                                      0x08008bd9   Thumb Code  2512  pow.o(i.pow)
    sqrt                                     0x080095b1   Thumb Code    76  sqrt.o(i.sqrt)
    _get_lc_ctype                            0x080095fd   Thumb Code    44  lc_ctype_c.o(locale$$code)
    _get_lc_numeric                          0x08009629   Thumb Code    44  lc_numeric_c.o(locale$$code)
    __aeabi_dadd                             0x08009655   Thumb Code     0  daddsub_clz.o(x$fpl$dadd)
    _dadd                                    0x08009655   Thumb Code   332  daddsub_clz.o(x$fpl$dadd)
    __fpl_dcheck_NaN1                        0x080097a5   Thumb Code    10  dcheck1.o(x$fpl$dcheck1)
    __fpl_dcmp_Inf                           0x080097b5   Thumb Code    24  dcmpi.o(x$fpl$dcmpinf)
    __aeabi_ddiv                             0x080097cd   Thumb Code     0  ddiv.o(x$fpl$ddiv)
    _ddiv                                    0x080097cd   Thumb Code   552  ddiv.o(x$fpl$ddiv)
    __aeabi_cdcmpeq                          0x08009a7d   Thumb Code     0  deqf.o(x$fpl$deqf)
    _dcmpeq                                  0x08009a7d   Thumb Code   120  deqf.o(x$fpl$deqf)
    __aeabi_d2iz                             0x08009af5   Thumb Code     0  dfix.o(x$fpl$dfix)
    _dfix                                    0x08009af5   Thumb Code    94  dfix.o(x$fpl$dfix)
    __aeabi_i2d                              0x08009b53   Thumb Code     0  dflt_clz.o(x$fpl$dflt)
    _dflt                                    0x08009b53   Thumb Code    46  dflt_clz.o(x$fpl$dflt)
    __aeabi_cdcmple                          0x08009b81   Thumb Code     0  dleqf.o(x$fpl$dleqf)
    _dcmple                                  0x08009b81   Thumb Code   120  dleqf.o(x$fpl$dleqf)
    __fpl_dcmple_InfNaN                      0x08009be3   Thumb Code     0  dleqf.o(x$fpl$dleqf)
    __aeabi_dmul                             0x08009bf9   Thumb Code     0  dmul.o(x$fpl$dmul)
    _dmul                                    0x08009bf9   Thumb Code   332  dmul.o(x$fpl$dmul)
    __fpl_dnaninf                            0x08009d4d   Thumb Code   156  dnaninf.o(x$fpl$dnaninf)
    __fpl_dretinf                            0x08009de9   Thumb Code    12  dretinf.o(x$fpl$dretinf)
    __aeabi_cdrcmple                         0x08009df5   Thumb Code     0  drleqf.o(x$fpl$drleqf)
    _drcmple                                 0x08009df5   Thumb Code   108  drleqf.o(x$fpl$drleqf)
    __aeabi_drsub                            0x08009e61   Thumb Code     0  daddsub_clz.o(x$fpl$drsb)
    _drsb                                    0x08009e61   Thumb Code    22  daddsub_clz.o(x$fpl$drsb)
    _dsqrt                                   0x08009e79   Thumb Code   456  dsqrt_noumaal.o(x$fpl$dsqrt)
    __aeabi_dsub                             0x0800a045   Thumb Code     0  daddsub_clz.o(x$fpl$dsub)
    _dsub                                    0x0800a045   Thumb Code   464  daddsub_clz.o(x$fpl$dsub)
    __aeabi_f2d                              0x0800a219   Thumb Code     0  f2d.o(x$fpl$f2d)
    _f2d                                     0x0800a219   Thumb Code    86  f2d.o(x$fpl$f2d)
    __fpl_fcmp_Inf                           0x0800a26f   Thumb Code    24  fcmpi.o(x$fpl$fcmpinf)
    __aeabi_fdiv                             0x0800a289   Thumb Code     0  fdiv.o(x$fpl$fdiv)
    _fdiv                                    0x0800a289   Thumb Code   384  fdiv.o(x$fpl$fdiv)
    __aeabi_ui2f                             0x0800a40d   Thumb Code     0  fflt_clz.o(x$fpl$ffltu)
    _ffltu                                   0x0800a40d   Thumb Code    38  fflt_clz.o(x$fpl$ffltu)
    __aeabi_cfcmple                          0x0800a435   Thumb Code     0  fleqf.o(x$fpl$fleqf)
    _fcmple                                  0x0800a435   Thumb Code   104  fleqf.o(x$fpl$fleqf)
    __fpl_fcmple_InfNaN                      0x0800a487   Thumb Code     0  fleqf.o(x$fpl$fleqf)
    __aeabi_fmul                             0x0800a49d   Thumb Code     0  fmul.o(x$fpl$fmul)
    _fmul                                    0x0800a49d   Thumb Code   258  fmul.o(x$fpl$fmul)
    __fpl_fnaninf                            0x0800a59f   Thumb Code   140  fnaninf.o(x$fpl$fnaninf)
    __fpl_fretinf                            0x0800a62b   Thumb Code    10  fretinf.o(x$fpl$fretinf)
    _printf_fp_dec                           0x0800a635   Thumb Code     4  printf1.o(x$fpl$printf1)
    __fpl_return_NaN                         0x0800a639   Thumb Code   100  retnan.o(x$fpl$retnan)
    __ARM_scalbn                             0x0800a69d   Thumb Code    92  scalbn.o(x$fpl$scalbn)
    __fpl_cmpreturn                          0x0800a6f9   Thumb Code    48  trapv.o(x$fpl$trapveneer)
    __I$use$fp                               0x0800a728   Number         0  usenofp.o(x$fpl$usenofp)
    devPubTopic                              0x0800a728   Data          17  main.o(.constdata)
    asc2_1206                                0x0800a739   Data        1140  oled.o(.constdata)
    asc2_1608                                0x0800abad   Data        1520  oled.o(.constdata)
    asc2_2412                                0x0800b19d   Data        3420  oled.o(.constdata)
    __mathlib_zero                           0x0800bfd0   Data           8  qnan.o(.constdata)
    Region$$Table$$Base                      0x0800c128   Number         0  anon$$obj.o(Region$$Table)
    Region$$Table$$Limit                     0x0800c148   Number         0  anon$$obj.o(Region$$Table)
    __ctype                                  0x0800c155   Data           0  lc_ctype_c.o(locale$$data)
    alarmFlag                                0x20000000   Data           1  main.o(.data)
    alarm_is_free                            0x20000001   Data           1  main.o(.data)
    humidityH                                0x20000002   Data           1  main.o(.data)
    humidityL                                0x20000003   Data           1  main.o(.data)
    temperatureH                             0x20000004   Data           1  main.o(.data)
    temperatureL                             0x20000005   Data           1  main.o(.data)
    Light                                    0x20000008   Data           4  main.o(.data)
    Led_Status                               0x2000000c   Data           1  main.o(.data)
    devSubTopic                              0x20000010   Data           4  main.o(.data)
    ESP8266_INIT_OK                          0x20000014   Data           1  main.o(.data)
    SystemCoreClock                          0x20000018   Data           4  system_stm32f10x.o(.data)
    AHBPrescTable                            0x2000001c   Data          16  system_stm32f10x.o(.data)
    Hzk1                                     0x2000002c   Data         352  oled.o(.data)
    Hzk2                                     0x2000018c   Data         216  oled.o(.data)
    Hzk3                                     0x20000264   Data         512  oled.o(.data)
    Hzk4                                     0x20000464   Data        4096  oled.o(.data)
    esp8266_cnt                              0x2000147e   Data           2  esp8266.o(.data)
    esp8266_cntPre                           0x20001480   Data           2  esp8266.o(.data)
    PUB_BUF                                  0x20001490   Data         256  main.o(.bss)
    OLED_GRAM                                0x20001590   Data        1152  oled.o(.bss)
    oledBuf                                  0x20001a50   Data          20  timer.o(.bss)
    esp8266_buf                              0x20001a64   Data         128  esp8266.o(.bss)
    _random_number_data                      0x20001ae4   Data         228  rand.o(.bss)
    __libspace_start                         0x20001bc8   Data          96  libspace.o(.bss)
    __temporary_stack_top$libspace           0x20001c28   Data           0  libspace.o(.bss)



==============================================================================

Memory Map of the image

  Image Entry point : 0x080000ed

  Load Region LR_IROM1 (Base: 0x08000000, Size: 0x0000d704, Max: 0x00010000, ABSOLUTE, COMPRESSED[0x0000c458])

    Execution Region ER_IROM1 (Exec base: 0x08000000, Load base: 0x08000000, Size: 0x0000c274, Max: 0x00010000, ABSOLUTE)

    Exec Addr    Load Addr    Size         Type   Attr      Idx    E Section Name        Object

    0x08000000   0x08000000   0x000000ec   Data   RO          388    RESET               startup_stm32f10x_md.o
    0x080000ec   0x080000ec   0x00000008   Code   RO          720  * !!!main             c_w.l(__main.o)
    0x080000f4   0x080000f4   0x00000034   Code   RO         1143    !!!scatter          c_w.l(__scatter.o)
    0x08000128   0x08000128   0x0000005a   Code   RO         1141    !!dczerorl2         c_w.l(__dczerorl2.o)
    0x08000182   0x08000182   0x00000002   PAD
    0x08000184   0x08000184   0x0000001c   Code   RO         1145    !!handler_zi        c_w.l(__scatter_zi.o)
    0x080001a0   0x080001a0   0x00000000   Code   RO          690    .ARM.Collect$$_printf_percent$$00000000  c_w.l(_printf_percent.o)
    0x080001a0   0x080001a0   0x00000006   Code   RO          843    .ARM.Collect$$_printf_percent$$00000001  c_w.l(_printf_n.o)
    0x080001a6   0x080001a6   0x00000006   Code   RO          844    .ARM.Collect$$_printf_percent$$00000002  c_w.l(_printf_p.o)
    0x080001ac   0x080001ac   0x00000006   Code   RO          688    .ARM.Collect$$_printf_percent$$00000003  c_w.l(_printf_f.o)
    0x080001b2   0x080001b2   0x00000006   Code   RO          689    .ARM.Collect$$_printf_percent$$00000004  c_w.l(_printf_e.o)
    0x080001b8   0x080001b8   0x00000006   Code   RO          848    .ARM.Collect$$_printf_percent$$00000005  c_w.l(_printf_g.o)
    0x080001be   0x080001be   0x00000006   Code   RO          849    .ARM.Collect$$_printf_percent$$00000006  c_w.l(_printf_a.o)
    0x080001c4   0x080001c4   0x0000000a   Code   RO          854    .ARM.Collect$$_printf_percent$$00000007  c_w.l(_printf_ll.o)
    0x080001ce   0x080001ce   0x00000006   Code   RO          846    .ARM.Collect$$_printf_percent$$00000008  c_w.l(_printf_i.o)
    0x080001d4   0x080001d4   0x00000006   Code   RO          687    .ARM.Collect$$_printf_percent$$00000009  c_w.l(_printf_d.o)
    0x080001da   0x080001da   0x00000006   Code   RO          847    .ARM.Collect$$_printf_percent$$0000000A  c_w.l(_printf_u.o)
    0x080001e0   0x080001e0   0x00000006   Code   RO          845    .ARM.Collect$$_printf_percent$$0000000B  c_w.l(_printf_o.o)
    0x080001e6   0x080001e6   0x00000006   Code   RO          686    .ARM.Collect$$_printf_percent$$0000000C  c_w.l(_printf_x.o)
    0x080001ec   0x080001ec   0x00000006   Code   RO          851    .ARM.Collect$$_printf_percent$$0000000D  c_w.l(_printf_lli.o)
    0x080001f2   0x080001f2   0x00000006   Code   RO          852    .ARM.Collect$$_printf_percent$$0000000E  c_w.l(_printf_lld.o)
    0x080001f8   0x080001f8   0x00000006   Code   RO          853    .ARM.Collect$$_printf_percent$$0000000F  c_w.l(_printf_llu.o)
    0x080001fe   0x080001fe   0x00000006   Code   RO          858    .ARM.Collect$$_printf_percent$$00000010  c_w.l(_printf_llo.o)
    0x08000204   0x08000204   0x00000006   Code   RO          859    .ARM.Collect$$_printf_percent$$00000011  c_w.l(_printf_llx.o)
    0x0800020a   0x0800020a   0x0000000a   Code   RO          855    .ARM.Collect$$_printf_percent$$00000012  c_w.l(_printf_l.o)
    0x08000214   0x08000214   0x00000006   Code   RO          842    .ARM.Collect$$_printf_percent$$00000013  c_w.l(_printf_c.o)
    0x0800021a   0x0800021a   0x00000006   Code   RO          685    .ARM.Collect$$_printf_percent$$00000014  c_w.l(_printf_s.o)
    0x08000220   0x08000220   0x00000006   Code   RO          856    .ARM.Collect$$_printf_percent$$00000015  c_w.l(_printf_lc.o)
    0x08000226   0x08000226   0x00000006   Code   RO          857    .ARM.Collect$$_printf_percent$$00000016  c_w.l(_printf_ls.o)
    0x0800022c   0x0800022c   0x00000004   Code   RO          850    .ARM.Collect$$_printf_percent$$00000017  c_w.l(_printf_percent_end.o)
    0x08000230   0x08000230   0x00000002   Code   RO         1076    .ARM.Collect$$libinit$$00000000  c_w.l(libinit.o)
    0x08000232   0x08000232   0x00000000   Code   RO          865    .ARM.Collect$$libinit$$00000002  c_w.l(libinit2.o)
    0x08000232   0x08000232   0x00000000   Code   RO          867    .ARM.Collect$$libinit$$00000004  c_w.l(libinit2.o)
    0x08000232   0x08000232   0x00000008   Code   RO          868    .ARM.Collect$$libinit$$00000005  c_w.l(libinit2.o)
    0x0800023a   0x0800023a   0x00000000   Code   RO          870    .ARM.Collect$$libinit$$0000000A  c_w.l(libinit2.o)
    0x0800023a   0x0800023a   0x00000000   Code   RO          872    .ARM.Collect$$libinit$$0000000C  c_w.l(libinit2.o)
    0x0800023a   0x0800023a   0x00000004   Code   RO          873    .ARM.Collect$$libinit$$0000000D  c_w.l(libinit2.o)
    0x0800023e   0x0800023e   0x00000000   Code   RO          874    .ARM.Collect$$libinit$$0000000E  c_w.l(libinit2.o)
    0x0800023e   0x0800023e   0x00000006   Code   RO          875    .ARM.Collect$$libinit$$0000000F  c_w.l(libinit2.o)
    0x08000244   0x08000244   0x00000000   Code   RO          877    .ARM.Collect$$libinit$$00000011  c_w.l(libinit2.o)
    0x08000244   0x08000244   0x0000000c   Code   RO          878    .ARM.Collect$$libinit$$00000012  c_w.l(libinit2.o)
    0x08000250   0x08000250   0x00000000   Code   RO          879    .ARM.Collect$$libinit$$00000013  c_w.l(libinit2.o)
    0x08000250   0x08000250   0x00000000   Code   RO          881    .ARM.Collect$$libinit$$00000015  c_w.l(libinit2.o)
    0x08000250   0x08000250   0x0000000a   Code   RO          882    .ARM.Collect$$libinit$$00000016  c_w.l(libinit2.o)
    0x0800025a   0x0800025a   0x00000000   Code   RO          883    .ARM.Collect$$libinit$$00000017  c_w.l(libinit2.o)
    0x0800025a   0x0800025a   0x00000000   Code   RO          885    .ARM.Collect$$libinit$$00000019  c_w.l(libinit2.o)
    0x0800025a   0x0800025a   0x00000000   Code   RO          887    .ARM.Collect$$libinit$$0000001B  c_w.l(libinit2.o)
    0x0800025a   0x0800025a   0x00000000   Code   RO          889    .ARM.Collect$$libinit$$0000001D  c_w.l(libinit2.o)
    0x0800025a   0x0800025a   0x00000000   Code   RO          891    .ARM.Collect$$libinit$$0000001F  c_w.l(libinit2.o)
    0x0800025a   0x0800025a   0x00000000   Code   RO          893    .ARM.Collect$$libinit$$00000021  c_w.l(libinit2.o)
    0x0800025a   0x0800025a   0x00000000   Code   RO          895    .ARM.Collect$$libinit$$00000023  c_w.l(libinit2.o)
    0x0800025a   0x0800025a   0x00000000   Code   RO          897    .ARM.Collect$$libinit$$00000025  c_w.l(libinit2.o)
    0x0800025a   0x0800025a   0x00000000   Code   RO          901    .ARM.Collect$$libinit$$0000002C  c_w.l(libinit2.o)
    0x0800025a   0x0800025a   0x00000000   Code   RO          903    .ARM.Collect$$libinit$$0000002E  c_w.l(libinit2.o)
    0x0800025a   0x0800025a   0x00000000   Code   RO          905    .ARM.Collect$$libinit$$00000030  c_w.l(libinit2.o)
    0x0800025a   0x0800025a   0x00000000   Code   RO          907    .ARM.Collect$$libinit$$00000032  c_w.l(libinit2.o)
    0x0800025a   0x0800025a   0x00000002   Code   RO          908    .ARM.Collect$$libinit$$00000033  c_w.l(libinit2.o)
    0x0800025c   0x0800025c   0x00000002   Code   RO         1138    .ARM.Collect$$libshutdown$$00000000  c_w.l(libshutdown.o)
    0x0800025e   0x0800025e   0x00000000   Code   RO         1092    .ARM.Collect$$libshutdown$$00000002  c_w.l(libshutdown2.o)
    0x0800025e   0x0800025e   0x00000000   Code   RO         1094    .ARM.Collect$$libshutdown$$00000004  c_w.l(libshutdown2.o)
    0x0800025e   0x0800025e   0x00000000   Code   RO         1097    .ARM.Collect$$libshutdown$$00000007  c_w.l(libshutdown2.o)
    0x0800025e   0x0800025e   0x00000000   Code   RO         1100    .ARM.Collect$$libshutdown$$0000000A  c_w.l(libshutdown2.o)
    0x0800025e   0x0800025e   0x00000000   Code   RO         1102    .ARM.Collect$$libshutdown$$0000000C  c_w.l(libshutdown2.o)
    0x0800025e   0x0800025e   0x00000000   Code   RO         1105    .ARM.Collect$$libshutdown$$0000000F  c_w.l(libshutdown2.o)
    0x0800025e   0x0800025e   0x00000002   Code   RO         1106    .ARM.Collect$$libshutdown$$00000010  c_w.l(libshutdown2.o)
    0x08000260   0x08000260   0x00000000   Code   RO          780    .ARM.Collect$$rtentry$$00000000  c_w.l(__rtentry.o)
    0x08000260   0x08000260   0x00000000   Code   RO          961    .ARM.Collect$$rtentry$$00000002  c_w.l(__rtentry2.o)
    0x08000260   0x08000260   0x00000006   Code   RO          973    .ARM.Collect$$rtentry$$00000004  c_w.l(__rtentry4.o)
    0x08000266   0x08000266   0x00000000   Code   RO          963    .ARM.Collect$$rtentry$$00000009  c_w.l(__rtentry2.o)
    0x08000266   0x08000266   0x00000004   Code   RO          964    .ARM.Collect$$rtentry$$0000000A  c_w.l(__rtentry2.o)
    0x0800026a   0x0800026a   0x00000000   Code   RO          966    .ARM.Collect$$rtentry$$0000000C  c_w.l(__rtentry2.o)
    0x0800026a   0x0800026a   0x00000008   Code   RO          967    .ARM.Collect$$rtentry$$0000000D  c_w.l(__rtentry2.o)
    0x08000272   0x08000272   0x00000002   Code   RO         1081    .ARM.Collect$$rtexit$$00000000  c_w.l(rtexit.o)
    0x08000274   0x08000274   0x00000000   Code   RO         1112    .ARM.Collect$$rtexit$$00000002  c_w.l(rtexit2.o)
    0x08000274   0x08000274   0x00000004   Code   RO         1113    .ARM.Collect$$rtexit$$00000003  c_w.l(rtexit2.o)
    0x08000278   0x08000278   0x00000006   Code   RO         1114    .ARM.Collect$$rtexit$$00000004  c_w.l(rtexit2.o)
    0x0800027e   0x0800027e   0x00000002   PAD
    0x08000280   0x08000280   0x00000034   Code   RO          693    .emb_text           c_w.l(rand.o)
    0x080002b4   0x080002b4   0x00000000   Code   RO          982    .emb_text           c_w.l(maybetermalloc1.o)
    0x080002b4   0x080002b4   0x00000548   Code   RO            1    .text               main.o
    0x080007fc   0x080007fc   0x0000001a   Code   RO          157    .text               stm32f10x_it.o
    0x08000816   0x08000816   0x00000002   PAD
    0x08000818   0x08000818   0x000001e0   Code   RO          198    .text               system_stm32f10x.o
    0x080009f8   0x080009f8   0x00000050   Code   RO          216    .text               led.o
    0x08000a48   0x08000a48   0x00000034   Code   RO          228    .text               beep.o
    0x08000a7c   0x08000a7c   0x00000278   Code   RO          240    .text               bh1750.o
    0x08000cf4   0x08000cf4   0x000001b8   Code   RO          252    .text               dht11.o
    0x08000eac   0x08000eac   0x000008ca   Code   RO          264    .text               oled.o
    0x08001776   0x08001776   0x00000002   PAD
    0x08001778   0x08001778   0x0000009c   Code   RO          284    .text               key.o
    0x08001814   0x08001814   0x000000d4   Code   RO          297    .text               delay.o
    0x080018e8   0x080018e8   0x0000024c   Code   RO          328    .text               usart.o
    0x08001b34   0x08001b34   0x000001f0   Code   RO          347    .text               timer.o
    0x08001d24   0x08001d24   0x000000f4   Code   RO          363    .text               exti.o
    0x08001e18   0x08001e18   0x00000040   Code   RO          389    .text               startup_stm32f10x_md.o
    0x08001e58   0x08001e58   0x0000035c   Code   RO          393    .text               stm32f10x_gpio.o
    0x080021b4   0x080021b4   0x000003a4   Code   RO          405    .text               stm32f10x_rcc.o
    0x08002558   0x08002558   0x00000408   Code   RO          419    .text               stm32f10x_usart.o
    0x08002960   0x08002960   0x000000dc   Code   RO          431    .text               misc.o
    0x08002a3c   0x08002a3c   0x00000e1a   Code   RO          443    .text               stm32f10x_tim.o
    0x08003856   0x08003856   0x00000002   PAD
    0x08003858   0x08003858   0x0000011c   Code   RO          455    .text               stm32f10x_exti.o
    0x08003974   0x08003974   0x00000400   Code   RO          467    .text               esp8266.o
    0x08003d74   0x08003d74   0x00000de4   Code   RO          484    .text               mqttkit.o
    0x08004b58   0x08004b58   0x0000074c   Code   RO          512    .text               onenet.o
    0x080052a4   0x080052a4   0x00001a80   Code   RO          532    .text               cjson.o
    0x08006d24   0x08006d24   0x0000005e   Code   RO          570    .text               c_w.l(h1_alloc.o)
    0x08006d82   0x08006d82   0x0000004e   Code   RO          572    .text               c_w.l(h1_free.o)
    0x08006dd0   0x08006dd0   0x0000001a   Code   RO          628    .text               c_w.l(tolower.o)
    0x08006dea   0x08006dea   0x00000002   PAD
    0x08006dec   0x08006dec   0x00000034   Code   RO          630    .text               c_w.l(c89vsnprintf.o)
    0x08006e20   0x08006e20   0x0000002c   Code   RO          632    .text               c_w.l(__2sprintf.o)
    0x08006e4c   0x08006e4c   0x0000004e   Code   RO          638    .text               c_w.l(_printf_pad.o)
    0x08006e9a   0x08006e9a   0x00000052   Code   RO          640    .text               c_w.l(_printf_str.o)
    0x08006eec   0x08006eec   0x00000078   Code   RO          642    .text               c_w.l(_printf_dec.o)
    0x08006f64   0x08006f64   0x00000094   Code   RO          662    .text               c_w.l(_printf_hex_int_ll_ptr.o)
    0x08006ff8   0x08006ff8   0x00000188   Code   RO          682    .text               c_w.l(__printf_flags_ss_wp.o)
    0x08007180   0x08007180   0x0000001a   Code   RO          691    .text               c_w.l(atoi.o)
    0x0800719a   0x0800719a   0x00000002   PAD
    0x0800719c   0x0800719c   0x0000003c   Code   RO          694    .text               c_w.l(rand.o)
    0x080071d8   0x080071d8   0x00000014   Code   RO          698    .text               c_w.l(strchr.o)
    0x080071ec   0x080071ec   0x00000024   Code   RO          700    .text               c_w.l(strncat.o)
    0x08007210   0x08007210   0x00000024   Code   RO          702    .text               c_w.l(strstr.o)
    0x08007234   0x08007234   0x00000048   Code   RO          704    .text               c_w.l(strcpy.o)
    0x0800727c   0x0800727c   0x0000003e   Code   RO          706    .text               c_w.l(strlen.o)
    0x080072ba   0x080072ba   0x00000096   Code   RO          708    .text               c_w.l(strncmp.o)
    0x08007350   0x08007350   0x0000008a   Code   RO          710    .text               c_w.l(rt_memcpy_v6.o)
    0x080073da   0x080073da   0x00000064   Code   RO          712    .text               c_w.l(rt_memcpy_w.o)
    0x0800743e   0x0800743e   0x00000044   Code   RO          714    .text               c_w.l(rt_memclr.o)
    0x08007482   0x08007482   0x0000004e   Code   RO          716    .text               c_w.l(rt_memclr_w.o)
    0x080074d0   0x080074d0   0x00000006   Code   RO          718    .text               c_w.l(heapauxi.o)
    0x080074d6   0x080074d6   0x00000002   PAD
    0x080074d8   0x080074d8   0x00000010   Code   RO          781    .text               c_w.l(rt_ctype_table.o)
    0x080074e8   0x080074e8   0x00000008   Code   RO          786    .text               c_w.l(rt_heap_descriptor_intlibspace.o)
    0x080074f0   0x080074f0   0x00000008   Code   RO          791    .text               c_w.l(rt_errno_addr_intlibspace.o)
    0x080074f8   0x080074f8   0x00000004   Code   RO          793    .text               c_w.l(hguard.o)
    0x080074fc   0x080074fc   0x0000008a   Code   RO          795    .text               c_w.l(init_alloc.o)
    0x08007586   0x08007586   0x0000000e   Code   RO          799    .text               c_w.l(h1_init.o)
    0x08007594   0x08007594   0x00000016   Code   RO          813    .text               c_w.l(_rserrno.o)
    0x080075aa   0x080075aa   0x00000024   Code   RO          815    .text               c_w.l(_printf_truncate.o)
    0x080075ce   0x080075ce   0x000000b2   Code   RO          817    .text               c_w.l(_printf_intcommon.o)
    0x08007680   0x08007680   0x00000028   Code   RO          819    .text               c_w.l(_printf_charcount.o)
    0x080076a8   0x080076a8   0x0000041e   Code   RO          821    .text               c_w.l(_printf_fp_dec.o)
    0x08007ac6   0x08007ac6   0x00000002   PAD
    0x08007ac8   0x08007ac8   0x00000030   Code   RO          823    .text               c_w.l(_printf_char_common.o)
    0x08007af8   0x08007af8   0x0000000a   Code   RO          825    .text               c_w.l(_sputc.o)
    0x08007b02   0x08007b02   0x00000010   Code   RO          827    .text               c_w.l(_snputc.o)
    0x08007b12   0x08007b12   0x0000002c   Code   RO          829    .text               c_w.l(_printf_char.o)
    0x08007b3e   0x08007b3e   0x00000002   PAD
    0x08007b40   0x08007b40   0x000000bc   Code   RO          831    .text               c_w.l(_printf_wctomb.o)
    0x08007bfc   0x08007bfc   0x0000007c   Code   RO          834    .text               c_w.l(_printf_longlong_dec.o)
    0x08007c78   0x08007c78   0x00000070   Code   RO          840    .text               c_w.l(_printf_oct_int_ll.o)
    0x08007ce8   0x08007ce8   0x00000070   Code   RO          860    .text               c_w.l(strtol.o)
    0x08007d58   0x08007d58   0x00000008   Code   RO          957    .text               c_w.l(libspace.o)
    0x08007d60   0x08007d60   0x00000008   Code   RO          978    .text               c_w.l(rt_locale_intlibspace.o)
    0x08007d68   0x08007d68   0x00000034   Code   RO          984    .text               c_w.l(h1_extend.o)
    0x08007d9c   0x08007d9c   0x0000008a   Code   RO          988    .text               c_w.l(lludiv10.o)
    0x08007e26   0x08007e26   0x00000002   PAD
    0x08007e28   0x08007e28   0x00000080   Code   RO          990    .text               c_w.l(_printf_fp_infnan.o)
    0x08007ea8   0x08007ea8   0x0000002c   Code   RO          994    .text               c_w.l(_printf_wchar.o)
    0x08007ed4   0x08007ed4   0x0000009e   Code   RO          996    .text               c_w.l(_strtoul.o)
    0x08007f72   0x08007f72   0x00000002   PAD
    0x08007f74   0x08007f74   0x000000e4   Code   RO          998    .text               c_w.l(bigflt0.o)
    0x08008058   0x08008058   0x00000040   Code   RO         1023    .text               c_w.l(_wcrtomb.o)
    0x08008098   0x08008098   0x0000000e   Code   RO         1031    .text               c_w.l(defsig_rtmem_outer.o)
    0x080080a6   0x080080a6   0x00000002   Code   RO         1048    .text               c_w.l(use_no_semi.o)
    0x080080a8   0x080080a8   0x00000000   Code   RO         1050    .text               c_w.l(indicate_semi.o)
    0x080080a8   0x080080a8   0x0000004a   Code   RO         1051    .text               c_w.l(sys_stackheap_outer.o)
    0x080080f2   0x080080f2   0x0000001c   Code   RO         1057    .text               c_w.l(_chval.o)
    0x0800810e   0x0800810e   0x00000012   Code   RO         1059    .text               c_w.l(exit.o)
    0x08008120   0x08008120   0x0000000a   Code   RO         1061    .text               c_w.l(defsig_exit.o)
    0x0800812a   0x0800812a   0x00000002   PAD
    0x0800812c   0x0800812c   0x00000050   Code   RO         1063    .text               c_w.l(defsig_rtmem_inner.o)
    0x0800817c   0x0800817c   0x00000080   Code   RO         1065    .text               c_w.l(strcmpv7m.o)
    0x080081fc   0x080081fc   0x0000000c   Code   RO         1079    .text               c_w.l(sys_exit.o)
    0x08008208   0x08008208   0x00000032   Code   RO         1089    .text               c_w.l(defsig_general.o)
    0x0800823a   0x0800823a   0x0000000e   Code   RO         1109    .text               c_w.l(sys_wrch.o)
    0x08008248   0x08008248   0x0000003e   Code   RO         1001    CL$$btod_d2e        c_w.l(btod.o)
    0x08008286   0x08008286   0x00000046   Code   RO         1003    CL$$btod_d2e_denorm_low  c_w.l(btod.o)
    0x080082cc   0x080082cc   0x00000060   Code   RO         1002    CL$$btod_d2e_norm_op1  c_w.l(btod.o)
    0x0800832c   0x0800832c   0x00000338   Code   RO         1011    CL$$btod_div_common  c_w.l(btod.o)
    0x08008664   0x08008664   0x000000dc   Code   RO         1008    CL$$btod_e2e        c_w.l(btod.o)
    0x08008740   0x08008740   0x0000002a   Code   RO         1005    CL$$btod_ediv       c_w.l(btod.o)
    0x0800876a   0x0800876a   0x0000002a   Code   RO         1004    CL$$btod_emul       c_w.l(btod.o)
    0x08008794   0x08008794   0x00000244   Code   RO         1010    CL$$btod_mult_common  c_w.l(btod.o)
    0x080089d8   0x080089d8   0x00000028   Code   RO          942    i.__ARM_fpclassify  m_ws.l(fpclassify.o)
    0x08008a00   0x08008a00   0x000000aa   Code   RO          944    i.__kernel_poly     m_ws.l(poly.o)
    0x08008aaa   0x08008aaa   0x00000002   PAD
    0x08008aac   0x08008aac   0x00000010   Code   RO          928    i.__mathlib_dbl_divzero  m_ws.l(dunder.o)
    0x08008abc   0x08008abc   0x00000004   Code   RO          930    i.__mathlib_dbl_infnan2  m_ws.l(dunder.o)
    0x08008ac0   0x08008ac0   0x0000000c   Code   RO          931    i.__mathlib_dbl_invalid  m_ws.l(dunder.o)
    0x08008acc   0x08008acc   0x0000000e   Code   RO          932    i.__mathlib_dbl_overflow  m_ws.l(dunder.o)
    0x08008ada   0x08008ada   0x00000002   PAD
    0x08008adc   0x08008adc   0x00000010   Code   RO          934    i.__mathlib_dbl_underflow  m_ws.l(dunder.o)
    0x08008aec   0x08008aec   0x0000000e   Code   RO          675    i._is_digit         c_w.l(__printf_wp.o)
    0x08008afa   0x08008afa   0x00000002   PAD
    0x08008afc   0x08008afc   0x000000dc   Code   RO          765    i.floor             m_ws.l(floor.o)
    0x08008bd8   0x08008bd8   0x000009d8   Code   RO          769    i.pow               m_ws.l(pow.o)
    0x080095b0   0x080095b0   0x0000004c   Code   RO          948    i.sqrt              m_ws.l(sqrt.o)
    0x080095fc   0x080095fc   0x0000002c   Code   RO         1026    locale$$code        c_w.l(lc_ctype_c.o)
    0x08009628   0x08009628   0x0000002c   Code   RO         1029    locale$$code        c_w.l(lc_numeric_c.o)
    0x08009654   0x08009654   0x00000150   Code   RO          722    x$fpl$dadd          fz_ws.l(daddsub_clz.o)
    0x080097a4   0x080097a4   0x00000010   Code   RO         1040    x$fpl$dcheck1       fz_ws.l(dcheck1.o)
    0x080097b4   0x080097b4   0x00000018   Code   RO          909    x$fpl$dcmpinf       fz_ws.l(dcmpi.o)
    0x080097cc   0x080097cc   0x000002b0   Code   RO          912    x$fpl$ddiv          fz_ws.l(ddiv.o)
    0x08009a7c   0x08009a7c   0x00000078   Code   RO          728    x$fpl$deqf          fz_ws.l(deqf.o)
    0x08009af4   0x08009af4   0x0000005e   Code   RO          730    x$fpl$dfix          fz_ws.l(dfix.o)
    0x08009b52   0x08009b52   0x0000002e   Code   RO          735    x$fpl$dflt          fz_ws.l(dflt_clz.o)
    0x08009b80   0x08009b80   0x00000078   Code   RO          740    x$fpl$dleqf         fz_ws.l(dleqf.o)
    0x08009bf8   0x08009bf8   0x00000154   Code   RO          742    x$fpl$dmul          fz_ws.l(dmul.o)
    0x08009d4c   0x08009d4c   0x0000009c   Code   RO          915    x$fpl$dnaninf       fz_ws.l(dnaninf.o)
    0x08009de8   0x08009de8   0x0000000c   Code   RO          917    x$fpl$dretinf       fz_ws.l(dretinf.o)
    0x08009df4   0x08009df4   0x0000006c   Code   RO          744    x$fpl$drleqf        fz_ws.l(drleqf.o)
    0x08009e60   0x08009e60   0x00000016   Code   RO          723    x$fpl$drsb          fz_ws.l(daddsub_clz.o)
    0x08009e76   0x08009e76   0x00000002   PAD
    0x08009e78   0x08009e78   0x000001cc   Code   RO         1042    x$fpl$dsqrt         fz_ws.l(dsqrt_noumaal.o)
    0x0800a044   0x0800a044   0x000001d4   Code   RO          724    x$fpl$dsub          fz_ws.l(daddsub_clz.o)
    0x0800a218   0x0800a218   0x00000056   Code   RO          746    x$fpl$f2d           fz_ws.l(f2d.o)
    0x0800a26e   0x0800a26e   0x00000018   Code   RO          919    x$fpl$fcmpinf       fz_ws.l(fcmpi.o)
    0x0800a286   0x0800a286   0x00000002   PAD
    0x0800a288   0x0800a288   0x00000184   Code   RO          749    x$fpl$fdiv          fz_ws.l(fdiv.o)
    0x0800a40c   0x0800a40c   0x00000026   Code   RO          752    x$fpl$ffltu         fz_ws.l(fflt_clz.o)
    0x0800a432   0x0800a432   0x00000002   PAD
    0x0800a434   0x0800a434   0x00000068   Code   RO          758    x$fpl$fleqf         fz_ws.l(fleqf.o)
    0x0800a49c   0x0800a49c   0x00000102   Code   RO          760    x$fpl$fmul          fz_ws.l(fmul.o)
    0x0800a59e   0x0800a59e   0x0000008c   Code   RO          921    x$fpl$fnaninf       fz_ws.l(fnaninf.o)
    0x0800a62a   0x0800a62a   0x0000000a   Code   RO          923    x$fpl$fretinf       fz_ws.l(fretinf.o)
    0x0800a634   0x0800a634   0x00000004   Code   RO          762    x$fpl$printf1       fz_ws.l(printf1.o)
    0x0800a638   0x0800a638   0x00000064   Code   RO         1077    x$fpl$retnan        fz_ws.l(retnan.o)
    0x0800a69c   0x0800a69c   0x0000005c   Code   RO          925    x$fpl$scalbn        fz_ws.l(scalbn.o)
    0x0800a6f8   0x0800a6f8   0x00000030   Code   RO         1107    x$fpl$trapveneer    fz_ws.l(trapv.o)
    0x0800a728   0x0800a728   0x00000000   Code   RO          927    x$fpl$usenofp       fz_ws.l(usenofp.o)
    0x0800a728   0x0800a728   0x00000011   Data   RO            3    .constdata          main.o
    0x0800a739   0x0800a739   0x000017c0   Data   RO          266    .constdata          oled.o
    0x0800bef9   0x0800bef9   0x00000007   Data   RO          533    .constdata          cjson.o
    0x0800bf00   0x0800bf00   0x00000028   Data   RO          663    .constdata          c_w.l(_printf_hex_int_ll_ptr.o)
    0x0800bf28   0x0800bf28   0x00000011   Data   RO          683    .constdata          c_w.l(__printf_flags_ss_wp.o)
    0x0800bf39   0x0800bf39   0x00000007   PAD
    0x0800bf40   0x0800bf40   0x00000088   Data   RO          770    .constdata          m_ws.l(pow.o)
    0x0800bfc8   0x0800bfc8   0x00000008   Data   RO          832    .constdata          c_w.l(_printf_wctomb.o)
    0x0800bfd0   0x0800bfd0   0x00000008   Data   RO          946    .constdata          m_ws.l(qnan.o)
    0x0800bfd8   0x0800bfd8   0x00000094   Data   RO          999    .constdata          c_w.l(bigflt0.o)
    0x0800c06c   0x0800c06c   0x000000b9   Data   RO            4    .conststring        main.o
    0x0800c125   0x0800c125   0x00000003   PAD
    0x0800c128   0x0800c128   0x00000020   Data   RO         1139    Region$$Table       anon$$obj.o
    0x0800c148   0x0800c148   0x00000110   Data   RO         1025    locale$$data        c_w.l(lc_ctype_c.o)
    0x0800c258   0x0800c258   0x0000001c   Data   RO         1028    locale$$data        c_w.l(lc_numeric_c.o)


    Execution Region RW_IRAM1 (Exec base: 0x20000000, Load base: 0x0800c274, Size: 0x00002228, Max: 0x00005000, ABSOLUTE, COMPRESSED[0x000001e4])

    Exec Addr    Load Addr    Size         Type   Attr      Idx    E Section Name        Object

    0x20000000   COMPRESSED   0x00000016   Data   RW            5    .data               main.o
    0x20000016   COMPRESSED   0x00000002   PAD
    0x20000018   COMPRESSED   0x00000014   Data   RW          199    .data               system_stm32f10x.o
    0x2000002c   COMPRESSED   0x00001439   Data   RW          267    .data               oled.o
    0x20001465   COMPRESSED   0x00000001   Data   RW          285    .data               key.o
    0x20001466   COMPRESSED   0x00000004   Data   RW          298    .data               delay.o
    0x2000146a   COMPRESSED   0x00000014   Data   RW          406    .data               stm32f10x_rcc.o
    0x2000147e   COMPRESSED   0x00000004   Data   RW          469    .data               esp8266.o
    0x20001482   COMPRESSED   0x00000002   Data   RW          513    .data               onenet.o
    0x20001484   COMPRESSED   0x0000000c   Data   RW          534    .data               cjson.o
    0x20001490        -       0x00000100   Zero   RW            2    .bss                main.o
    0x20001590        -       0x000004c0   Zero   RW          265    .bss                oled.o
    0x20001a50        -       0x00000014   Zero   RW          348    .bss                timer.o
    0x20001a64        -       0x00000080   Zero   RW          468    .bss                esp8266.o
    0x20001ae4        -       0x000000e4   Zero   RW          695    .bss                c_w.l(rand.o)
    0x20001bc8        -       0x00000060   Zero   RW          958    .bss                c_w.l(libspace.o)
    0x20001c28        -       0x00000200   Zero   RW          387    HEAP                startup_stm32f10x_md.o
    0x20001e28        -       0x00000400   Zero   RW          386    STACK               startup_stm32f10x_md.o


==============================================================================

Image component sizes


      Code (inc. data)   RO Data    RW Data    ZI Data      Debug   Object Name

        52          6          0          0          0        500   beep.o
       632         10          0          0          0       3200   bh1750.o
      6784        208          7         12          0      24296   cjson.o
       212         18          0          4          0       1067   delay.o
       440         14          0          0          0       2286   dht11.o
      1024        478          0          4        128       3357   esp8266.o
       244         16          0          0          0        887   exti.o
       156         12          0          1          0        804   key.o
        80         10          0          0          0        507   led.o
      1352        588        202         22        256     256574   main.o
       220         22          0          0          0       1825   misc.o
      3556         40          0          0          0      15227   mqttkit.o
      2250         76       6080       5177       1216       8512   oled.o
      1868        906          0          2          0       6249   onenet.o
        64         26        236          0       1536        812   startup_stm32f10x_md.o
       284         10          0          0          0       2279   stm32f10x_exti.o
       860         38          0          0          0       5757   stm32f10x_gpio.o
        26          0          0          0          0       1190   stm32f10x_it.o
       932         36          0         20          0       8944   stm32f10x_rcc.o
      3610         88          0          0          0      22864   stm32f10x_tim.o
      1032         22          0          0          0       8480   stm32f10x_usart.o
         0          0          0          0          0         32   sys.o
       480         38          0         20          0       1775   system_stm32f10x.o
       496        100          0          0         20       2132   timer.o
       588         28          0          0          0       3255   usart.o

    ----------------------------------------------------------------------
     27248       2790       6560       5264       3156     382811   Object Totals
         0          0         32          0          0          0   (incl. Generated)
         6          0          3          2          0          0   (incl. Padding)

    ----------------------------------------------------------------------

      Code (inc. data)   RO Data    RW Data    ZI Data      Debug   Library Member Name

        44          6          0          0          0         84   __2sprintf.o
        90          0          0          0          0          0   __dczerorl2.o
         8          0          0          0          0         68   __main.o
       392          4         17          0          0         92   __printf_flags_ss_wp.o
        14          0          0          0          0         68   __printf_wp.o
         0          0          0          0          0          0   __rtentry.o
        12          0          0          0          0          0   __rtentry2.o
         6          0          0          0          0          0   __rtentry4.o
        52          8          0          0          0          0   __scatter.o
        28          0          0          0          0          0   __scatter_zi.o
        28          0          0          0          0         68   _chval.o
         6          0          0          0          0          0   _printf_a.o
         6          0          0          0          0          0   _printf_c.o
        44          0          0          0          0        108   _printf_char.o
        48          6          0          0          0         96   _printf_char_common.o
        40          0          0          0          0         68   _printf_charcount.o
         6          0          0          0          0          0   _printf_d.o
       120         16          0          0          0         92   _printf_dec.o
         6          0          0          0          0          0   _printf_e.o
         6          0          0          0          0          0   _printf_f.o
      1054          0          0          0          0        216   _printf_fp_dec.o
       128         16          0          0          0         84   _printf_fp_infnan.o
         6          0          0          0          0          0   _printf_g.o
       148          4         40          0          0        160   _printf_hex_int_ll_ptr.o
         6          0          0          0          0          0   _printf_i.o
       178          0          0          0          0         88   _printf_intcommon.o
        10          0          0          0          0          0   _printf_l.o
         6          0          0          0          0          0   _printf_lc.o
        10          0          0          0          0          0   _printf_ll.o
         6          0          0          0          0          0   _printf_lld.o
         6          0          0          0          0          0   _printf_lli.o
         6          0          0          0          0          0   _printf_llo.o
         6          0          0          0          0          0   _printf_llu.o
         6          0          0          0          0          0   _printf_llx.o
       124         16          0          0          0         92   _printf_longlong_dec.o
         6          0          0          0          0          0   _printf_ls.o
         6          0          0          0          0          0   _printf_n.o
         6          0          0          0          0          0   _printf_o.o
       112         10          0          0          0        124   _printf_oct_int_ll.o
         6          0          0          0          0          0   _printf_p.o
        78          0          0          0          0        108   _printf_pad.o
         0          0          0          0          0          0   _printf_percent.o
         4          0          0          0          0          0   _printf_percent_end.o
         6          0          0          0          0          0   _printf_s.o
        82          0          0          0          0         80   _printf_str.o
        36          0          0          0          0         84   _printf_truncate.o
         6          0          0          0          0          0   _printf_u.o
        44          0          0          0          0        108   _printf_wchar.o
       188          6          8          0          0         92   _printf_wctomb.o
         6          0          0          0          0          0   _printf_x.o
        22          0          0          0          0        100   _rserrno.o
        16          0          0          0          0         68   _snputc.o
        10          0          0          0          0         68   _sputc.o
       158          0          0          0          0         92   _strtoul.o
        64          0          0          0          0         92   _wcrtomb.o
        26          0          0          0          0         80   atoi.o
       228          4        148          0          0         96   bigflt0.o
      1936        128          0          0          0        672   btod.o
        52          4          0          0          0         80   c89vsnprintf.o
        10          0          0          0          0         68   defsig_exit.o
        50          0          0          0          0         88   defsig_general.o
        80         58          0          0          0         76   defsig_rtmem_inner.o
        14          0          0          0          0         80   defsig_rtmem_outer.o
        18          0          0          0          0         80   exit.o
        94          0          0          0          0         80   h1_alloc.o
        52          0          0          0          0         68   h1_extend.o
        78          0          0          0          0         80   h1_free.o
        14          0          0          0          0         84   h1_init.o
         6          0          0          0          0        152   heapauxi.o
         4          0          0          0          0        136   hguard.o
         0          0          0          0          0          0   indicate_semi.o
       138          0          0          0          0        168   init_alloc.o
        44         10        272          0          0         76   lc_ctype_c.o
        44         10         28          0          0         76   lc_numeric_c.o
         2          0          0          0          0          0   libinit.o
        42          0          0          0          0          0   libinit2.o
         2          0          0          0          0          0   libshutdown.o
         2          0          0          0          0          0   libshutdown2.o
         8          4          0          0         96         68   libspace.o
       138          0          0          0          0         80   lludiv10.o
         0          0          0          0          0          0   maybetermalloc1.o
       112         18          0          0        228        160   rand.o
        16          4          0          0          0         76   rt_ctype_table.o
         8          4          0          0          0         68   rt_errno_addr_intlibspace.o
         8          4          0          0          0         68   rt_heap_descriptor_intlibspace.o
         8          4          0          0          0         68   rt_locale_intlibspace.o
        68          0          0          0          0         68   rt_memclr.o
        78          0          0          0          0         80   rt_memclr_w.o
       138          0          0          0          0         68   rt_memcpy_v6.o
       100          0          0          0          0         80   rt_memcpy_w.o
         2          0          0          0          0          0   rtexit.o
        10          0          0          0          0          0   rtexit2.o
        20          0          0          0          0         68   strchr.o
       128          0          0          0          0         68   strcmpv7m.o
        72          0          0          0          0         80   strcpy.o
        62          0          0          0          0         76   strlen.o
        36          0          0          0          0         76   strncat.o
       150          0          0          0          0         80   strncmp.o
        36          0          0          0          0         80   strstr.o
       112          0          0          0          0         88   strtol.o
        12          4          0          0          0         68   sys_exit.o
        74          0          0          0          0         80   sys_stackheap_outer.o
        14          0          0          0          0         76   sys_wrch.o
        26          0          0          0          0         76   tolower.o
         2          0          0          0          0         68   use_no_semi.o
       826         16          0          0          0        348   daddsub_clz.o
        16          4          0          0          0         68   dcheck1.o
        24          0          0          0          0         68   dcmpi.o
       688        140          0          0          0        208   ddiv.o
       120          4          0          0          0         92   deqf.o
        94          4          0          0          0         92   dfix.o
        46          0          0          0          0         68   dflt_clz.o
       120          4          0          0          0         92   dleqf.o
       340         12          0          0          0        104   dmul.o
       156          4          0          0          0         92   dnaninf.o
        12          0          0          0          0         68   dretinf.o
       108          0          0          0          0         80   drleqf.o
       460         56          0          0          0        120   dsqrt_noumaal.o
        86          4          0          0          0         84   f2d.o
        24          0          0          0          0         68   fcmpi.o
       388         76          0          0          0         96   fdiv.o
        38          0          0          0          0         68   fflt_clz.o
       104          4          0          0          0         84   fleqf.o
       258          4          0          0          0         84   fmul.o
       140          4          0          0          0         84   fnaninf.o
        10          0          0          0          0         68   fretinf.o
         4          0          0          0          0         68   printf1.o
       100          0          0          0          0         68   retnan.o
        92          0          0          0          0         68   scalbn.o
        48          0          0          0          0         68   trapv.o
         0          0          0          0          0          0   usenofp.o
        62         10          0          0          0        340   dunder.o
       220         16          0          0          0         84   floor.o
        40          0          0          0          0         68   fpclassify.o
       170          0          0          0          0         96   poly.o
      2520        190        136          0          0        324   pow.o
         0          0          8          0          0          0   qnan.o
        76          0          0          0          0         84   sqrt.o

    ----------------------------------------------------------------------
     15308        900        664          0        324       9912   Library Totals
        32          0          7          0          0          0   (incl. Padding)

    ----------------------------------------------------------------------

      Code (inc. data)   RO Data    RW Data    ZI Data      Debug   Library Name

      7886        348        513          0        324       6508   c_w.l
      4302        336          0          0          0       2408   fz_ws.l
      3088        216        144          0          0        996   m_ws.l

    ----------------------------------------------------------------------
     15308        900        664          0        324       9912   Library Totals

    ----------------------------------------------------------------------

==============================================================================


      Code (inc. data)   RO Data    RW Data    ZI Data      Debug   

     42556       3690       7224       5264       3480     385179   Grand Totals
     42556       3690       7224        484       3480     385179   ELF Image Totals (compressed)
     42556       3690       7224        484          0          0   ROM Totals

==============================================================================

    Total RO  Size (Code + RO Data)                49780 (  48.61kB)
    Total RW  Size (RW Data + ZI Data)              8744 (   8.54kB)
    Total ROM Size (Code + RO Data + RW Data)      50264 (  49.09kB)

==============================================================================

