Component: ARM Compiler 5.06 update 5 (build 528) Tool: armlink [4d35e2]

==============================================================================

Section Cross References

    system_stm32f10x.o(.text) refers to system_stm32f10x.o(.data) for SystemCoreClock
    stm32f10x_gpio.o(.text) refers to stm32f10x_rcc.o(.text) for RCC_APB2PeriphResetCmd
    stm32f10x_rcc.o(.text) refers to stm32f10x_rcc.o(.data) for APBAHBPrescTable
    stm32f10x_usart.o(.text) refers to stm32f10x_rcc.o(.text) for RCC_APB2PeriphResetCmd
    stm32f10x_bkp.o(.text) refers to stm32f10x_rcc.o(.text) for RCC_BackupResetCmd
    stm32f10x_pwr.o(.text) refers to stm32f10x_rcc.o(.text) for RCC_APB1PeriphResetCmd
    stm32f10x_i2c.o(.text) refers to stm32f10x_rcc.o(.text) for RCC_APB1PeriphResetCmd
    stm32f10x_tim.o(.text) refers to stm32f10x_rcc.o(.text) for RCC_APB2PeriphResetCmd
    startup_stm32f10x_md.o(STACK) refers (Special) to heapauxi.o(.text) for __use_two_region_memory
    startup_stm32f10x_md.o(HEAP) refers (Special) to heapauxi.o(.text) for __use_two_region_memory
    startup_stm32f10x_md.o(RESET) refers (Special) to heapauxi.o(.text) for __use_two_region_memory
    startup_stm32f10x_md.o(RESET) refers to startup_stm32f10x_md.o(STACK) for __initial_sp
    startup_stm32f10x_md.o(RESET) refers to startup_stm32f10x_md.o(.text) for Reset_Handler
    startup_stm32f10x_md.o(RESET) refers to stm32f10x_it.o(.text) for NMI_Handler
    startup_stm32f10x_md.o(RESET) refers to main.o(.text) for EXTI0_IRQHandler
    startup_stm32f10x_md.o(RESET) refers to as608.o(.text) for EXTI9_5_IRQHandler
    startup_stm32f10x_md.o(RESET) refers to timer.o(.text) for TIM4_IRQHandler
    startup_stm32f10x_md.o(RESET) refers to usart.o(.text) for USART1_IRQHandler
    startup_stm32f10x_md.o(RESET) refers to usart2.o(.text) for USART2_IRQHandler
    startup_stm32f10x_md.o(.text) refers (Special) to heapauxi.o(.text) for __use_two_region_memory
    startup_stm32f10x_md.o(.text) refers to system_stm32f10x.o(.text) for SystemInit
    startup_stm32f10x_md.o(.text) refers to __main.o(!!!main) for __main
    startup_stm32f10x_md.o(.text) refers to startup_stm32f10x_md.o(HEAP) for Heap_Mem
    startup_stm32f10x_md.o(.text) refers to startup_stm32f10x_md.o(STACK) for Stack_Mem
    main.o(.text) refers to delay.o(.text) for DelayMs
    main.o(.text) refers to oled_i2c.o(.text) for OLED_CLS
    main.o(.text) refers to as608.o(.text) for PS_HandShake
    main.o(.text) refers to beep.o(.text) for BEEP_ON
    main.o(.text) refers to stm32f10x_gpio.o(.text) for GPIO_SetBits
    main.o(.text) refers to as608.o(.data) for AS608Addr
    main.o(.text) refers to main.o(.data) for Add_flag
    main.o(.text) refers to flash.o(.text) for FLASH_W
    main.o(.text) refers to sg90.o(.text) for steer
    main.o(.text) refers to sys.o(.text) for RCC_Configuration
    main.o(.text) refers to led.o(.text) for LED_Init
    main.o(.text) refers to usart.o(.text) for uart_Init
    main.o(.text) refers to usart2.o(.text) for usart2_Init
    main.o(.text) refers to nvic.o(.text) for Infrared_INT_INIT
    main.o(.text) refers to stm32f10x_exti.o(.text) for EXTI_GetITStatus
    delay.o(.text) refers to misc.o(.text) for SysTick_CLKSourceConfig
    delay.o(.text) refers to system_stm32f10x.o(.data) for SystemCoreClock
    delay.o(.text) refers to delay.o(.data) for fac_us
    sys.o(.text) refers to stm32f10x_rcc.o(.text) for RCC_DeInit
    sys.o(.text) refers to stm32f10x_flash.o(.text) for FLASH_SetLatency
    timer.o(.text) refers to stm32f10x_tim.o(.text) for TIM_GetITStatus
    timer.o(.text) refers to stm32f10x_rcc.o(.text) for RCC_APB1PeriphClockCmd
    timer.o(.text) refers to misc.o(.text) for NVIC_Init
    timer.o(.text) refers to usart2.o(.data) for USART2_RX_STA
    usart2.o(.text) refers to stm32f10x_rcc.o(.text) for RCC_APB2PeriphClockCmd
    usart2.o(.text) refers to stm32f10x_usart.o(.text) for USART_DeInit
    usart2.o(.text) refers to stm32f10x_gpio.o(.text) for GPIO_Init
    usart2.o(.text) refers to misc.o(.text) for NVIC_Init
    usart2.o(.text) refers to timer.o(.text) for TIM4_Int_Init
    usart2.o(.text) refers to stm32f10x_tim.o(.text) for TIM_Cmd
    usart2.o(.text) refers to usart2.o(.data) for USART2_RX_STA
    usart2.o(.text) refers to usart2.o(.bss) for USART2_RX_BUF
    usart.o(.text) refers (Special) to use_no_semi_2.o(.text) for __use_no_semihosting
    usart.o(.text) refers to stm32f10x_rcc.o(.text) for RCC_APB2PeriphClockCmd
    usart.o(.text) refers to stm32f10x_gpio.o(.text) for GPIO_Init
    usart.o(.text) refers to misc.o(.text) for NVIC_Init
    usart.o(.text) refers to stm32f10x_usart.o(.text) for USART_Init
    usart.o(.text) refers to usart.o(.data) for USART_RX_STA
    usart.o(.text) refers to usart.o(.bss) for USART_RX_BUF
    usart.o(.bss) refers (Special) to use_no_semi_2.o(.text) for __use_no_semihosting
[...]
    ../clib/angel/sysapp.c                   0x00000000   Number         0  sys_wrch.o ABSOLUTE
    ../clib/armsys.c                         0x00000000   Number         0  _get_argv_nomalloc.o ABSOLUTE
    ../clib/armsys.c                         0x00000000   Number         0  argv_veneer.o ABSOLUTE
    ../clib/armsys.c                         0x00000000   Number         0  argv_veneer.o ABSOLUTE
    ../clib/armsys.c                         0x00000000   Number         0  no_argv.o ABSOLUTE
    ../clib/heapalloc.c                      0x00000000   Number         0  hrguard.o ABSOLUTE
    ../clib/heapaux.c                        0x00000000   Number         0  heapauxi.o ABSOLUTE
    ../clib/libinit.s                        0x00000000   Number         0  libshutdown2.o ABSOLUTE
    ../clib/libinit.s                        0x00000000   Number         0  libshutdown.o ABSOLUTE
    ../clib/libinit.s                        0x00000000   Number         0  libinit2.o ABSOLUTE
    ../clib/libinit.s                        0x00000000   Number         0  libinit.o ABSOLUTE
    ../clib/printf.c                         0x00000000   Number         0  _printf_hex_ll.o ABSOLUTE
    ../clib/printf.c                         0x00000000   Number         0  _printf_hex_int.o ABSOLUTE
    ../clib/printf.c                         0x00000000   Number         0  _printf_hex_int_ll.o ABSOLUTE
    ../clib/printf.c                         0x00000000   Number         0  _printf_hex_ptr.o ABSOLUTE
    ../clib/printf.c                         0x00000000   Number         0  _printf_hex_ll_ptr.o ABSOLUTE
    ../clib/printf.c                         0x00000000   Number         0  _printf_hex_int_ll_ptr.o ABSOLUTE
    ../clib/printf.c                         0x00000000   Number         0  __printf_flags.o ABSOLUTE
    ../clib/printf.c                         0x00000000   Number         0  __printf_ss.o ABSOLUTE
    ../clib/printf.c                         0x00000000   Number         0  __printf_flags_ss.o ABSOLUTE
    ../clib/printf.c                         0x00000000   Number         0  __printf_wp.o ABSOLUTE
    ../clib/printf.c                         0x00000000   Number         0  __printf_flags_wp.o ABSOLUTE
    ../clib/printf.c                         0x00000000   Number         0  __printf_ss_wp.o ABSOLUTE
    ../clib/printf.c                         0x00000000   Number         0  __printf_flags_ss_wp.o ABSOLUTE
    ../clib/printf.c                         0x00000000   Number         0  _printf_hex_int_ptr.o ABSOLUTE
    ../clib/printf.c                         0x00000000   Number         0  _printf_char_file.o ABSOLUTE
    ../clib/printf.c                         0x00000000   Number         0  __2printf.o ABSOLUTE
    ../clib/printf.c                         0x00000000   Number         0  noretval__2printf.o ABSOLUTE
    ../clib/printf.c                         0x00000000   Number         0  _printf_char.o ABSOLUTE
    ../clib/printf.c                         0x00000000   Number         0  __printf.o ABSOLUTE
    ../clib/printf.c                         0x00000000   Number         0  _printf_intcommon.o ABSOLUTE
    ../clib/printf.c                         0x00000000   Number         0  __printf_nopercent.o ABSOLUTE
    ../clib/printf.c                         0x00000000   Number         0  _printf_str.o ABSOLUTE
    ../clib/printf.c                         0x00000000   Number         0  _printf_char_common.o ABSOLUTE
    ../clib/printf.c                         0x00000000   Number         0  _printf_dec.o ABSOLUTE
    ../clib/printf_percent.s                 0x00000000   Number         0  _printf_d.o ABSOLUTE
    ../clib/printf_percent.s                 0x00000000   Number         0  _printf_s.o ABSOLUTE
    ../clib/printf_percent.s                 0x00000000   Number         0  _printf_x.o ABSOLUTE
    ../clib/printf_percent.s                 0x00000000   Number         0  _printf_percent_end.o ABSOLUTE
    ../clib/printf_percent.s                 0x00000000   Number         0  _printf_percent.o ABSOLUTE
    ../clib/signal.c                         0x00000000   Number         0  defsig_exit.o ABSOLUTE
    ../clib/signal.c                         0x00000000   Number         0  defsig_stak_inner.o ABSOLUTE
    ../clib/signal.c                         0x00000000   Number         0  defsig_pvfn_inner.o ABSOLUTE
    ../clib/signal.c                         0x00000000   Number         0  defsig_cppl_inner.o ABSOLUTE
    ../clib/signal.c                         0x00000000   Number         0  defsig_rtmem_outer.o ABSOLUTE
    ../clib/signal.c                         0x00000000   Number         0  defsig_segv_inner.o ABSOLUTE
    ../clib/signal.c                         0x00000000   Number         0  defsig_other.o ABSOLUTE
    ../clib/signal.c                         0x00000000   Number         0  defsig_fpe_inner.o ABSOLUTE
    ../clib/signal.c                         0x00000000   Number         0  defsig_abrt_inner.o ABSOLUTE
    ../clib/signal.c                         0x00000000   Number         0  defsig_rtmem_formal.o ABSOLUTE
    ../clib/signal.c                         0x00000000   Number         0  defsig_rtred_inner.o ABSOLUTE
    ../clib/signal.c                         0x00000000   Number         0  defsig_general.o ABSOLUTE
    ../clib/signal.c                         0x00000000   Number         0  __raise.o ABSOLUTE
    ../clib/signal.c                         0x00000000   Number         0  defsig_rtmem_inner.o ABSOLUTE
    ../clib/signal.s                         0x00000000   Number         0  defsig.o ABSOLUTE
    ../clib/stdio.c                          0x00000000   Number         0  ferror_locked.o ABSOLUTE
    ../clib/stdio.c                          0x00000000   Number         0  ferror.o ABSOLUTE
    ../clib/stdlib.c                         0x00000000   Number         0  exit.o ABSOLUTE
    ../clib/string.c                         0x00000000   Number         0  strstr.o ABSOLUTE
    ../fplib/fpinit.s                        0x00000000   Number         0  fpinit.o ABSOLUTE
    Basic\\sys\\sys.c                        0x00000000   Number         0  sys.o ABSOLUTE
    Basic\delay\delay.c                      0x00000000   Number         0  delay.o ABSOLUTE
    Basic\flash\flash.c                      0x00000000   Number         0  flash.o ABSOLUTE
    Basic\nvic\NVIC.c                        0x00000000   Number         0  nvic.o ABSOLUTE
    Basic\sys\sys.c                          0x00000000   Number         0  sys.o ABSOLUTE
    Basic\timer\timer.c                      0x00000000   Number         0  timer.o ABSOLUTE
    Basic\usart2\usart2.c                    0x00000000   Number         0  usart2.o ABSOLUTE
    Basic\usart\usart.c                      0x00000000   Number         0  usart.o ABSOLUTE
    CMSIS\\core_cm3.c                        0x00000000   Number         0  core_cm3.o ABSOLUTE
    CMSIS\core_cm3.c                         0x00000000   Number         0  core_cm3.o ABSOLUTE
    CMSIS\system_stm32f10x.c                 0x00000000   Number         0  system_stm32f10x.o ABSOLUTE
    Hardware\BEEP\BEEP.c                     0x00000000   Number         0  beep.o ABSOLUTE
    Hardware\LED\led.c                       0x00000000   Number         0  led.o ABSOLUTE
    Hardware\OLED\OLED_I2C.c                 0x00000000   Number         0  oled_i2c.o ABSOLUTE
    Hardware\SG90\SG90.c                     0x00000000   Number         0  sg90.o ABSOLUTE
    Hardware\as608\as608.c                   0x00000000   Number         0  as608.o ABSOLUTE
    Lib\src\misc.c                           0x00000000   Number         0  misc.o ABSOLUTE
    Lib\src\stm32f10x_bkp.c                  0x00000000   Number         0  stm32f10x_bkp.o ABSOLUTE
    Lib\src\stm32f10x_exti.c                 0x00000000   Number         0  stm32f10x_exti.o ABSOLUTE
    Lib\src\stm32f10x_flash.c                0x00000000   Number         0  stm32f10x_flash.o ABSOLUTE
    Lib\src\stm32f10x_gpio.c                 0x00000000   Number         0  stm32f10x_gpio.o ABSOLUTE
    Lib\src\stm32f10x_i2c.c                  0x00000000   Number         0  stm32f10x_i2c.o ABSOLUTE
    Lib\src\stm32f10x_pwr.c                  0x00000000   Number         0  stm32f10x_pwr.o ABSOLUTE
    Lib\src\stm32f10x_rcc.c                  0x00000000   Number         0  stm32f10x_rcc.o ABSOLUTE
    Lib\src\stm32f10x_rtc.c                  0x00000000   Number         0  stm32f10x_rtc.o ABSOLUTE
    Lib\src\stm32f10x_tim.c                  0x00000000   Number         0  stm32f10x_tim.o ABSOLUTE
    Lib\src\stm32f10x_usart.c                0x00000000   Number         0  stm32f10x_usart.o ABSOLUTE
    Startup\startup_stm32f10x_md.s           0x00000000   Number         0  startup_stm32f10x_md.o ABSOLUTE
    User\main.c                              0x00000000   Number         0  main.o ABSOLUTE
    User\stm32f10x_it.c                      0x00000000   Number         0  stm32f10x_it.o ABSOLUTE
    dc.s                                     0x00000000   Number         0  dc.o ABSOLUTE
    RESET                                    0x08000000   Section      236  startup_stm32f10x_md.o(RESET)
    !!!main                                  0x080000ec   Section        8  __main.o(!!!main)
    !!!scatter                               0x080000f4   Section       52  __scatter.o(!!!scatter)
    !!dczerorl2                              0x08000128   Section       90  __dczerorl2.o(!!dczerorl2)
    !!handler_zi                             0x08000184   Section       28  __scatter_zi.o(!!handler_zi)
    .ARM.Collect$$_printf_percent$$00000000  0x080001a0   Section        0  _printf_percent.o(.ARM.Collect$$_printf_percent$$00000000)
    .ARM.Collect$$_printf_percent$$00000009  0x080001a0   Section        6  _printf_d.o(.ARM.Collect$$_printf_percent$$00000009)
    .ARM.Collect$$_printf_percent$$0000000C  0x080001a6   Section        6  _printf_x.o(.ARM.Collect$$_printf_percent$$0000000C)
    .ARM.Collect$$_printf_percent$$00000014  0x080001ac   Section        6  _printf_s.o(.ARM.Collect$$_printf_percent$$00000014)
    .ARM.Collect$$_printf_percent$$00000017  0x080001b2   Section        4  _printf_percent_end.o(.ARM.Collect$$_printf_percent$$00000017)
    .ARM.Collect$$libinit$$00000000          0x080001b6   Section        2  libinit.o(.ARM.Collect$$libinit$$00000000)
    .ARM.Collect$$libinit$$00000002          0x080001b8   Section        0  libinit2.o(.ARM.Collect$$libinit$$00000002)
    .ARM.Collect$$libinit$$00000004          0x080001b8   Section        0  libinit2.o(.ARM.Collect$$libinit$$00000004)
    .ARM.Collect$$libinit$$0000000A          0x080001b8   Section        0  libinit2.o(.ARM.Collect$$libinit$$0000000A)
    .ARM.Collect$$libinit$$0000000C          0x080001b8   Section        0  libinit2.o(.ARM.Collect$$libinit$$0000000C)
    .ARM.Collect$$libinit$$0000000E          0x080001b8   Section        0  libinit2.o(.ARM.Collect$$libinit$$0000000E)
    .ARM.Collect$$libinit$$00000011          0x080001b8   Section        0  libinit2.o(.ARM.Collect$$libinit$$00000011)
    .ARM.Collect$$libinit$$00000013          0x080001b8   Section        0  libinit2.o(.ARM.Collect$$libinit$$00000013)
    .ARM.Collect$$libinit$$00000015          0x080001b8   Section        0  libinit2.o(.ARM.Collect$$libinit$$00000015)
    .ARM.Collect$$libinit$$00000017          0x080001b8   Section        0  libinit2.o(.ARM.Collect$$libinit$$00000017)
    .ARM.Collect$$libinit$$00000019          0x080001b8   Section        0  libinit2.o(.ARM.Collect$$libinit$$00000019)
    .ARM.Collect$$libinit$$0000001B          0x080001b8   Section        0  libinit2.o(.ARM.Collect$$libinit$$0000001B)
    .ARM.Collect$$libinit$$0000001D          0x080001b8   Section        0  libinit2.o(.ARM.Collect$$libinit$$0000001D)
    .ARM.Collect$$libinit$$0000001F          0x080001b8   Section        0  libinit2.o(.ARM.Collect$$libinit$$0000001F)
    .ARM.Collect$$libinit$$00000021          0x080001b8   Section        0  libinit2.o(.ARM.Collect$$libinit$$00000021)
    .ARM.Collect$$libinit$$00000023          0x080001b8   Section        0  libinit2.o(.ARM.Collect$$libinit$$00000023)
    .ARM.Collect$$libinit$$00000025          0x080001b8   Section        0  libinit2.o(.ARM.Collect$$libinit$$00000025)
    .ARM.Collect$$libinit$$0000002C          0x080001b8   Section        0  libinit2.o(.ARM.Collect$$libinit$$0000002C)
    .ARM.Collect$$libinit$$0000002E          0x080001b8   Section        0  libinit2.o(.ARM.Collect$$libinit$$0000002E)
    .ARM.Collect$$libinit$$00000030          0x080001b8   Section        0  libinit2.o(.ARM.Collect$$libinit$$00000030)
    .ARM.Collect$$libinit$$00000032          0x080001b8   Section        0  libinit2.o(.ARM.Collect$$libinit$$00000032)
    .ARM.Collect$$libinit$$00000033          0x080001b8   Section        2  libinit2.o(.ARM.Collect$$libinit$$00000033)
    .ARM.Collect$$libshutdown$$00000000      0x080001ba   Section        2  libshutdown.o(.ARM.Collect$$libshutdown$$00000000)
    .ARM.Collect$$libshutdown$$00000002      0x080001bc   Section        0  libshutdown2.o(.ARM.Collect$$libshutdown$$00000002)
    .ARM.Collect$$libshutdown$$00000004      0x080001bc   Section        0  libshutdown2.o(.ARM.Collect$$libshutdown$$00000004)
    .ARM.Collect$$libshutdown$$00000007      0x080001bc   Section        0  libshutdown2.o(.ARM.Collect$$libshutdown$$00000007)
    .ARM.Collect$$libshutdown$$0000000A      0x080001bc   Section        0  libshutdown2.o(.ARM.Collect$$libshutdown$$0000000A)
    .ARM.Collect$$libshutdown$$0000000C      0x080001bc   Section        0  libshutdown2.o(.ARM.Collect$$libshutdown$$0000000C)
    .ARM.Collect$$libshutdown$$0000000F      0x080001bc   Section        0  libshutdown2.o(.ARM.Collect$$libshutdown$$0000000F)
    .ARM.Collect$$libshutdown$$00000010      0x080001bc   Section        2  libshutdown2.o(.ARM.Collect$$libshutdown$$00000010)
    .ARM.Collect$$rtentry$$00000000          0x080001be   Section        0  __rtentry.o(.ARM.Collect$$rtentry$$00000000)
    .ARM.Collect$$rtentry$$00000002          0x080001be   Section        0  __rtentry2.o(.ARM.Collect$$rtentry$$00000002)
    .ARM.Collect$$rtentry$$00000004          0x080001be   Section        6  __rtentry4.o(.ARM.Collect$$rtentry$$00000004)
    .ARM.Collect$$rtentry$$00000009          0x080001c4   Section        0  __rtentry2.o(.ARM.Collect$$rtentry$$00000009)
    .ARM.Collect$$rtentry$$0000000A          0x080001c4   Section        4  __rtentry2.o(.ARM.Collect$$rtentry$$0000000A)
    .ARM.Collect$$rtentry$$0000000C          0x080001c8   Section        0  __rtentry2.o(.ARM.Collect$$rtentry$$0000000C)
    .ARM.Collect$$rtentry$$0000000D          0x080001c8   Section        8  __rtentry2.o(.ARM.Collect$$rtentry$$0000000D)
    .ARM.Collect$$rtexit$$00000000           0x080001d0   Section        2  rtexit.o(.ARM.Collect$$rtexit$$00000000)
    .ARM.Collect$$rtexit$$00000002           0x080001d2   Section        0  rtexit2.o(.ARM.Collect$$rtexit$$00000002)
    .ARM.Collect$$rtexit$$00000003           0x080001d2   Section        4  rtexit2.o(.ARM.Collect$$rtexit$$00000003)
    .ARM.Collect$$rtexit$$00000004           0x080001d6   Section        6  rtexit2.o(.ARM.Collect$$rtexit$$00000004)
    .text                                    0x080001dc   Section        0  system_stm32f10x.o(.text)
    SetSysClockTo72                          0x080001dd   Thumb Code   214  system_stm32f10x.o(.text)
    SetSysClock                              0x080002b3   Thumb Code     8  system_stm32f10x.o(.text)
    .text                                    0x080003bc   Section        0  misc.o(.text)
    .text                                    0x08000498   Section        0  stm32f10x_gpio.o(.text)
    .text                                    0x080007f4   Section        0  stm32f10x_rcc.o(.text)
    .text                                    0x08000b98   Section        0  stm32f10x_usart.o(.text)
    .text                                    0x08000fa0   Section        0  stm32f10x_flash.o(.text)
    .text                                    0x0800155c   Section        0  stm32f10x_i2c.o(.text)
    .text                                    0x08001960   Section        0  stm32f10x_exti.o(.text)
    .text                                    0x08001a7c   Section        0  stm32f10x_tim.o(.text)
    TI4_Config                               0x08001f23   Thumb Code   130  stm32f10x_tim.o(.text)
    TI3_Config                               0x08001fb7   Thumb Code   122  stm32f10x_tim.o(.text)
    TI2_Config                               0x0800204b   Thumb Code   130  stm32f10x_tim.o(.text)
    TI1_Config                               0x080020df   Thumb Code   108  stm32f10x_tim.o(.text)
    .text                                    0x08002898   Section       64  startup_stm32f10x_md.o(.text)
    .text                                    0x080028d8   Section        0  main.o(.text)
    .text                                    0x080034c8   Section        0  stm32f10x_it.o(.text)
    .text                                    0x080034e4   Section        0  delay.o(.text)
    .text                                    0x080035d0   Section        0  sys.o(.text)
    .text                                    0x08003640   Section        0  timer.o(.text)
    .text                                    0x080036cc   Section        0  usart2.o(.text)
    .text                                    0x08003840   Section        0  usart.o(.text)
    .text                                    0x08003980   Section        0  nvic.o(.text)
    .text                                    0x08003a8c   Section        0  flash.o(.text)
    .text                                    0x08003abc   Section        0  oled_i2c.o(.text)
    .text                                    0x08003ed8   Section        0  beep.o(.text)
    .text                                    0x08003f4c   Section        0  as608.o(.text)
    JudgeStr                                 0x08003fd9   Thumb Code   122  as608.o(.text)
    MYUSART_SendData                         0x08004053   Thumb Code    22  as608.o(.text)
    SendCheck                                0x08004069   Thumb Code    18  as608.o(.text)
    Sendcmd                                  0x0800407b   Thumb Code    12  as608.o(.text)
    SendLength                               0x08004087   Thumb Code    20  as608.o(.text)
    SendFlag                                 0x0800409b   Thumb Code    12  as608.o(.text)
    SendAddr                                 0x080040a7   Thumb Code    46  as608.o(.text)
    SendHead                                 0x080040d5   Thumb Code    16  as608.o(.text)
    .text                                    0x08004b3c   Section        0  led.o(.text)
    .text                                    0x08004b68   Section        0  sg90.o(.text)
    .text                                    0x08004c34   Section        2  use_no_semi_2.o(.text)
    .text                                    0x08004c38   Section        0  noretval__2printf.o(.text)
    .text                                    0x08004c50   Section        0  __printf.o(.text)
    .text                                    0x08004cb8   Section        0  _printf_str.o(.text)
    .text                                    0x08004d0c   Section        0  _printf_dec.o(.text)
    .text                                    0x08004d84   Section        0  _printf_hex_int.o(.text)
    .text                                    0x08004ddc   Section        0  strstr.o(.text)
    .text                                    0x08004e00   Section        0  heapauxi.o(.text)
    .text                                    0x08004e06   Section        2  use_no_semi.o(.text)
    .text                                    0x08004e08   Section        0  _printf_intcommon.o(.text)
    .text                                    0x08004eba   Section        0  _printf_char.o(.text)
    .text                                    0x08004ee8   Section        0  _printf_char_file.o(.text)
    .text                                    0x08004f0c   Section        0  _printf_char_common.o(.text)
    _printf_input_char                       0x08004f0d   Thumb Code    10  _printf_char_common.o(.text)
    .text                                    0x08004f3c   Section        0  ferror.o(.text)
    .text                                    0x08004f44   Section       74  sys_stackheap_outer.o(.text)
    .text                                    0x08004f8e   Section        0  exit.o(.text)
    .text                                    0x08004fa0   Section        8  libspace.o(.text)
    .constdata                               0x08004fa8   Section     2072  oled_i2c.o(.constdata)
    .constdata                               0x080057c0   Section       40  _printf_hex_int.o(.constdata)
    uc_hextab                                0x080057c0   Data          20  _printf_hex_int.o(.constdata)
    lc_hextab                                0x080057d4   Data          20  _printf_hex_int.o(.constdata)
    .data                                    0x20000000   Section       20  system_stm32f10x.o(.data)
    .data                                    0x20000014   Section       20  stm32f10x_rcc.o(.data)
    APBAHBPrescTable                         0x20000014   Data          16  stm32f10x_rcc.o(.data)
    ADCPrescTable                            0x20000024   Data           4  stm32f10x_rcc.o(.data)
    .data                                    0x20000028   Section       34  main.o(.data)
    .data                                    0x2000004a   Section        4  delay.o(.data)
    fac_us                                   0x2000004a   Data           1  delay.o(.data)
    fac_ms                                   0x2000004c   Data           2  delay.o(.data)
    .data                                    0x2000004e   Section        2  usart2.o(.data)
    .data                                    0x20000050   Section        6  usart.o(.data)
    .data                                    0x20000056   Section     1184  oled_i2c.o(.data)
    .data                                    0x200004f8   Section        5  as608.o(.data)
    .bss                                     0x20000500   Section      800  usart2.o(.bss)
    .bss                                     0x20000820   Section      200  usart.o(.bss)
    .bss                                     0x200008e8   Section       96  libspace.o(.bss)
    HEAP                                     0x20000948   Section      512  startup_stm32f10x_md.o(HEAP)
    Heap_Mem                                 0x20000948   Data         512  startup_stm32f10x_md.o(HEAP)
    STACK                                    0x20000b48   Section     1024  startup_stm32f10x_md.o(STACK)
    Stack_Mem                                0x20000b48   Data        1024  startup_stm32f10x_md.o(STACK)
    __initial_sp                             0x20000f48   Data           0  startup_stm32f10x_md.o(STACK)

    Global Symbols

    Symbol Name                              Value     Ov Type        Size  Object(Section)

    BuildAttributes$$THM_ISAv4$P$D$K$B$S$PE$A:L22UL41UL21$X:L11$S22US41US21$IEEE1$IW$USESV6$~STKCKD$USESV7$~SHL$OSPACE$ROPI$EBA8$UX$STANDARDLIB$REQ8$PRES8$EABIv2 0x00000000   Number         0  anon$$obj.o ABSOLUTE
    __ARM_use_no_argv                        0x00000000   Number         0  main.o ABSOLUTE
    __ARM_exceptions_init                     - Undefined Weak Reference
    __alloca_initialize                       - Undefined Weak Reference
    __arm_preinit_                            - Undefined Weak Reference
    __cpp_initialize__aeabi_                  - Undefined Weak Reference
    __cxa_finalize                            - Undefined Weak Reference
    __rt_locale                               - Undefined Weak Reference
    __sigvec_lookup                           - Undefined Weak Reference
    _atexit_init                              - Undefined Weak Reference
    _call_atexit_fns                          - Undefined Weak Reference
    _clock_init                               - Undefined Weak Reference
    _fp_trap_init                             - Undefined Weak Reference
    _fp_trap_shutdown                         - Undefined Weak Reference
    _get_lc_collate                           - Undefined Weak Reference
    _get_lc_ctype                             - Undefined Weak Reference
    _get_lc_monetary                          - Undefined Weak Reference
    _get_lc_numeric                           - Undefined Weak Reference
    _get_lc_time                              - Undefined Weak Reference
    _getenv_init                              - Undefined Weak Reference
    _handle_redirection                       - Undefined Weak Reference
    _init_alloc                               - Undefined Weak Reference
    _init_user_alloc                          - Undefined Weak Reference
    _initio                                   - Undefined Weak Reference
    _mutex_acquire                            - Undefined Weak Reference
    _mutex_release                            - Undefined Weak Reference
    _printf_mbtowc                            - Undefined Weak Reference
    _printf_post_padding                      - Undefined Weak Reference
    _printf_pre_padding                       - Undefined Weak Reference
    _printf_truncate_signed                   - Undefined Weak Reference
    _printf_truncate_unsigned                 - Undefined Weak Reference
    _rand_init                                - Undefined Weak Reference
    _signal_finish                            - Undefined Weak Reference
    _signal_init                              - Undefined Weak Reference
    _terminate_alloc                          - Undefined Weak Reference
    _terminate_user_alloc                     - Undefined Weak Reference
    _terminateio                              - Undefined Weak Reference
    __Vectors_Size                           0x000000ec   Number         0  startup_stm32f10x_md.o ABSOLUTE
    __Vectors                                0x08000000   Data           4  startup_stm32f10x_md.o(RESET)
    __Vectors_End                            0x080000ec   Data           0  startup_stm32f10x_md.o(RESET)
    __main                                   0x080000ed   Thumb Code     8  __main.o(!!!main)
    __scatterload                            0x080000f5   Thumb Code     0  __scatter.o(!!!scatter)
    __scatterload_rt2                        0x080000f5   Thumb Code    44  __scatter.o(!!!scatter)
    __scatterload_rt2_thumb_only             0x080000f5   Thumb Code     0  __scatter.o(!!!scatter)
    __scatterload_null                       0x08000103   Thumb Code     0  __scatter.o(!!!scatter)
    __decompress                             0x08000129   Thumb Code    90  __dczerorl2.o(!!dczerorl2)
    __decompress1                            0x08000129   Thumb Code     0  __dczerorl2.o(!!dczerorl2)
    __scatterload_zeroinit                   0x08000185   Thumb Code    28  __scatter_zi.o(!!handler_zi)
    _printf_d                                0x080001a1   Thumb Code     0  _printf_d.o(.ARM.Collect$$_printf_percent$$00000009)
    _printf_percent                          0x080001a1   Thumb Code     0  _printf_percent.o(.ARM.Collect$$_printf_percent$$00000000)
    _printf_x                                0x080001a7   Thumb Code     0  _printf_x.o(.ARM.Collect$$_printf_percent$$0000000C)
    _printf_s                                0x080001ad   Thumb Code     0  _printf_s.o(.ARM.Collect$$_printf_percent$$00000014)
    _printf_percent_end                      0x080001b3   Thumb Code     0  _printf_percent_end.o(.ARM.Collect$$_printf_percent$$00000017)
    __rt_lib_init                            0x080001b7   Thumb Code     0  libinit.o(.ARM.Collect$$libinit$$00000000)
    __rt_lib_init_alloca_1                   0x080001b9   Thumb Code     0  libinit2.o(.ARM.Collect$$libinit$$0000002E)
    __rt_lib_init_argv_1                     0x080001b9   Thumb Code     0  libinit2.o(.ARM.Collect$$libinit$$0000002C)
    __rt_lib_init_atexit_1                   0x080001b9   Thumb Code     0  libinit2.o(.ARM.Collect$$libinit$$0000001B)
    __rt_lib_init_clock_1                    0x080001b9   Thumb Code     0  libinit2.o(.ARM.Collect$$libinit$$00000021)
    __rt_lib_init_cpp_1                      0x080001b9   Thumb Code     0  libinit2.o(.ARM.Collect$$libinit$$00000032)
    __rt_lib_init_exceptions_1               0x080001b9   Thumb Code     0  libinit2.o(.ARM.Collect$$libinit$$00000030)
    __rt_lib_init_fp_1                       0x080001b9   Thumb Code     0  libinit2.o(.ARM.Collect$$libinit$$00000002)
    __rt_lib_init_fp_trap_1                  0x080001b9   Thumb Code     0  libinit2.o(.ARM.Collect$$libinit$$0000001F)
    __rt_lib_init_getenv_1                   0x080001b9   Thumb Code     0  libinit2.o(.ARM.Collect$$libinit$$00000023)
    __rt_lib_init_heap_1                     0x080001b9   Thumb Code     0  libinit2.o(.ARM.Collect$$libinit$$0000000A)
    __rt_lib_init_lc_collate_1               0x080001b9   Thumb Code     0  libinit2.o(.ARM.Collect$$libinit$$00000011)
    __rt_lib_init_lc_ctype_1                 0x080001b9   Thumb Code     0  libinit2.o(.ARM.Collect$$libinit$$00000013)
    __rt_lib_init_lc_monetary_1              0x080001b9   Thumb Code     0  libinit2.o(.ARM.Collect$$libinit$$00000015)
    __rt_lib_init_lc_numeric_1               0x080001b9   Thumb Code     0  libinit2.o(.ARM.Collect$$libinit$$00000017)
    __rt_lib_init_lc_time_1                  0x080001b9   Thumb Code     0  libinit2.o(.ARM.Collect$$libinit$$00000019)
    __rt_lib_init_preinit_1                  0x080001b9   Thumb Code     0  libinit2.o(.ARM.Collect$$libinit$$00000004)
    __rt_lib_init_rand_1                     0x080001b9   Thumb Code     0  libinit2.o(.ARM.Collect$$libinit$$0000000E)
    __rt_lib_init_return                     0x080001b9   Thumb Code     0  libinit2.o(.ARM.Collect$$libinit$$00000033)
    __rt_lib_init_signal_1                   0x080001b9   Thumb Code     0  libinit2.o(.ARM.Collect$$libinit$$0000001D)
    __rt_lib_init_stdio_1                    0x080001b9   Thumb Code     0  libinit2.o(.ARM.Collect$$libinit$$00000025)
    __rt_lib_init_user_alloc_1               0x080001b9   Thumb Code     0  libinit2.o(.ARM.Collect$$libinit$$0000000C)
    __rt_lib_shutdown                        0x080001bb   Thumb Code     0  libshutdown.o(.ARM.Collect$$libshutdown$$00000000)
    __rt_lib_shutdown_cpp_1                  0x080001bd   Thumb Code     0  libshutdown2.o(.ARM.Collect$$libshutdown$$00000002)
    __rt_lib_shutdown_fp_trap_1              0x080001bd   Thumb Code     0  libshutdown2.o(.ARM.Collect$$libshutdown$$00000007)
    __rt_lib_shutdown_heap_1                 0x080001bd   Thumb Code     0  libshutdown2.o(.ARM.Collect$$libshutdown$$0000000F)
    __rt_lib_shutdown_return                 0x080001bd   Thumb Code     0  libshutdown2.o(.ARM.Collect$$libshutdown$$00000010)
    __rt_lib_shutdown_signal_1               0x080001bd   Thumb Code     0  libshutdown2.o(.ARM.Collect$$libshutdown$$0000000A)
    __rt_lib_shutdown_stdio_1                0x080001bd   Thumb Code     0  libshutdown2.o(.ARM.Collect$$libshutdown$$00000004)
    __rt_lib_shutdown_user_alloc_1           0x080001bd   Thumb Code     0  libshutdown2.o(.ARM.Collect$$libshutdown$$0000000C)
    __rt_entry                               0x080001bf   Thumb Code     0  __rtentry.o(.ARM.Collect$$rtentry$$00000000)
    __rt_entry_presh_1                       0x080001bf   Thumb Code     0  __rtentry2.o(.ARM.Collect$$rtentry$$00000002)
    __rt_entry_sh                            0x080001bf   Thumb Code     0  __rtentry4.o(.ARM.Collect$$rtentry$$00000004)
    __rt_entry_li                            0x080001c5   Thumb Code     0  __rtentry2.o(.ARM.Collect$$rtentry$$0000000A)
    __rt_entry_postsh_1                      0x080001c5   Thumb Code     0  __rtentry2.o(.ARM.Collect$$rtentry$$00000009)
    __rt_entry_main                          0x080001c9   Thumb Code     0  __rtentry2.o(.ARM.Collect$$rtentry$$0000000D)
    __rt_entry_postli_1                      0x080001c9   Thumb Code     0  __rtentry2.o(.ARM.Collect$$rtentry$$0000000C)
    __rt_exit                                0x080001d1   Thumb Code     0  rtexit.o(.ARM.Collect$$rtexit$$00000000)
    __rt_exit_ls                             0x080001d3   Thumb Code     0  rtexit2.o(.ARM.Collect$$rtexit$$00000003)
    __rt_exit_prels_1                        0x080001d3   Thumb Code     0  rtexit2.o(.ARM.Collect$$rtexit$$00000002)
    __rt_exit_exit                           0x080001d7   Thumb Code     0  rtexit2.o(.ARM.Collect$$rtexit$$00000004)
    SystemInit                               0x080002bb   Thumb Code    78  system_stm32f10x.o(.text)
    SystemCoreClockUpdate                    0x08000309   Thumb Code   142  system_stm32f10x.o(.text)
    NVIC_PriorityGroupConfig                 0x080003bd   Thumb Code    10  misc.o(.text)
    NVIC_Init                                0x080003c7   Thumb Code   100  misc.o(.text)
    NVIC_SetVectorTable                      0x0800042b   Thumb Code    14  misc.o(.text)
    NVIC_SystemLPConfig                      0x08000439   Thumb Code    34  misc.o(.text)
    SysTick_CLKSourceConfig                  0x0800045b   Thumb Code    40  misc.o(.text)
    GPIO_DeInit                              0x08000499   Thumb Code   172  stm32f10x_gpio.o(.text)
    GPIO_AFIODeInit                          0x08000545   Thumb Code    20  stm32f10x_gpio.o(.text)
    GPIO_Init                                0x08000559   Thumb Code   278  stm32f10x_gpio.o(.text)
    GPIO_StructInit                          0x0800066f   Thumb Code    16  stm32f10x_gpio.o(.text)
    GPIO_ReadInputDataBit                    0x0800067f   Thumb Code    18  stm32f10x_gpio.o(.text)
    GPIO_ReadInputData                       0x08000691   Thumb Code     8  stm32f10x_gpio.o(.text)
    GPIO_ReadOutputDataBit                   0x08000699   Thumb Code    18  stm32f10x_gpio.o(.text)
    GPIO_ReadOutputData                      0x080006ab   Thumb Code     8  stm32f10x_gpio.o(.text)
    GPIO_SetBits                             0x080006b3   Thumb Code     4  stm32f10x_gpio.o(.text)
    GPIO_ResetBits                           0x080006b7   Thumb Code     4  stm32f10x_gpio.o(.text)
    GPIO_WriteBit                            0x080006bb   Thumb Code    10  stm32f10x_gpio.o(.text)
    GPIO_Write                               0x080006c5   Thumb Code     4  stm32f10x_gpio.o(.text)
    GPIO_PinLockConfig                       0x080006c9   Thumb Code    18  stm32f10x_gpio.o(.text)
    GPIO_EventOutputConfig                   0x080006db   Thumb Code    26  stm32f10x_gpio.o(.text)
    GPIO_EventOutputCmd                      0x080006f5   Thumb Code     6  stm32f10x_gpio.o(.text)
    GPIO_PinRemapConfig                      0x080006fb   Thumb Code   138  stm32f10x_gpio.o(.text)
    GPIO_EXTILineConfig                      0x08000785   Thumb Code    66  stm32f10x_gpio.o(.text)
    GPIO_ETH_MediaInterfaceConfig            0x080007c7   Thumb Code     8  stm32f10x_gpio.o(.text)
    RCC_DeInit                               0x080007f5   Thumb Code    64  stm32f10x_rcc.o(.text)
    RCC_HSEConfig                            0x08000835   Thumb Code    70  stm32f10x_rcc.o(.text)
    RCC_GetFlagStatus                        0x0800087b   Thumb Code    56  stm32f10x_rcc.o(.text)
    RCC_WaitForHSEStartUp                    0x080008b3   Thumb Code    56  stm32f10x_rcc.o(.text)
    RCC_AdjustHSICalibrationValue            0x080008eb   Thumb Code    20  stm32f10x_rcc.o(.text)
    RCC_HSICmd                               0x080008ff   Thumb Code     6  stm32f10x_rcc.o(.text)
    RCC_PLLConfig                            0x08000905   Thumb Code    24  stm32f10x_rcc.o(.text)
    RCC_PLLCmd                               0x0800091d   Thumb Code     6  stm32f10x_rcc.o(.text)
    RCC_SYSCLKConfig                         0x08000923   Thumb Code    18  stm32f10x_rcc.o(.text)
    RCC_GetSYSCLKSource                      0x08000935   Thumb Code    10  stm32f10x_rcc.o(.text)
    RCC_HCLKConfig                           0x0800093f   Thumb Code    18  stm32f10x_rcc.o(.text)
    RCC_PCLK1Config                          0x08000951   Thumb Code    18  stm32f10x_rcc.o(.text)
    RCC_PCLK2Config                          0x08000963   Thumb Code    20  stm32f10x_rcc.o(.text)
    RCC_ITConfig                             0x08000977   Thumb Code    26  stm32f10x_rcc.o(.text)
    RCC_USBCLKConfig                         0x08000991   Thumb Code     8  stm32f10x_rcc.o(.text)
    RCC_ADCCLKConfig                         0x08000999   Thumb Code    18  stm32f10x_rcc.o(.text)
    RCC_LSEConfig                            0x080009ab   Thumb Code    50  stm32f10x_rcc.o(.text)
    RCC_LSICmd                               0x080009dd   Thumb Code     6  stm32f10x_rcc.o(.text)
    RCC_RTCCLKConfig                         0x080009e3   Thumb Code    12  stm32f10x_rcc.o(.text)
    RCC_RTCCLKCmd                            0x080009ef   Thumb Code     8  stm32f10x_rcc.o(.text)
    RCC_GetClocksFreq                        0x080009f7   Thumb Code   192  stm32f10x_rcc.o(.text)
    RCC_AHBPeriphClockCmd                    0x08000ab7   Thumb Code    26  stm32f10x_rcc.o(.text)
    RCC_APB2PeriphClockCmd                   0x08000ad1   Thumb Code    26  stm32f10x_rcc.o(.text)
    RCC_APB1PeriphClockCmd                   0x08000aeb   Thumb Code    26  stm32f10x_rcc.o(.text)
    RCC_APB2PeriphResetCmd                   0x08000b05   Thumb Code    26  stm32f10x_rcc.o(.text)
    RCC_APB1PeriphResetCmd                   0x08000b1f   Thumb Code    26  stm32f10x_rcc.o(.text)
    RCC_BackupResetCmd                       0x08000b39   Thumb Code     8  stm32f10x_rcc.o(.text)
    RCC_ClockSecuritySystemCmd               0x08000b41   Thumb Code     6  stm32f10x_rcc.o(.text)
    RCC_MCOConfig                            0x08000b47   Thumb Code     6  stm32f10x_rcc.o(.text)
    RCC_ClearFlag                            0x08000b4d   Thumb Code    14  stm32f10x_rcc.o(.text)
    RCC_GetITStatus                          0x08000b5b   Thumb Code    20  stm32f10x_rcc.o(.text)
    RCC_ClearITPendingBit                    0x08000b6f   Thumb Code     6  stm32f10x_rcc.o(.text)
    USART_DeInit                             0x08000b99   Thumb Code   134  stm32f10x_usart.o(.text)
    USART_Init                               0x08000c1f   Thumb Code   210  stm32f10x_usart.o(.text)
    USART_StructInit                         0x08000cf1   Thumb Code    24  stm32f10x_usart.o(.text)
    USART_ClockInit                          0x08000d09   Thumb Code    34  stm32f10x_usart.o(.text)
    USART_ClockStructInit                    0x08000d2b   Thumb Code    12  stm32f10x_usart.o(.text)
    USART_Cmd                                0x08000d37   Thumb Code    24  stm32f10x_usart.o(.text)
    USART_ITConfig                           0x08000d4f   Thumb Code    74  stm32f10x_usart.o(.text)
    USART_DMACmd                             0x08000d99   Thumb Code    18  stm32f10x_usart.o(.text)
    USART_SetAddress                         0x08000dab   Thumb Code    18  stm32f10x_usart.o(.text)
    USART_WakeUpConfig                       0x08000dbd   Thumb Code    18  stm32f10x_usart.o(.text)
    USART_ReceiverWakeUpCmd                  0x08000dcf   Thumb Code    24  stm32f10x_usart.o(.text)
    USART_LINBreakDetectLengthConfig         0x08000de7   Thumb Code    18  stm32f10x_usart.o(.text)
    USART_LINCmd                             0x08000df9   Thumb Code    24  stm32f10x_usart.o(.text)
    USART_SendData                           0x08000e11   Thumb Code     8  stm32f10x_usart.o(.text)
    USART_ReceiveData                        0x08000e19   Thumb Code    10  stm32f10x_usart.o(.text)
    USART_SendBreak                          0x08000e23   Thumb Code    10  stm32f10x_usart.o(.text)
    USART_SetGuardTime                       0x08000e2d   Thumb Code    16  stm32f10x_usart.o(.text)
    USART_SetPrescaler                       0x08000e3d   Thumb Code    16  stm32f10x_usart.o(.text)
    USART_SmartCardCmd                       0x08000e4d   Thumb Code    24  stm32f10x_usart.o(.text)
    USART_SmartCardNACKCmd                   0x08000e65   Thumb Code    24  stm32f10x_usart.o(.text)
    USART_HalfDuplexCmd                      0x08000e7d   Thumb Code    24  stm32f10x_usart.o(.text)
    USART_OverSampling8Cmd                   0x08000e95   Thumb Code    22  stm32f10x_usart.o(.text)
    USART_OneBitMethodCmd                    0x08000eab   Thumb Code    24  stm32f10x_usart.o(.text)
    USART_IrDAConfig                         0x08000ec3   Thumb Code    18  stm32f10x_usart.o(.text)
    USART_IrDACmd                            0x08000ed5   Thumb Code    24  stm32f10x_usart.o(.text)
    USART_GetFlagStatus                      0x08000eed   Thumb Code    26  stm32f10x_usart.o(.text)
    USART_ClearFlag                          0x08000f07   Thumb Code    18  stm32f10x_usart.o(.text)
    USART_GetITStatus                        0x08000f19   Thumb Code    84  stm32f10x_usart.o(.text)
    USART_ClearITPendingBit                  0x08000f6d   Thumb Code    52  stm32f10x_usart.o(.text)
    FLASH_SetLatency                         0x08000fa1   Thumb Code    18  stm32f10x_flash.o(.text)
    FLASH_HalfCycleAccessCmd                 0x08000fb3   Thumb Code    22  stm32f10x_flash.o(.text)
    FLASH_PrefetchBufferCmd                  0x08000fc9   Thumb Code    22  stm32f10x_flash.o(.text)
    FLASH_Unlock                             0x08000fdf   Thumb Code    12  stm32f10x_flash.o(.text)
    FLASH_UnlockBank1                        0x08000feb   Thumb Code    12  stm32f10x_flash.o(.text)
    FLASH_Lock                               0x08000ff7   Thumb Code    14  stm32f10x_flash.o(.text)
    FLASH_LockBank1                          0x08001005   Thumb Code    14  stm32f10x_flash.o(.text)
    FLASH_GetBank1Status                     0x08001013   Thumb Code    48  stm32f10x_flash.o(.text)
    FLASH_WaitForLastOperation               0x08001043   Thumb Code    38  stm32f10x_flash.o(.text)
    FLASH_ErasePage                          0x08001069   Thumb Code    72  stm32f10x_flash.o(.text)
    FLASH_EraseAllPages                      0x080010b1   Thumb Code    68  stm32f10x_flash.o(.text)
    FLASH_WaitForLastBank1Operation          0x080010f5   Thumb Code    38  stm32f10x_flash.o(.text)
    FLASH_EraseAllBank1Pages                 0x0800111b   Thumb Code    68  stm32f10x_flash.o(.text)
    FLASH_GetReadOutProtectionStatus         0x0800115f   Thumb Code    20  stm32f10x_flash.o(.text)
    FLASH_EraseOptionBytes                   0x08001173   Thumb Code   150  stm32f10x_flash.o(.text)
    FLASH_ProgramWord                        0x08001209   Thumb Code   102  stm32f10x_flash.o(.text)
    FLASH_ProgramHalfWord                    0x0800126f   Thumb Code    60  stm32f10x_flash.o(.text)
    FLASH_ProgramOptionByteData              0x080012ab   Thumb Code    72  stm32f10x_flash.o(.text)
    FLASH_EnableWriteProtection              0x080012f3   Thumb Code   200  stm32f10x_flash.o(.text)
    FLASH_ReadOutProtection                  0x080013bb   Thumb Code   156  stm32f10x_flash.o(.text)
    FLASH_UserOptionByteConfig               0x08001457   Thumb Code    88  stm32f10x_flash.o(.text)
    FLASH_GetUserOptionByte                  0x080014af   Thumb Code     8  stm32f10x_flash.o(.text)
    FLASH_GetWriteProtectionOptionByte       0x080014b7   Thumb Code     6  stm32f10x_flash.o(.text)
    FLASH_GetPrefetchBufferStatus            0x080014bd   Thumb Code    20  stm32f10x_flash.o(.text)
    FLASH_ITConfig                           0x080014d1   Thumb Code    26  stm32f10x_flash.o(.text)
    FLASH_GetFlagStatus                      0x080014eb   Thumb Code    42  stm32f10x_flash.o(.text)
    FLASH_ClearFlag                          0x08001515   Thumb Code     6  stm32f10x_flash.o(.text)
    FLASH_GetStatus                          0x0800151b   Thumb Code    48  stm32f10x_flash.o(.text)
    I2C_DeInit                               0x0800155d   Thumb Code    50  stm32f10x_i2c.o(.text)
    I2C_Init                                 0x0800158f   Thumb Code   222  stm32f10x_i2c.o(.text)
    I2C_StructInit                           0x0800166d   Thumb Code    30  stm32f10x_i2c.o(.text)
    I2C_Cmd                                  0x0800168b   Thumb Code    24  stm32f10x_i2c.o(.text)
    I2C_DMACmd                               0x080016a3   Thumb Code    24  stm32f10x_i2c.o(.text)
    I2C_DMALastTransferCmd                   0x080016bb   Thumb Code    24  stm32f10x_i2c.o(.text)
    I2C_GenerateSTART                        0x080016d3   Thumb Code    24  stm32f10x_i2c.o(.text)
    I2C_GenerateSTOP                         0x080016eb   Thumb Code    24  stm32f10x_i2c.o(.text)
    I2C_AcknowledgeConfig                    0x08001703   Thumb Code    24  stm32f10x_i2c.o(.text)
    I2C_OwnAddress2Config                    0x0800171b   Thumb Code    22  stm32f10x_i2c.o(.text)
    I2C_DualAddressCmd                       0x08001731   Thumb Code    24  stm32f10x_i2c.o(.text)
    I2C_GeneralCallCmd                       0x08001749   Thumb Code    24  stm32f10x_i2c.o(.text)
    I2C_ITConfig                             0x08001761   Thumb Code    18  stm32f10x_i2c.o(.text)
    I2C_SendData                             0x08001773   Thumb Code     4  stm32f10x_i2c.o(.text)
    I2C_ReceiveData                          0x08001777   Thumb Code     8  stm32f10x_i2c.o(.text)
    I2C_Send7bitAddress                      0x0800177f   Thumb Code    18  stm32f10x_i2c.o(.text)
    I2C_ReadRegister                         0x08001791   Thumb Code    22  stm32f10x_i2c.o(.text)
    I2C_SoftwareResetCmd                     0x080017a7   Thumb Code    22  stm32f10x_i2c.o(.text)
    I2C_NACKPositionConfig                   0x080017bd   Thumb Code    28  stm32f10x_i2c.o(.text)
    I2C_SMBusAlertConfig                     0x080017d9   Thumb Code    28  stm32f10x_i2c.o(.text)
    I2C_TransmitPEC                          0x080017f5   Thumb Code    24  stm32f10x_i2c.o(.text)
    I2C_PECPositionConfig                    0x0800180d   Thumb Code    28  stm32f10x_i2c.o(.text)
    I2C_CalculatePEC                         0x08001829   Thumb Code    24  stm32f10x_i2c.o(.text)
    I2C_GetPEC                               0x08001841   Thumb Code     8  stm32f10x_i2c.o(.text)
    I2C_ARPCmd                               0x08001849   Thumb Code    24  stm32f10x_i2c.o(.text)
    I2C_StretchClockCmd                      0x08001861   Thumb Code    24  stm32f10x_i2c.o(.text)
    I2C_FastModeDutyCycleConfig              0x08001879   Thumb Code    28  stm32f10x_i2c.o(.text)
    I2C_CheckEvent                           0x08001895   Thumb Code    42  stm32f10x_i2c.o(.text)
    I2C_GetLastEvent                         0x080018bf   Thumb Code    26  stm32f10x_i2c.o(.text)
    I2C_GetFlagStatus                        0x080018d9   Thumb Code    58  stm32f10x_i2c.o(.text)
    I2C_ClearFlag                            0x08001913   Thumb Code    12  stm32f10x_i2c.o(.text)
    I2C_GetITStatus                          0x0800191f   Thumb Code    54  stm32f10x_i2c.o(.text)
    I2C_ClearITPendingBit                    0x08001955   Thumb Code    12  stm32f10x_i2c.o(.text)
    EXTI_DeInit                              0x08001961   Thumb Code    28  stm32f10x_exti.o(.text)
    EXTI_Init                                0x0800197d   Thumb Code   142  stm32f10x_exti.o(.text)
    EXTI_StructInit                          0x08001a0b   Thumb Code    16  stm32f10x_exti.o(.text)
    EXTI_GenerateSWInterrupt                 0x08001a1b   Thumb Code    16  stm32f10x_exti.o(.text)
    EXTI_GetFlagStatus                       0x08001a2b   Thumb Code    22  stm32f10x_exti.o(.text)
    EXTI_ClearFlag                           0x08001a41   Thumb Code     8  stm32f10x_exti.o(.text)
    EXTI_GetITStatus                         0x08001a49   Thumb Code    34  stm32f10x_exti.o(.text)
    EXTI_ClearITPendingBit                   0x08001a6b   Thumb Code     8  stm32f10x_exti.o(.text)
    TIM_DeInit                               0x08001a7d   Thumb Code   424  stm32f10x_tim.o(.text)
    TIM_TimeBaseInit                         0x08001c25   Thumb Code   122  stm32f10x_tim.o(.text)
    TIM_OC1Init                              0x08001c9f   Thumb Code   132  stm32f10x_tim.o(.text)
    TIM_OC2Init                              0x08001d23   Thumb Code   154  stm32f10x_tim.o(.text)
    TIM_OC3Init                              0x08001dbd   Thumb Code   150  stm32f10x_tim.o(.text)
    TIM_OC4Init                              0x08001e53   Thumb Code   182  stm32f10x_tim.o(.text)
    TIM_SetIC4Prescaler                      0x08001f09   Thumb Code    26  stm32f10x_tim.o(.text)
    TIM_SetIC3Prescaler                      0x08001fa5   Thumb Code    18  stm32f10x_tim.o(.text)
    TIM_SetIC2Prescaler                      0x08002031   Thumb Code    26  stm32f10x_tim.o(.text)
    TIM_SetIC1Prescaler                      0x080020cd   Thumb Code    18  stm32f10x_tim.o(.text)
    TIM_ICInit                               0x0800214b   Thumb Code   150  stm32f10x_tim.o(.text)
    TIM_PWMIConfig                           0x080021e1   Thumb Code   124  stm32f10x_tim.o(.text)
    TIM_BDTRConfig                           0x0800225d   Thumb Code    32  stm32f10x_tim.o(.text)
    TIM_TimeBaseStructInit                   0x0800227d   Thumb Code    18  stm32f10x_tim.o(.text)
    TIM_OCStructInit                         0x0800228f   Thumb Code    20  stm32f10x_tim.o(.text)
    TIM_ICStructInit                         0x080022a3   Thumb Code    18  stm32f10x_tim.o(.text)
    TIM_BDTRStructInit                       0x080022b5   Thumb Code    40  stm32f10x_tim.o(.text)
    TIM_Cmd                                  0x080022dd   Thumb Code    24  stm32f10x_tim.o(.text)
    TIM_CtrlPWMOutputs                       0x080022f5   Thumb Code    30  stm32f10x_tim.o(.text)
    TIM_ITConfig                             0x08002313   Thumb Code    18  stm32f10x_tim.o(.text)
    TIM_GenerateEvent                        0x08002325   Thumb Code     4  stm32f10x_tim.o(.text)
    TIM_DMAConfig                            0x08002329   Thumb Code    10  stm32f10x_tim.o(.text)
    TIM_DMACmd                               0x08002333   Thumb Code    18  stm32f10x_tim.o(.text)
    TIM_InternalClockConfig                  0x08002345   Thumb Code    12  stm32f10x_tim.o(.text)
    TIM_SelectInputTrigger                   0x08002351   Thumb Code    18  stm32f10x_tim.o(.text)
    TIM_ITRxExternalClockConfig              0x08002363   Thumb Code    24  stm32f10x_tim.o(.text)
    TIM_TIxExternalClockConfig               0x0800237b   Thumb Code    62  stm32f10x_tim.o(.text)
    TIM_ETRConfig                            0x080023b9   Thumb Code    28  stm32f10x_tim.o(.text)
    TIM_ETRClockMode1Config                  0x080023d5   Thumb Code    54  stm32f10x_tim.o(.text)
    TIM_ETRClockMode2Config                  0x0800240b   Thumb Code    32  stm32f10x_tim.o(.text)
    TIM_PrescalerConfig                      0x0800242b   Thumb Code     6  stm32f10x_tim.o(.text)
    TIM_CounterModeConfig                    0x08002431   Thumb Code    18  stm32f10x_tim.o(.text)
    TIM_EncoderInterfaceConfig               0x08002443   Thumb Code    66  stm32f10x_tim.o(.text)
    TIM_ForcedOC1Config                      0x08002485   Thumb Code    18  stm32f10x_tim.o(.text)
    TIM_ForcedOC2Config                      0x08002497   Thumb Code    26  stm32f10x_tim.o(.text)
    TIM_ForcedOC3Config                      0x080024b1   Thumb Code    18  stm32f10x_tim.o(.text)
    TIM_ForcedOC4Config                      0x080024c3   Thumb Code    26  stm32f10x_tim.o(.text)
    TIM_ARRPreloadConfig                     0x080024dd   Thumb Code    24  stm32f10x_tim.o(.text)
    TIM_SelectCOM                            0x080024f5   Thumb Code    24  stm32f10x_tim.o(.text)
    TIM_SelectCCDMA                          0x0800250d   Thumb Code    24  stm32f10x_tim.o(.text)
    TIM_CCPreloadControl                     0x08002525   Thumb Code    24  stm32f10x_tim.o(.text)
    TIM_OC1PreloadConfig                     0x0800253d   Thumb Code    18  stm32f10x_tim.o(.text)
    TIM_OC2PreloadConfig                     0x0800254f   Thumb Code    26  stm32f10x_tim.o(.text)
    TIM_OC3PreloadConfig                     0x08002569   Thumb Code    18  stm32f10x_tim.o(.text)
    TIM_OC4PreloadConfig                     0x0800257b   Thumb Code    26  stm32f10x_tim.o(.text)
    TIM_OC1FastConfig                        0x08002595   Thumb Code    18  stm32f10x_tim.o(.text)
    TIM_OC2FastConfig                        0x080025a7   Thumb Code    26  stm32f10x_tim.o(.text)
    TIM_OC3FastConfig                        0x080025c1   Thumb Code    18  stm32f10x_tim.o(.text)
    TIM_OC4FastConfig                        0x080025d3   Thumb Code    26  stm32f10x_tim.o(.text)
    TIM_ClearOC1Ref                          0x080025ed   Thumb Code    18  stm32f10x_tim.o(.text)
    TIM_ClearOC2Ref                          0x080025ff   Thumb Code    24  stm32f10x_tim.o(.text)
    TIM_ClearOC3Ref                          0x08002617   Thumb Code    18  stm32f10x_tim.o(.text)
    TIM_ClearOC4Ref                          0x08002629   Thumb Code    24  stm32f10x_tim.o(.text)
    TIM_OC1PolarityConfig                    0x08002641   Thumb Code    18  stm32f10x_tim.o(.text)
    TIM_OC1NPolarityConfig                   0x08002653   Thumb Code    18  stm32f10x_tim.o(.text)
    TIM_OC2PolarityConfig                    0x08002665   Thumb Code    26  stm32f10x_tim.o(.text)
    TIM_OC2NPolarityConfig                   0x0800267f   Thumb Code    26  stm32f10x_tim.o(.text)
    TIM_OC3PolarityConfig                    0x08002699   Thumb Code    26  stm32f10x_tim.o(.text)
    TIM_OC3NPolarityConfig                   0x080026b3   Thumb Code    26  stm32f10x_tim.o(.text)
    TIM_OC4PolarityConfig                    0x080026cd   Thumb Code    26  stm32f10x_tim.o(.text)
    TIM_CCxCmd                               0x080026e7   Thumb Code    30  stm32f10x_tim.o(.text)
    TIM_CCxNCmd                              0x08002705   Thumb Code    30  stm32f10x_tim.o(.text)
    TIM_SelectOCxM                           0x08002723   Thumb Code    82  stm32f10x_tim.o(.text)
    TIM_UpdateDisableConfig                  0x08002775   Thumb Code    24  stm32f10x_tim.o(.text)
    TIM_UpdateRequestConfig                  0x0800278d   Thumb Code    24  stm32f10x_tim.o(.text)
    TIM_SelectHallSensor                     0x080027a5   Thumb Code    24  stm32f10x_tim.o(.text)
    TIM_SelectOnePulseMode                   0x080027bd   Thumb Code    18  stm32f10x_tim.o(.text)
    TIM_SelectOutputTrigger                  0x080027cf   Thumb Code    18  stm32f10x_tim.o(.text)
    TIM_SelectSlaveMode                      0x080027e1   Thumb Code    18  stm32f10x_tim.o(.text)
    TIM_SelectMasterSlaveMode                0x080027f3   Thumb Code    18  stm32f10x_tim.o(.text)
    TIM_SetCounter                           0x08002805   Thumb Code     4  stm32f10x_tim.o(.text)
    TIM_SetAutoreload                        0x08002809   Thumb Code     4  stm32f10x_tim.o(.text)
    TIM_SetCompare1                          0x0800280d   Thumb Code     4  stm32f10x_tim.o(.text)
    TIM_SetCompare2                          0x08002811   Thumb Code     4  stm32f10x_tim.o(.text)
    TIM_SetCompare3                          0x08002815   Thumb Code     4  stm32f10x_tim.o(.text)
    TIM_SetCompare4                          0x08002819   Thumb Code     6  stm32f10x_tim.o(.text)
    TIM_SetClockDivision                     0x0800281f   Thumb Code    18  stm32f10x_tim.o(.text)
    TIM_GetCapture1                          0x08002831   Thumb Code     6  stm32f10x_tim.o(.text)
    TIM_GetCapture2                          0x08002837   Thumb Code     6  stm32f10x_tim.o(.text)
    TIM_GetCapture3                          0x0800283d   Thumb Code     6  stm32f10x_tim.o(.text)
    TIM_GetCapture4                          0x08002843   Thumb Code     8  stm32f10x_tim.o(.text)
    TIM_GetCounter                           0x0800284b   Thumb Code     6  stm32f10x_tim.o(.text)
    TIM_GetPrescaler                         0x08002851   Thumb Code     6  stm32f10x_tim.o(.text)
    TIM_GetFlagStatus                        0x08002857   Thumb Code    18  stm32f10x_tim.o(.text)
    TIM_ClearFlag                            0x08002869   Thumb Code     6  stm32f10x_tim.o(.text)
    TIM_GetITStatus                          0x0800286f   Thumb Code    34  stm32f10x_tim.o(.text)
    TIM_ClearITPendingBit                    0x08002891   Thumb Code     6  stm32f10x_tim.o(.text)
    Reset_Handler                            0x08002899   Thumb Code     8  startup_stm32f10x_md.o(.text)
    ADC1_2_IRQHandler                        0x080028b3   Thumb Code     0  startup_stm32f10x_md.o(.text)
    CAN1_RX1_IRQHandler                      0x080028b3   Thumb Code     0  startup_stm32f10x_md.o(.text)
    CAN1_SCE_IRQHandler                      0x080028b3   Thumb Code     0  startup_stm32f10x_md.o(.text)
    DMA1_Channel1_IRQHandler                 0x080028b3   Thumb Code     0  startup_stm32f10x_md.o(.text)
    DMA1_Channel2_IRQHandler                 0x080028b3   Thumb Code     0  startup_stm32f10x_md.o(.text)
    DMA1_Channel3_IRQHandler                 0x080028b3   Thumb Code     0  startup_stm32f10x_md.o(.text)
    DMA1_Channel4_IRQHandler                 0x080028b3   Thumb Code     0  startup_stm32f10x_md.o(.text)
    DMA1_Channel5_IRQHandler                 0x080028b3   Thumb Code     0  startup_stm32f10x_md.o(.text)
    DMA1_Channel6_IRQHandler                 0x080028b3   Thumb Code     0  startup_stm32f10x_md.o(.text)
    DMA1_Channel7_IRQHandler                 0x080028b3   Thumb Code     0  startup_stm32f10x_md.o(.text)
    EXTI15_10_IRQHandler                     0x080028b3   Thumb Code     0  startup_stm32f10x_md.o(.text)
    EXTI2_IRQHandler                         0x080028b3   Thumb Code     0  startup_stm32f10x_md.o(.text)
    EXTI3_IRQHandler                         0x080028b3   Thumb Code     0  startup_stm32f10x_md.o(.text)
    FLASH_IRQHandler                         0x080028b3   Thumb Code     0  startup_stm32f10x_md.o(.text)
    I2C1_ER_IRQHandler                       0x080028b3   Thumb Code     0  startup_stm32f10x_md.o(.text)
    I2C1_EV_IRQHandler                       0x080028b3   Thumb Code     0  startup_stm32f10x_md.o(.text)
    I2C2_ER_IRQHandler                       0x080028b3   Thumb Code     0  startup_stm32f10x_md.o(.text)
    I2C2_EV_IRQHandler                       0x080028b3   Thumb Code     0  startup_stm32f10x_md.o(.text)
    PVD_IRQHandler                           0x080028b3   Thumb Code     0  startup_stm32f10x_md.o(.text)
    RCC_IRQHandler                           0x080028b3   Thumb Code     0  startup_stm32f10x_md.o(.text)
    RTCAlarm_IRQHandler                      0x080028b3   Thumb Code     0  startup_stm32f10x_md.o(.text)
    RTC_IRQHandler                           0x080028b3   Thumb Code     0  startup_stm32f10x_md.o(.text)
    SPI1_IRQHandler                          0x080028b3   Thumb Code     0  startup_stm32f10x_md.o(.text)
    SPI2_IRQHandler                          0x080028b3   Thumb Code     0  startup_stm32f10x_md.o(.text)
    TAMPER_IRQHandler                        0x080028b3   Thumb Code     0  startup_stm32f10x_md.o(.text)
    TIM1_BRK_IRQHandler                      0x080028b3   Thumb Code     0  startup_stm32f10x_md.o(.text)
    TIM1_CC_IRQHandler                       0x080028b3   Thumb Code     0  startup_stm32f10x_md.o(.text)
    TIM1_TRG_COM_IRQHandler                  0x080028b3   Thumb Code     0  startup_stm32f10x_md.o(.text)
    TIM1_UP_IRQHandler                       0x080028b3   Thumb Code     0  startup_stm32f10x_md.o(.text)
    TIM2_IRQHandler                          0x080028b3   Thumb Code     0  startup_stm32f10x_md.o(.text)
    TIM3_IRQHandler                          0x080028b3   Thumb Code     0  startup_stm32f10x_md.o(.text)
    USART3_IRQHandler                        0x080028b3   Thumb Code     0  startup_stm32f10x_md.o(.text)
    USBWakeUp_IRQHandler                     0x080028b3   Thumb Code     0  startup_stm32f10x_md.o(.text)
    USB_HP_CAN1_TX_IRQHandler                0x080028b3   Thumb Code     0  startup_stm32f10x_md.o(.text)
    USB_LP_CAN1_RX0_IRQHandler               0x080028b3   Thumb Code     0  startup_stm32f10x_md.o(.text)
    WWDG_IRQHandler                          0x080028b3   Thumb Code     0  startup_stm32f10x_md.o(.text)
    __user_initial_stackheap                 0x080028b5   Thumb Code     0  startup_stm32f10x_md.o(.text)
    fig_init                                 0x080028d9   Thumb Code    76  main.o(.text)
    NUM_Print                                0x08002925   Thumb Code   392  main.o(.text)
    Add_FR                                   0x08002aad   Thumb Code  1408  main.o(.text)
    press_fr                                 0x0800302d   Thumb Code   354  main.o(.text)
    Del_FR                                   0x0800318f   Thumb Code    82  main.o(.text)
    main                                     0x080031e1   Thumb Code   548  main.o(.text)
    EXTI0_IRQHandler                         0x08003405   Thumb Code    46  main.o(.text)
    EXTI1_IRQHandler                         0x08003433   Thumb Code    46  main.o(.text)
    EXTI4_IRQHandler                         0x08003461   Thumb Code    50  main.o(.text)
    NMI_Handler                              0x080034c9   Thumb Code     2  stm32f10x_it.o(.text)
    HardFault_Handler                        0x080034cb   Thumb Code     4  stm32f10x_it.o(.text)
    MemManage_Handler                        0x080034cf   Thumb Code     4  stm32f10x_it.o(.text)
    BusFault_Handler                         0x080034d3   Thumb Code     4  stm32f10x_it.o(.text)
    UsageFault_Handler                       0x080034d7   Thumb Code     4  stm32f10x_it.o(.text)
    SVC_Handler                              0x080034db   Thumb Code     2  stm32f10x_it.o(.text)
    DebugMon_Handler                         0x080034dd   Thumb Code     2  stm32f10x_it.o(.text)
    PendSV_Handler                           0x080034df   Thumb Code     2  stm32f10x_it.o(.text)
    SysTick_Handler                          0x080034e1   Thumb Code     2  stm32f10x_it.o(.text)
    DelayInit                                0x080034e5   Thumb Code    50  delay.o(.text)
    DelayUs                                  0x08003517   Thumb Code    72  delay.o(.text)
    DelayMs                                  0x0800355f   Thumb Code    72  delay.o(.text)
    DelayS                                   0x080035a7   Thumb Code    26  delay.o(.text)
    WFI_SET                                  0x080035d1   Thumb Code     4  sys.o(.text)
    INTX_DISABLE                             0x080035d5   Thumb Code     4  sys.o(.text)
    INTX_ENABLE                              0x080035d9   Thumb Code     4  sys.o(.text)
    RCC_Configuration                        0x080035dd   Thumb Code   100  sys.o(.text)
    TIM4_IRQHandler                          0x08003641   Thumb Code    42  timer.o(.text)
    TIM4_Int_Init                            0x0800366b   Thumb Code    90  timer.o(.text)
    usart2_Init                              0x080036cd   Thumb Code   182  usart2.o(.text)
    USART2_IRQHandler                        0x08003783   Thumb Code    96  usart2.o(.text)
    usrat2_Send_Byte                         0x080037e3   Thumb Code    38  usart2.o(.text)
    usart2_Send_String                       0x08003809   Thumb Code    28  usart2.o(.text)
    _sys_exit                                0x08003841   Thumb Code     6  usart.o(.text)
    fputc                                    0x08003847   Thumb Code    24  usart.o(.text)
    uart_Init                                0x0800385f   Thumb Code   152  usart.o(.text)
    USART1_IRQHandler                        0x080038f7   Thumb Code   122  usart.o(.text)
    Infrared_INT_INIT                        0x08003981   Thumb Code   262  nvic.o(.text)
    FLASH_W                                  0x08003a8d   Thumb Code    42  flash.o(.text)
    FLASH_R                                  0x08003ab7   Thumb Code     6  flash.o(.text)
    I2C_Configuration                        0x08003abd   Thumb Code   110  oled_i2c.o(.text)
    I2C_WriteByte                            0x08003b2b   Thumb Code   126  oled_i2c.o(.text)
    WriteCmd                                 0x08003ba9   Thumb Code    14  oled_i2c.o(.text)
    WriteDat                                 0x08003bb7   Thumb Code    14  oled_i2c.o(.text)
    OLED_Init                                0x08003bc5   Thumb Code   178  oled_i2c.o(.text)
    OLED_SetPos                              0x08003c77   Thumb Code    40  oled_i2c.o(.text)
    OLED_Fill                                0x08003c9f   Thumb Code    58  oled_i2c.o(.text)
    OLED_CLS                                 0x08003cd9   Thumb Code    10  oled_i2c.o(.text)
    OLED_ON                                  0x08003ce3   Thumb Code    22  oled_i2c.o(.text)
    OLED_OFF                                 0x08003cf9   Thumb Code    22  oled_i2c.o(.text)
    OLED_ShowStr                             0x08003d0f   Thumb Code   228  oled_i2c.o(.text)
    OLED_ShowCN                              0x08003df3   Thumb Code    80  oled_i2c.o(.text)
    OLED_DrawBMP                             0x08003e43   Thumb Code   116  oled_i2c.o(.text)
    BEEP_Init                                0x08003ed9   Thumb Code    50  beep.o(.text)
    BEEP_ON                                  0x08003f0b   Thumb Code    30  beep.o(.text)
    JDQ_init                                 0x08003f29   Thumb Code    32  beep.o(.text)
    EnsureMessage                            0x08003f4d   Thumb Code   140  as608.o(.text)
    PS_HighSpeedSearch                       0x080040e5   Thumb Code   144  as608.o(.text)
    PS_GenChar                               0x08004175   Thumb Code    70  as608.o(.text)
    PS_GetImage                              0x080041bb   Thumb Code   560  as608.o(.text)
    press_FR                                 0x080043eb   Thumb Code   114  as608.o(.text)
    PS_StaGPIO_Init                          0x0800445d   Thumb Code   112  as608.o(.text)
    EXTI9_5_IRQHandler                       0x080044cd   Thumb Code    24  as608.o(.text)
    PS_UpImage                               0x080044e5   Thumb Code    58  as608.o(.text)
    PS_Match                                 0x0800451f   Thumb Code    58  as608.o(.text)
    PS_Search                                0x08004559   Thumb Code   144  as608.o(.text)
    PS_RegModel                              0x080045e9   Thumb Code    58  as608.o(.text)
    PS_StoreChar                             0x08004623   Thumb Code    96  as608.o(.text)
    PS_DeletChar                             0x08004683   Thumb Code   108  as608.o(.text)
    PS_Empty                                 0x080046ef   Thumb Code    58  as608.o(.text)
    PS_WriteReg                              0x08004729   Thumb Code   108  as608.o(.text)
    PS_ReadSysPara                           0x08004795   Thumb Code   240  as608.o(.text)
    PS_SetAddr                               0x08004885   Thumb Code   148  as608.o(.text)
    PS_WriteNotepad                          0x08004919   Thumb Code   106  as608.o(.text)
    PS_ReadNotepad                           0x08004983   Thumb Code    96  as608.o(.text)
    PS_ValidTempleteNum                      0x080049e3   Thumb Code   110  as608.o(.text)
    PS_HandShake                             0x08004a51   Thumb Code   118  as608.o(.text)
    LED_Init                                 0x08004b3d   Thumb Code    38  led.o(.text)
    SG90_Init                                0x08004b69   Thumb Code   130  sg90.o(.text)
    steer                                    0x08004beb   Thumb Code    66  sg90.o(.text)
    __use_no_semihosting                     0x08004c35   Thumb Code     2  use_no_semi_2.o(.text)
    __2printf                                0x08004c39   Thumb Code    20  noretval__2printf.o(.text)
    __printf                                 0x08004c51   Thumb Code   104  __printf.o(.text)
    _printf_str                              0x08004cb9   Thumb Code    82  _printf_str.o(.text)
    _printf_int_dec                          0x08004d0d   Thumb Code   104  _printf_dec.o(.text)
    _printf_int_hex                          0x08004d85   Thumb Code    84  _printf_hex_int.o(.text)
    _printf_longlong_hex                     0x08004d85   Thumb Code     0  _printf_hex_int.o(.text)
    strstr                                   0x08004ddd   Thumb Code    36  strstr.o(.text)
    __use_two_region_memory                  0x08004e01   Thumb Code     2  heapauxi.o(.text)
    __rt_heap_escrow$2region                 0x08004e03   Thumb Code     2  heapauxi.o(.text)
    __rt_heap_expand$2region                 0x08004e05   Thumb Code     2  heapauxi.o(.text)
    __I$use$semihosting                      0x08004e07   Thumb Code     0  use_no_semi.o(.text)
    __use_no_semihosting_swi                 0x08004e07   Thumb Code     2  use_no_semi.o(.text)
    _printf_int_common                       0x08004e09   Thumb Code   178  _printf_intcommon.o(.text)
    _printf_cs_common                        0x08004ebb   Thumb Code    20  _printf_char.o(.text)
    _printf_char                             0x08004ecf   Thumb Code    16  _printf_char.o(.text)
    _printf_string                           0x08004edf   Thumb Code     8  _printf_char.o(.text)
    _printf_char_file                        0x08004ee9   Thumb Code    32  _printf_char_file.o(.text)
    _printf_char_common                      0x08004f17   Thumb Code    32  _printf_char_common.o(.text)
    ferror                                   0x08004f3d   Thumb Code     8  ferror.o(.text)
    __user_setup_stackheap                   0x08004f45   Thumb Code    74  sys_stackheap_outer.o(.text)
    exit                                     0x08004f8f   Thumb Code    18  exit.o(.text)
    __user_libspace                          0x08004fa1   Thumb Code     8  libspace.o(.text)
    __user_perproc_libspace                  0x08004fa1   Thumb Code     0  libspace.o(.text)
    __user_perthread_libspace                0x08004fa1   Thumb Code     0  libspace.o(.text)
    F6x8                                     0x08004fa8   Data         552  oled_i2c.o(.constdata)
    F8X16                                    0x080051d0   Data        1520  oled_i2c.o(.constdata)
    Region$$Table$$Base                      0x080057e8   Number         0  anon$$obj.o(Region$$Table)
    Region$$Table$$Limit                     0x08005808   Number         0  anon$$obj.o(Region$$Table)
    SystemCoreClock                          0x20000000   Data           4  system_stm32f10x.o(.data)
    AHBPrescTable                            0x20000004   Data          16  system_stm32f10x.o(.data)
    ValidN                                   0x20000028   Data           2  main.o(.data)
    Finger_Num                               0x2000002a   Data           2  main.o(.data)
    Set_flag                                 0x2000002c   Data           2  main.o(.data)
    Add_flag                                 0x2000002e   Data           2  main.o(.data)
    Del_flag                                 0x20000030   Data           2  main.o(.data)
    Pre_flag                                 0x20000032   Data           2  main.o(.data)
    Choose_flag                              0x20000034   Data           2  main.o(.data)
    Del_Choose_flag                          0x20000036   Data           2  main.o(.data)
    Del_Move_flag                            0x20000038   Data           2  main.o(.data)
    ID                                       0x2000003a   Data           2  main.o(.data)
    ID_flag                                  0x2000003c   Data           2  main.o(.data)
    Del_num                                  0x2000003e   Data           2  main.o(.data)
    One_flag                                 0x20000040   Data           2  main.o(.data)
    end                                      0x20000042   Data           2  main.o(.data)
    Continue                                 0x20000044   Data           2  main.o(.data)
    mark                                     0x20000046   Data           2  main.o(.data)
    mark1                                    0x20000048   Data           2  main.o(.data)
    USART2_RX_STA                            0x2000004e   Data           2  usart2.o(.data)
    __stdout                                 0x20000050   Data           4  usart.o(.data)
    USART_RX_STA                             0x20000054   Data           2  usart.o(.data)
    F16x16                                   0x20000056   Data         160  oled_i2c.o(.data)
    BMP1                                     0x200000f6   Data        1024  oled_i2c.o(.data)
    AS608Addr                                0x200004f8   Data           4  as608.o(.data)
    Have                                     0x200004fc   Data           1  as608.o(.data)
    USART2_RX_BUF                            0x20000500   Data         400  usart2.o(.bss)
    USART2_TX_BUF                            0x20000690   Data         400  usart2.o(.bss)
    USART_RX_BUF                             0x20000820   Data         200  usart.o(.bss)
    __libspace_start                         0x200008e8   Data          96  libspace.o(.bss)
    __temporary_stack_top$libspace           0x20000948   Data           0  libspace.o(.bss)



==============================================================================

Memory Map of the image

  Image Entry point : 0x080000ed

  Load Region LR_IROM1 (Base: 0x08000000, Size: 0x00005d08, Max: 0x00010000, ABSOLUTE, COMPRESSED[0x000059d0])

    Execution Region ER_IROM1 (Exec base: 0x08000000, Load base: 0x08000000, Size: 0x00005808, Max: 0x00010000, ABSOLUTE)

    Exec Addr    Load Addr    Size         Type   Attr      Idx    E Section Name        Object

    0x08000000   0x08000000   0x000000ec   Data   RO          273    RESET               startup_stm32f10x_md.o
    0x080000ec   0x080000ec   0x00000008   Code   RO          646  * !!!main             c_w.l(__main.o)
    0x080000f4   0x080000f4   0x00000034   Code   RO          818    !!!scatter          c_w.l(__scatter.o)
    0x08000128   0x08000128   0x0000005a   Code   RO          816    !!dczerorl2         c_w.l(__dczerorl2.o)
    0x08000182   0x08000182   0x00000002   PAD
    0x08000184   0x08000184   0x0000001c   Code   RO          820    !!handler_zi        c_w.l(__scatter_zi.o)
    0x080001a0   0x080001a0   0x00000000   Code   RO          641    .ARM.Collect$$_printf_percent$$00000000  c_w.l(_printf_percent.o)
    0x080001a0   0x080001a0   0x00000006   Code   RO          640    .ARM.Collect$$_printf_percent$$00000009  c_w.l(_printf_d.o)
    0x080001a6   0x080001a6   0x00000006   Code   RO          639    .ARM.Collect$$_printf_percent$$0000000C  c_w.l(_printf_x.o)
    0x080001ac   0x080001ac   0x00000006   Code   RO          638    .ARM.Collect$$_printf_percent$$00000014  c_w.l(_printf_s.o)
    0x080001b2   0x080001b2   0x00000004   Code   RO          657    .ARM.Collect$$_printf_percent$$00000017  c_w.l(_printf_percent_end.o)
    0x080001b6   0x080001b6   0x00000002   Code   RO          690    .ARM.Collect$$libinit$$00000000  c_w.l(libinit.o)
    0x080001b8   0x080001b8   0x00000000   Code   RO          697    .ARM.Collect$$libinit$$00000002  c_w.l(libinit2.o)
    0x080001b8   0x080001b8   0x00000000   Code   RO          699    .ARM.Collect$$libinit$$00000004  c_w.l(libinit2.o)
    0x080001b8   0x080001b8   0x00000000   Code   RO          702    .ARM.Collect$$libinit$$0000000A  c_w.l(libinit2.o)
    0x080001b8   0x080001b8   0x00000000   Code   RO          704    .ARM.Collect$$libinit$$0000000C  c_w.l(libinit2.o)
    0x080001b8   0x080001b8   0x00000000   Code   RO          706    .ARM.Collect$$libinit$$0000000E  c_w.l(libinit2.o)
    0x080001b8   0x080001b8   0x00000000   Code   RO          709    .ARM.Collect$$libinit$$00000011  c_w.l(libinit2.o)
    0x080001b8   0x080001b8   0x00000000   Code   RO          711    .ARM.Collect$$libinit$$00000013  c_w.l(libinit2.o)
    0x080001b8   0x080001b8   0x00000000   Code   RO          713    .ARM.Collect$$libinit$$00000015  c_w.l(libinit2.o)
    0x080001b8   0x080001b8   0x00000000   Code   RO          715    .ARM.Collect$$libinit$$00000017  c_w.l(libinit2.o)
    0x080001b8   0x080001b8   0x00000000   Code   RO          717    .ARM.Collect$$libinit$$00000019  c_w.l(libinit2.o)
    0x080001b8   0x080001b8   0x00000000   Code   RO          719    .ARM.Collect$$libinit$$0000001B  c_w.l(libinit2.o)
    0x080001b8   0x080001b8   0x00000000   Code   RO          721    .ARM.Collect$$libinit$$0000001D  c_w.l(libinit2.o)
    0x080001b8   0x080001b8   0x00000000   Code   RO          723    .ARM.Collect$$libinit$$0000001F  c_w.l(libinit2.o)
    0x080001b8   0x080001b8   0x00000000   Code   RO          725    .ARM.Collect$$libinit$$00000021  c_w.l(libinit2.o)
    0x080001b8   0x080001b8   0x00000000   Code   RO          727    .ARM.Collect$$libinit$$00000023  c_w.l(libinit2.o)
    0x080001b8   0x080001b8   0x00000000   Code   RO          729    .ARM.Collect$$libinit$$00000025  c_w.l(libinit2.o)
    0x080001b8   0x080001b8   0x00000000   Code   RO          733    .ARM.Collect$$libinit$$0000002C  c_w.l(libinit2.o)
    0x080001b8   0x080001b8   0x00000000   Code   RO          735    .ARM.Collect$$libinit$$0000002E  c_w.l(libinit2.o)
    0x080001b8   0x080001b8   0x00000000   Code   RO          737    .ARM.Collect$$libinit$$00000030  c_w.l(libinit2.o)
    0x080001b8   0x080001b8   0x00000000   Code   RO          739    .ARM.Collect$$libinit$$00000032  c_w.l(libinit2.o)
    0x080001b8   0x080001b8   0x00000002   Code   RO          740    .ARM.Collect$$libinit$$00000033  c_w.l(libinit2.o)
    0x080001ba   0x080001ba   0x00000002   Code   RO          758    .ARM.Collect$$libshutdown$$00000000  c_w.l(libshutdown.o)
    0x080001bc   0x080001bc   0x00000000   Code   RO          768    .ARM.Collect$$libshutdown$$00000002  c_w.l(libshutdown2.o)
    0x080001bc   0x080001bc   0x00000000   Code   RO          770    .ARM.Collect$$libshutdown$$00000004  c_w.l(libshutdown2.o)
    0x080001bc   0x080001bc   0x00000000   Code   RO          773    .ARM.Collect$$libshutdown$$00000007  c_w.l(libshutdown2.o)
    0x080001bc   0x080001bc   0x00000000   Code   RO          776    .ARM.Collect$$libshutdown$$0000000A  c_w.l(libshutdown2.o)
    0x080001bc   0x080001bc   0x00000000   Code   RO          778    .ARM.Collect$$libshutdown$$0000000C  c_w.l(libshutdown2.o)
    0x080001bc   0x080001bc   0x00000000   Code   RO          781    .ARM.Collect$$libshutdown$$0000000F  c_w.l(libshutdown2.o)
    0x080001bc   0x080001bc   0x00000002   Code   RO          782    .ARM.Collect$$libshutdown$$00000010  c_w.l(libshutdown2.o)
    0x080001be   0x080001be   0x00000000   Code   RO          650    .ARM.Collect$$rtentry$$00000000  c_w.l(__rtentry.o)
    0x080001be   0x080001be   0x00000000   Code   RO          659    .ARM.Collect$$rtentry$$00000002  c_w.l(__rtentry2.o)
    0x080001be   0x080001be   0x00000006   Code   RO          671    .ARM.Collect$$rtentry$$00000004  c_w.l(__rtentry4.o)
    0x080001c4   0x080001c4   0x00000000   Code   RO          661    .ARM.Collect$$rtentry$$00000009  c_w.l(__rtentry2.o)
    0x080001c4   0x080001c4   0x00000004   Code   RO          662    .ARM.Collect$$rtentry$$0000000A  c_w.l(__rtentry2.o)
    0x080001c8   0x080001c8   0x00000000   Code   RO          664    .ARM.Collect$$rtentry$$0000000C  c_w.l(__rtentry2.o)
    0x080001c8   0x080001c8   0x00000008   Code   RO          665    .ARM.Collect$$rtentry$$0000000D  c_w.l(__rtentry2.o)
    0x080001d0   0x080001d0   0x00000002   Code   RO          694    .ARM.Collect$$rtexit$$00000000  c_w.l(rtexit.o)
    0x080001d2   0x080001d2   0x00000000   Code   RO          742    .ARM.Collect$$rtexit$$00000002  c_w.l(rtexit2.o)
    0x080001d2   0x080001d2   0x00000004   Code   RO          743    .ARM.Collect$$rtexit$$00000003  c_w.l(rtexit2.o)
    0x080001d6   0x080001d6   0x00000006   Code   RO          744    .ARM.Collect$$rtexit$$00000004  c_w.l(rtexit2.o)
    0x080001dc   0x080001dc   0x000001e0   Code   RO           17    .text               system_stm32f10x.o
    0x080003bc   0x080003bc   0x000000dc   Code   RO          114    .text               misc.o
    0x08000498   0x08000498   0x0000035c   Code   RO          149    .text               stm32f10x_gpio.o
    0x080007f4   0x080007f4   0x000003a4   Code   RO          161    .text               stm32f10x_rcc.o
    0x08000b98   0x08000b98   0x00000408   Code   RO          175    .text               stm32f10x_usart.o
    0x08000fa0   0x08000fa0   0x000005bc   Code   RO          223    .text               stm32f10x_flash.o
    0x0800155c   0x0800155c   0x00000404   Code   RO          235    .text               stm32f10x_i2c.o
    0x08001960   0x08001960   0x0000011c   Code   RO          247    .text               stm32f10x_exti.o
    0x08001a7c   0x08001a7c   0x00000e1a   Code   RO          259    .text               stm32f10x_tim.o
    0x08002896   0x08002896   0x00000002   PAD
    0x08002898   0x08002898   0x00000040   Code   RO          274    .text               startup_stm32f10x_md.o
    0x080028d8   0x080028d8   0x00000bf0   Code   RO          278    .text               main.o
    0x080034c8   0x080034c8   0x0000001a   Code   RO          342    .text               stm32f10x_it.o
    0x080034e2   0x080034e2   0x00000002   PAD
    0x080034e4   0x080034e4   0x000000ec   Code   RO          357    .text               delay.o
    0x080035d0   0x080035d0   0x00000070   Code   RO          375    .text               sys.o
    0x08003640   0x08003640   0x0000008c   Code   RO          393    .text               timer.o
    0x080036cc   0x080036cc   0x00000174   Code   RO          409    .text               usart2.o
    0x08003840   0x08003840   0x00000140   Code   RO          435    .text               usart.o
    0x08003980   0x08003980   0x0000010c   Code   RO          458    .text               nvic.o
    0x08003a8c   0x08003a8c   0x00000030   Code   RO          477    .text               flash.o
    0x08003abc   0x08003abc   0x0000041c   Code   RO          492    .text               oled_i2c.o
    0x08003ed8   0x08003ed8   0x00000074   Code   RO          512    .text               beep.o
    0x08003f4c   0x08003f4c   0x00000bf0   Code   RO          527    .text               as608.o
    0x08004b3c   0x08004b3c   0x0000002c   Code   RO          553    .text               led.o
    0x08004b68   0x08004b68   0x000000cc   Code   RO          568    .text               sg90.o
    0x08004c34   0x08004c34   0x00000002   Code   RO          585    .text               c_w.l(use_no_semi_2.o)
    0x08004c36   0x08004c36   0x00000002   PAD
    0x08004c38   0x08004c38   0x00000018   Code   RO          589    .text               c_w.l(noretval__2printf.o)
    0x08004c50   0x08004c50   0x00000068   Code   RO          591    .text               c_w.l(__printf.o)
    0x08004cb8   0x08004cb8   0x00000052   Code   RO          593    .text               c_w.l(_printf_str.o)
    0x08004d0a   0x08004d0a   0x00000002   PAD
    0x08004d0c   0x08004d0c   0x00000078   Code   RO          595    .text               c_w.l(_printf_dec.o)
    0x08004d84   0x08004d84   0x00000058   Code   RO          600    .text               c_w.l(_printf_hex_int.o)
    0x08004ddc   0x08004ddc   0x00000024   Code   RO          642    .text               c_w.l(strstr.o)
    0x08004e00   0x08004e00   0x00000006   Code   RO          644    .text               c_w.l(heapauxi.o)
    0x08004e06   0x08004e06   0x00000002   Code   RO          648    .text               c_w.l(use_no_semi.o)
    0x08004e08   0x08004e08   0x000000b2   Code   RO          651    .text               c_w.l(_printf_intcommon.o)
    0x08004eba   0x08004eba   0x0000002c   Code   RO          653    .text               c_w.l(_printf_char.o)
    0x08004ee6   0x08004ee6   0x00000002   PAD
    0x08004ee8   0x08004ee8   0x00000024   Code   RO          655    .text               c_w.l(_printf_char_file.o)
    0x08004f0c   0x08004f0c   0x00000030   Code   RO          673    .text               c_w.l(_printf_char_common.o)
    0x08004f3c   0x08004f3c   0x00000008   Code   RO          675    .text               c_w.l(ferror.o)
    0x08004f44   0x08004f44   0x0000004a   Code   RO          679    .text               c_w.l(sys_stackheap_outer.o)
    0x08004f8e   0x08004f8e   0x00000012   Code   RO          683    .text               c_w.l(exit.o)
    0x08004fa0   0x08004fa0   0x00000008   Code   RO          691    .text               c_w.l(libspace.o)
    0x08004fa8   0x08004fa8   0x00000818   Data   RO          493    .constdata          oled_i2c.o
    0x080057c0   0x080057c0   0x00000028   Data   RO          601    .constdata          c_w.l(_printf_hex_int.o)
    0x080057e8   0x080057e8   0x00000020   Data   RO          814    Region$$Table       anon$$obj.o


    Execution Region RW_IRAM1 (Exec base: 0x20000000, Load base: 0x08005808, Size: 0x00000f48, Max: 0x00005000, ABSOLUTE, COMPRESSED[0x000001c8])

    Exec Addr    Load Addr    Size         Type   Attr      Idx    E Section Name        Object

    0x20000000   COMPRESSED   0x00000014   Data   RW           18    .data               system_stm32f10x.o
    0x20000014   COMPRESSED   0x00000014   Data   RW          162    .data               stm32f10x_rcc.o
    0x20000028   COMPRESSED   0x00000022   Data   RW          280    .data               main.o
    0x2000004a   COMPRESSED   0x00000004   Data   RW          358    .data               delay.o
    0x2000004e   COMPRESSED   0x00000002   Data   RW          411    .data               usart2.o
    0x20000050   COMPRESSED   0x00000006   Data   RW          437    .data               usart.o
    0x20000056   COMPRESSED   0x000004a0   Data   RW          494    .data               oled_i2c.o
    0x200004f6   COMPRESSED   0x00000002   PAD
    0x200004f8   COMPRESSED   0x00000005   Data   RW          528    .data               as608.o
    0x200004fd   COMPRESSED   0x00000003   PAD
    0x20000500        -       0x00000320   Zero   RW          410    .bss                usart2.o
    0x20000820        -       0x000000c8   Zero   RW          436    .bss                usart.o
    0x200008e8        -       0x00000060   Zero   RW          692    .bss                c_w.l(libspace.o)
    0x20000948        -       0x00000200   Zero   RW          272    HEAP                startup_stm32f10x_md.o
    0x20000b48        -       0x00000400   Zero   RW          271    STACK               startup_stm32f10x_md.o


==============================================================================

Image component sizes


      Code (inc. data)   RO Data    RW Data    ZI Data      Debug   Object Name

      3056        720          0          5          0       9481   as608.o
       116          4          0          0          0        689   beep.o
         0          0          0          0          0       4580   core_cm3.o
       236         16          0          4          0       1195   delay.o
        48          0          0          0          0        742   flash.o
        44          6          0          0          0        451   led.o
      3056        758          0         34          0       5858   main.o
       220         22          0          0          0     207121   misc.o
       268          6          0          0          0        684   nvic.o
      1052         34       2072       1184          0       4017   oled_i2c.o
       204          8          0          0          0        830   sg90.o
        64         26        236          0       1536        772   startup_stm32f10x_md.o
       284         10          0          0          0       2135   stm32f10x_exti.o
      1468         34          0          0          0       8082   stm32f10x_flash.o
       860         38          0          0          0       5613   stm32f10x_gpio.o
      1028         16          0          0          0       9099   stm32f10x_i2c.o
        26          0          0          0          0       1178   stm32f10x_it.o
       932         36          0         20          0       8748   stm32f10x_rcc.o
      3610         88          0          0          0      22720   stm32f10x_tim.o
      1032         22          0          0          0       8332   stm32f10x_usart.o
       112          0          0          0          0        845   sys.o
       480         38          0         20          0      59203   system_stm32f10x.o
       140          8          0          0          0        760   timer.o
       320         16          0          6        200       3114   usart.o
       372         28          0          2        800       2088   usart2.o

    ----------------------------------------------------------------------
     19032       1934       2340       1280       2536     368337   Object Totals
         0          0         32          0          0          0   (incl. Generated)
         4          0          0          5          0          0   (incl. Padding)

    ----------------------------------------------------------------------

      Code (inc. data)   RO Data    RW Data    ZI Data      Debug   Library Member Name

        90          0          0          0          0          0   __dczerorl2.o
         8          0          0          0          0         68   __main.o
       104          0          0          0          0         84   __printf.o
         0          0          0          0          0          0   __rtentry.o
        12          0          0          0          0          0   __rtentry2.o
         6          0          0          0          0          0   __rtentry4.o
        52          8          0          0          0          0   __scatter.o
        28          0          0          0          0          0   __scatter_zi.o
        44          0          0          0          0        108   _printf_char.o
        48          6          0          0          0         96   _printf_char_common.o
        36          4          0          0          0         80   _printf_char_file.o
         6          0          0          0          0          0   _printf_d.o
       120         16          0          0          0         92   _printf_dec.o
        88          4         40          0          0         88   _printf_hex_int.o
       178          0          0          0          0         88   _printf_intcommon.o
         0          0          0          0          0          0   _printf_percent.o
         4          0          0          0          0          0   _printf_percent_end.o
         6          0          0          0          0          0   _printf_s.o
        82          0          0          0          0         80   _printf_str.o
         6          0          0          0          0          0   _printf_x.o
        18          0          0          0          0         80   exit.o
         8          0          0          0          0         68   ferror.o
         6          0          0          0          0        152   heapauxi.o
         2          0          0          0          0          0   libinit.o
         2          0          0          0          0          0   libinit2.o
         2          0          0          0          0          0   libshutdown.o
         2          0          0          0          0          0   libshutdown2.o
         8          4          0          0         96         68   libspace.o
        24          4          0          0          0         84   noretval__2printf.o
         2          0          0          0          0          0   rtexit.o
        10          0          0          0          0          0   rtexit2.o
        36          0          0          0          0         80   strstr.o
        74          0          0          0          0         80   sys_stackheap_outer.o
         2          0          0          0          0         68   use_no_semi.o
         2          0          0          0          0         68   use_no_semi_2.o

    ----------------------------------------------------------------------
      1124         46         40          0         96       1532   Library Totals
         8          0          0          0          0          0   (incl. Padding)

    ----------------------------------------------------------------------

      Code (inc. data)   RO Data    RW Data    ZI Data      Debug   Library Name

      1116         46         40          0         96       1532   c_w.l

    ----------------------------------------------------------------------
      1124         46         40          0         96       1532   Library Totals

    ----------------------------------------------------------------------

==============================================================================


      Code (inc. data)   RO Data    RW Data    ZI Data      Debug   

     20156       1980       2380       1280       2632     367109   Grand Totals
     20156       1980       2380        456       2632     367109   ELF Image Totals (compressed)
     20156       1980       2380        456          0          0   ROM Totals

==============================================================================

    Total RO  Size (Code + RO Data)                22536 (  22.01kB)
    Total RW  Size (RW Data + ZI Data)              3912 (   3.82kB)
    Total ROM Size (Code + RO Data + RW Data)      22992 (  22.45kB)

==============================================================================

